Archive member included to satisfy reference by file (symbol)

a:/mounriver_studio/toolchain/risc-v embedded gcc/bin/../lib/gcc/riscv-none-embed/8.2.0/rv32imacxw/ilp32\libgcc.a(save-restore.o)
                              ./BSP/MFRC522.o (__riscv_save_8)
a:/mounriver_studio/toolchain/risc-v embedded gcc/bin/../lib/gcc/riscv-none-embed/8.2.0/../../../../riscv-none-embed/lib/rv32imacxw/ilp32\libg_nano.a(lib_a-malloc.o)
                              ./BSP/ringbuffer.o (malloc)
a:/mounriver_studio/toolchain/risc-v embedded gcc/bin/../lib/gcc/riscv-none-embed/8.2.0/../../../../riscv-none-embed/lib/rv32imacxw/ilp32\libg_nano.a(lib_a-memcpy.o)
                              ./BSP/MFRC522.o (memcpy)
a:/mounriver_studio/toolchain/risc-v embedded gcc/bin/../lib/gcc/riscv-none-embed/8.2.0/../../../../riscv-none-embed/lib/rv32imacxw/ilp32\libg_nano.a(lib_a-memset.o)
                              ./BSP/MFRC522.o (memset)
a:/mounriver_studio/toolchain/risc-v embedded gcc/bin/../lib/gcc/riscv-none-embed/8.2.0/../../../../riscv-none-embed/lib/rv32imacxw/ilp32\libg_nano.a(lib_a-nano-freer.o)
                              a:/mounriver_studio/toolchain/risc-v embedded gcc/bin/../lib/gcc/riscv-none-embed/8.2.0/../../../../riscv-none-embed/lib/rv32imacxw/ilp32\libg_nano.a(lib_a-malloc.o) (_free_r)
a:/mounriver_studio/toolchain/risc-v embedded gcc/bin/../lib/gcc/riscv-none-embed/8.2.0/../../../../riscv-none-embed/lib/rv32imacxw/ilp32\libg_nano.a(lib_a-nano-mallocr.o)
                              a:/mounriver_studio/toolchain/risc-v embedded gcc/bin/../lib/gcc/riscv-none-embed/8.2.0/../../../../riscv-none-embed/lib/rv32imacxw/ilp32\libg_nano.a(lib_a-malloc.o) (_malloc_r)
a:/mounriver_studio/toolchain/risc-v embedded gcc/bin/../lib/gcc/riscv-none-embed/8.2.0/../../../../riscv-none-embed/lib/rv32imacxw/ilp32\libg_nano.a(lib_a-printf.o)
                              ./User/main.o (printf)
a:/mounriver_studio/toolchain/risc-v embedded gcc/bin/../lib/gcc/riscv-none-embed/8.2.0/../../../../riscv-none-embed/lib/rv32imacxw/ilp32\libg_nano.a(lib_a-puts.o)
                              ./User/main.o (puts)
a:/mounriver_studio/toolchain/risc-v embedded gcc/bin/../lib/gcc/riscv-none-embed/8.2.0/../../../../riscv-none-embed/lib/rv32imacxw/ilp32\libg_nano.a(lib_a-sbrkr.o)
                              a:/mounriver_studio/toolchain/risc-v embedded gcc/bin/../lib/gcc/riscv-none-embed/8.2.0/../../../../riscv-none-embed/lib/rv32imacxw/ilp32\libg_nano.a(lib_a-nano-mallocr.o) (_sbrk_r)
a:/mounriver_studio/toolchain/risc-v embedded gcc/bin/../lib/gcc/riscv-none-embed/8.2.0/../../../../riscv-none-embed/lib/rv32imacxw/ilp32\libg_nano.a(lib_a-strcmp.o)
                              ./BSP/MFRC522.o (strcmp)
a:/mounriver_studio/toolchain/risc-v embedded gcc/bin/../lib/gcc/riscv-none-embed/8.2.0/../../../../riscv-none-embed/lib/rv32imacxw/ilp32\libg_nano.a(lib_a-strlen.o)
                              ./BSP/usart.o (strlen)
a:/mounriver_studio/toolchain/risc-v embedded gcc/bin/../lib/gcc/riscv-none-embed/8.2.0/../../../../riscv-none-embed/lib/rv32imacxw/ilp32\libg_nano.a(lib_a-vsnprintf.o)
                              ./BSP/usart.o (vsnprintf)
a:/mounriver_studio/toolchain/risc-v embedded gcc/bin/../lib/gcc/riscv-none-embed/8.2.0/../../../../riscv-none-embed/lib/rv32imacxw/ilp32\libg_nano.a(lib_a-wbuf.o)
                              a:/mounriver_studio/toolchain/risc-v embedded gcc/bin/../lib/gcc/riscv-none-embed/8.2.0/../../../../riscv-none-embed/lib/rv32imacxw/ilp32\libg_nano.a(lib_a-puts.o) (__swbuf_r)
a:/mounriver_studio/toolchain/risc-v embedded gcc/bin/../lib/gcc/riscv-none-embed/8.2.0/../../../../riscv-none-embed/lib/rv32imacxw/ilp32\libg_nano.a(lib_a-wsetup.o)
                              a:/mounriver_studio/toolchain/risc-v embedded gcc/bin/../lib/gcc/riscv-none-embed/8.2.0/../../../../riscv-none-embed/lib/rv32imacxw/ilp32\libg_nano.a(lib_a-puts.o) (__swsetup_r)
a:/mounriver_studio/toolchain/risc-v embedded gcc/bin/../lib/gcc/riscv-none-embed/8.2.0/../../../../riscv-none-embed/lib/rv32imacxw/ilp32\libg_nano.a(lib_a-fflush.o)
                              a:/mounriver_studio/toolchain/risc-v embedded gcc/bin/../lib/gcc/riscv-none-embed/8.2.0/../../../../riscv-none-embed/lib/rv32imacxw/ilp32\libg_nano.a(lib_a-wbuf.o) (_fflush_r)
a:/mounriver_studio/toolchain/risc-v embedded gcc/bin/../lib/gcc/riscv-none-embed/8.2.0/../../../../riscv-none-embed/lib/rv32imacxw/ilp32\libg_nano.a(lib_a-findfp.o)
                              a:/mounriver_studio/toolchain/risc-v embedded gcc/bin/../lib/gcc/riscv-none-embed/8.2.0/../../../../riscv-none-embed/lib/rv32imacxw/ilp32\libg_nano.a(lib_a-printf.o) (__sinit)
a:/mounriver_studio/toolchain/risc-v embedded gcc/bin/../lib/gcc/riscv-none-embed/8.2.0/../../../../riscv-none-embed/lib/rv32imacxw/ilp32\libg_nano.a(lib_a-fwalk.o)
[...]
Memory Configuration

Name             Origin             Length             Attributes
FLASH            0x0000000000000000 0x0000000000048000 xr
RAM              0x0000000020000000 0x0000000000008000 xrw
*default*        0x0000000000000000 0xffffffffffffffff

Linker script and memory map

LOAD ./User/ch32v30x_it.o
LOAD ./User/main.o
LOAD ./User/system_ch32v30x.o
LOAD ./Startup/startup_ch32v30x_D8C.o
LOAD ./Peripheral/src/ch32v30x_adc.o
LOAD ./Peripheral/src/ch32v30x_bkp.o
LOAD ./Peripheral/src/ch32v30x_can.o
LOAD ./Peripheral/src/ch32v30x_crc.o
LOAD ./Peripheral/src/ch32v30x_dac.o
LOAD ./Peripheral/src/ch32v30x_dbgmcu.o
LOAD ./Peripheral/src/ch32v30x_dma.o
LOAD ./Peripheral/src/ch32v30x_dvp.o
LOAD ./Peripheral/src/ch32v30x_eth.o
LOAD ./Peripheral/src/ch32v30x_exti.o
LOAD ./Peripheral/src/ch32v30x_flash.o
LOAD ./Peripheral/src/ch32v30x_fsmc.o
LOAD ./Peripheral/src/ch32v30x_gpio.o
LOAD ./Peripheral/src/ch32v30x_i2c.o
LOAD ./Peripheral/src/ch32v30x_iwdg.o
LOAD ./Peripheral/src/ch32v30x_misc.o
LOAD ./Peripheral/src/ch32v30x_opa.o
LOAD ./Peripheral/src/ch32v30x_pwr.o
LOAD ./Peripheral/src/ch32v30x_rcc.o
LOAD ./Peripheral/src/ch32v30x_rng.o
LOAD ./Peripheral/src/ch32v30x_rtc.o
LOAD ./Peripheral/src/ch32v30x_sdio.o
LOAD ./Peripheral/src/ch32v30x_spi.o
LOAD ./Peripheral/src/ch32v30x_tim.o
LOAD ./Peripheral/src/ch32v30x_usart.o
LOAD ./Peripheral/src/ch32v30x_wwdg.o
LOAD ./Debug/debug.o
LOAD ./Core/core_riscv.o
LOAD ./BSP/MFRC522.o
LOAD ./BSP/ringbuffer.o
LOAD ./BSP/schedule.o
LOAD ./BSP/tim.o
LOAD ./BSP/usart.o
LOAD a:/mounriver_studio/toolchain/risc-v embedded gcc/bin/../lib/gcc/riscv-none-embed/8.2.0/../../../../riscv-none-embed/lib/rv32imacxw/ilp32\libm.a
LOAD a:/mounriver_studio/toolchain/risc-v embedded gcc/bin/../lib/gcc/riscv-none-embed/8.2.0/rv32imacxw/ilp32\libgcc.a
LOAD a:/mounriver_studio/toolchain/risc-v embedded gcc/bin/../lib/gcc/riscv-none-embed/8.2.0/../../../../riscv-none-embed/lib/rv32imacxw/ilp32\libg_nano.a
LOAD a:/mounriver_studio/toolchain/risc-v embedded gcc/bin/../lib/gcc/riscv-none-embed/8.2.0/../../../../riscv-none-embed/lib/rv32imacxw/ilp32\libc_nano.a
LOAD a:/mounriver_studio/toolchain/risc-v embedded gcc/bin/../lib/gcc/riscv-none-embed/8.2.0/rv32imacxw/ilp32\libgcc.a
START GROUP
LOAD a:/mounriver_studio/toolchain/risc-v embedded gcc/bin/../lib/gcc/riscv-none-embed/8.2.0/rv32imacxw/ilp32\libgcc.a
LOAD a:/mounriver_studio/toolchain/risc-v embedded gcc/bin/../lib/gcc/riscv-none-embed/8.2.0/../../../../riscv-none-embed/lib/rv32imacxw/ilp32\libc_nano.a
LOAD a:/mounriver_studio/toolchain/risc-v embedded gcc/bin/../lib/gcc/riscv-none-embed/8.2.0/../../../../riscv-none-embed/lib/rv32imacxw/ilp32\libnosys.a
END GROUP
START GROUP
LOAD a:/mounriver_studio/toolchain/risc-v embedded gcc/bin/../lib/gcc/riscv-none-embed/8.2.0/rv32imacxw/ilp32\libgcc.a
LOAD a:/mounriver_studio/toolchain/risc-v embedded gcc/bin/../lib/gcc/riscv-none-embed/8.2.0/../../../../riscv-none-embed/lib/rv32imacxw/ilp32\libc_nano.a
LOAD a:/mounriver_studio/toolchain/risc-v embedded gcc/bin/../lib/gcc/riscv-none-embed/8.2.0/../../../../riscv-none-embed/lib/rv32imacxw/ilp32\libnosys.a
END GROUP
                0x0000000000000800                __stack_size = 0x800
                [!provide]                        PROVIDE (_stack_size = __stack_size)

.init           0x0000000000000000        0x4
                0x0000000000000000                _sinit = .
                0x0000000000000000                . = ALIGN (0x4)
 *(SORT_NONE(.init))
 .init          0x0000000000000000        0x4 ./Startup/startup_ch32v30x_D8C.o
                0x0000000000000000                _start
                0x0000000000000004                . = ALIGN (0x4)
                0x0000000000000004                _einit = .

.vector         0x0000000000000004      0x1bc
 *(.vector)
 .vector        0x0000000000000004      0x1a0 ./Startup/startup_ch32v30x_D8C.o
                0x00000000000001c0                . = ALIGN (0x40)
 *fill*         0x00000000000001a4       0x1c 

.text           0x00000000000001c0     0x3078
                0x00000000000001c0                . = ALIGN (0x4)
 *(.text)
 .text          0x00000000000001c0       0x60 a:/mounriver_studio/toolchain/risc-v embedded gcc/bin/../lib/gcc/riscv-none-embed/8.2.0/rv32imacxw/ilp32\libgcc.a(save-restore.o)
                0x00000000000001c0                __riscv_save_12
                0x00000000000001c8                __riscv_save_9
                0x00000000000001c8                __riscv_save_11
                0x00000000000001c8                __riscv_save_10
                0x00000000000001c8                __riscv_save_8
                0x00000000000001d6                __riscv_save_4
                0x00000000000001d6                __riscv_save_6
                0x00000000000001d6                __riscv_save_5
                0x00000000000001d6                __riscv_save_7
                0x00000000000001f0                __riscv_save_3
                0x00000000000001f0                __riscv_save_2
                0x00000000000001f0                __riscv_save_1
                0x00000000000001f0                __riscv_save_0
                0x00000000000001fc                __riscv_restore_12
                0x0000000000000200                __riscv_restore_11
                0x0000000000000200                __riscv_restore_9
                0x0000000000000200                __riscv_restore_10
                0x0000000000000200                __riscv_restore_8
                0x000000000000020a                __riscv_restore_5
                0x000000000000020a                __riscv_restore_7
                0x000000000000020a                __riscv_restore_6
                0x000000000000020a                __riscv_restore_4
                0x0000000000000214                __riscv_restore_3
                0x0000000000000214                __riscv_restore_0
                0x0000000000000214                __riscv_restore_2
                0x0000000000000214                __riscv_restore_1
 .text          0x0000000000000220       0xa8 a:/mounriver_studio/toolchain/risc-v embedded gcc/bin/../lib/gcc/riscv-none-embed/8.2.0/../../../../riscv-none-embed/lib/rv32imacxw/ilp32\libg_nano.a(lib_a-memset.o)
                0x0000000000000220                memset
 .text          0x00000000000002c8      0x11a a:/mounriver_studio/toolchain/risc-v embedded gcc/bin/../lib/gcc/riscv-none-embed/8.2.0/../../../../riscv-none-embed/lib/rv32imacxw/ilp32\libg_nano.a(lib_a-strcmp.o)
                0x00000000000002c8                strcmp
 *(.text.*)
 .text.NMI_Handler
                0x00000000000003e2        0x2 ./User/ch32v30x_it.o
                0x00000000000003e2                NMI_Handler
 .text.HardFault_Handler
                0x00000000000003e4       0x10 ./User/ch32v30x_it.o
                0x00000000000003e4                HardFault_Handler
 .text.startup.main
                0x00000000000003f4       0x62 ./User/main.o
                0x00000000000003f4                main
 .text.SystemInit
                0x0000000000000456       0xfa ./User/system_ch32v30x.o
                0x0000000000000456                SystemInit
 .text.SystemCoreClockUpdate
                0x0000000000000550      0x12e ./User/system_ch32v30x.o
                0x0000000000000550                SystemCoreClockUpdate
 .text.vector_handler
                0x000000000000067e        0x2 ./Startup/startup_ch32v30x_D8C.o
                0x000000000000067e                EXTI2_IRQHandler
                0x000000000000067e                TIM8_TRG_COM_IRQHandler
                0x000000000000067e                TIM8_CC_IRQHandler
                0x000000000000067e                UART8_IRQHandler
                0x000000000000067e                TIM1_CC_IRQHandler
                0x000000000000067e                TIM6_IRQHandler
                0x000000000000067e                SysTick_Handler
                0x000000000000067e                PVD_IRQHandler
                0x000000000000067e                SDIO_IRQHandler
                0x000000000000067e                TIM9_BRK_IRQHandler
                0x000000000000067e                DMA2_Channel8_IRQHandler
                0x000000000000067e                CAN2_RX1_IRQHandler
                0x000000000000067e                EXTI3_IRQHandler
                0x000000000000067e                USBHS_IRQHandler
                0x000000000000067e                DMA2_Channel9_IRQHandler
                0x000000000000067e                TIM10_CC_IRQHandler
                0x000000000000067e                USBFS_IRQHandler
                0x000000000000067e                EXTI0_IRQHandler
                0x000000000000067e                I2C2_EV_IRQHandler
                0x000000000000067e                TIM10_TRG_COM_IRQHandler
                0x000000000000067e                CAN2_SCE_IRQHandler
                0x000000000000067e                ADC1_2_IRQHandler
                0x000000000000067e                Break_Point_Handler
                0x000000000000067e                SPI1_IRQHandler
                0x000000000000067e                TAMPER_IRQHandler
                0x000000000000067e                CAN2_RX0_IRQHandler
                0x000000000000067e                TIM8_UP_IRQHandler
                0x000000000000067e                Ecall_M_Mode_Handler
                0x000000000000067e                DMA2_Channel2_IRQHandler
                0x000000000000067e                DMA1_Channel4_IRQHandler
                0x000000000000067e                TIM9_UP_IRQHandler
                0x000000000000067e                USART3_IRQHandler
                0x000000000000067e                RTC_IRQHandler
                0x000000000000067e                DMA1_Channel7_IRQHandler
                0x000000000000067e                CAN1_RX1_IRQHandler
                0x000000000000067e                DVP_IRQHandler
                0x000000000000067e                UART5_IRQHandler
                0x000000000000067e                TIM4_IRQHandler
                0x000000000000067e                DMA2_Channel1_IRQHandler
                0x000000000000067e                I2C1_EV_IRQHandler
                0x000000000000067e                DMA1_Channel6_IRQHandler
                0x000000000000067e                UART4_IRQHandler
                0x000000000000067e                DMA2_Channel4_IRQHandler
                0x000000000000067e                TIM3_IRQHandler
                0x000000000000067e                RCC_IRQHandler
                0x000000000000067e                TIM1_TRG_COM_IRQHandler
                0x000000000000067e                DMA1_Channel1_IRQHandler
                0x000000000000067e                DMA2_Channel7_IRQHandler
                0x000000000000067e                EXTI15_10_IRQHandler
                0x000000000000067e                TIM7_IRQHandler
                0x000000000000067e                CAN2_TX_IRQHandler
                0x000000000000067e                TIM5_IRQHandler
                0x000000000000067e                EXTI9_5_IRQHandler
                0x000000000000067e                ETH_WKUP_IRQHandler
                0x000000000000067e                SPI2_IRQHandler
                0x000000000000067e                TIM10_BRK_IRQHandler
                0x000000000000067e                TIM9_CC_IRQHandler
                0x000000000000067e                DMA2_Channel5_IRQHandler
                0x000000000000067e                DMA1_Channel5_IRQHandler
                0x000000000000067e                EXTI4_IRQHandler
                0x000000000000067e                USB_LP_CAN1_RX0_IRQHandler
                0x000000000000067e                RNG_IRQHandler
                0x000000000000067e                USB_HP_CAN1_TX_IRQHandler
                0x000000000000067e                DMA1_Channel3_IRQHandler
                0x000000000000067e                ETH_IRQHandler
                0x000000000000067e                TIM1_UP_IRQHandler
                0x000000000000067e                WWDG_IRQHandler
                0x000000000000067e                USBHSWakeup_IRQHandler
                0x000000000000067e                DMA2_Channel11_IRQHandler
                0x000000000000067e                Ecall_U_Mode_Handler
                0x000000000000067e                DMA2_Channel6_IRQHandler
                0x000000000000067e                SW_Handler
                0x000000000000067e                TIM1_BRK_IRQHandler
                0x000000000000067e                DMA2_Channel10_IRQHandler
                0x000000000000067e                EXTI1_IRQHandler
                0x000000000000067e                RTCAlarm_IRQHandler
                0x000000000000067e                TIM10_UP_IRQHandler
                0x000000000000067e                TIM9_TRG_COM_IRQHandler
                0x000000000000067e                UART7_IRQHandler
                0x000000000000067e                UART6_IRQHandler
                0x000000000000067e                I2C2_ER_IRQHandler
                0x000000000000067e                DMA1_Channel2_IRQHandler
                0x000000000000067e                TIM8_BRK_IRQHandler
                0x000000000000067e                CAN1_SCE_IRQHandler
                0x000000000000067e                FLASH_IRQHandler
                0x000000000000067e                USART1_IRQHandler
                0x000000000000067e                SPI3_IRQHandler
                0x000000000000067e                I2C1_ER_IRQHandler
                0x000000000000067e                USBWakeUp_IRQHandler
                0x000000000000067e                DMA2_Channel3_IRQHandler
 .text.handle_reset
                0x0000000000000680       0x8a ./Startup/startup_ch32v30x_D8C.o
                0x0000000000000680                handle_reset
 .text.DBGMCU_GetCHIPID
                0x000000000000070a        0xa ./Peripheral/src/ch32v30x_dbgmcu.o
                0x000000000000070a                DBGMCU_GetCHIPID
 .text.DMA_DeInit
                0x0000000000000714      0x16c ./Peripheral/src/ch32v30x_dma.o
                0x0000000000000714                DMA_DeInit
 .text.DMA_Init
                0x0000000000000880       0x38 ./Peripheral/src/ch32v30x_dma.o
                0x0000000000000880                DMA_Init
 .text.DMA_Cmd  0x00000000000008b8       0x14 ./Peripheral/src/ch32v30x_dma.o
                0x00000000000008b8                DMA_Cmd
 .text.DMA_GetCurrDataCounter
                0x00000000000008cc        0x8 ./Peripheral/src/ch32v30x_dma.o
                0x00000000000008cc                DMA_GetCurrDataCounter
 .text.DMA_GetFlagStatus
                0x00000000000008d4       0x32 ./Peripheral/src/ch32v30x_dma.o
                0x00000000000008d4                DMA_GetFlagStatus
 .text.GPIO_Init
                0x0000000000000906       0xc0 ./Peripheral/src/ch32v30x_gpio.o
                0x0000000000000906                GPIO_Init
 .text.GPIO_SetBits
                0x00000000000009c6        0x4 ./Peripheral/src/ch32v30x_gpio.o
                0x00000000000009c6                GPIO_SetBits
 .text.GPIO_ResetBits
                0x00000000000009ca        0x4 ./Peripheral/src/ch32v30x_gpio.o
                0x00000000000009ca                GPIO_ResetBits
 .text.NVIC_PriorityGroupConfig
                0x00000000000009ce        0x6 ./Peripheral/src/ch32v30x_misc.o
                0x00000000000009ce                NVIC_PriorityGroupConfig
 .text.NVIC_Init
                0x00000000000009d4       0x5c ./Peripheral/src/ch32v30x_misc.o
                0x00000000000009d4                NVIC_Init
 .text.RCC_GetClocksFreq
                0x0000000000000a30      0x176 ./Peripheral/src/ch32v30x_rcc.o
                0x0000000000000a30                RCC_GetClocksFreq
 .text.RCC_AHBPeriphClockCmd
                0x0000000000000ba6       0x1e ./Peripheral/src/ch32v30x_rcc.o
                0x0000000000000ba6                RCC_AHBPeriphClockCmd
 .text.RCC_APB2PeriphClockCmd
                0x0000000000000bc4       0x1e ./Peripheral/src/ch32v30x_rcc.o
                0x0000000000000bc4                RCC_APB2PeriphClockCmd
 .text.RCC_APB1PeriphClockCmd
                0x0000000000000be2       0x1e ./Peripheral/src/ch32v30x_rcc.o
                0x0000000000000be2                RCC_APB1PeriphClockCmd
 .text.SPI_Init
                0x0000000000000c00       0x3e ./Peripheral/src/ch32v30x_spi.o
                0x0000000000000c00                SPI_Init
 .text.SPI_Cmd  0x0000000000000c3e       0x1a ./Peripheral/src/ch32v30x_spi.o
                0x0000000000000c3e                SPI_Cmd
 .text.SPI_I2S_SendData
                0x0000000000000c58        0x4 ./Peripheral/src/ch32v30x_spi.o
                0x0000000000000c58                SPI_I2S_SendData
 .text.SPI_I2S_ReceiveData
                0x0000000000000c5c        0x4 ./Peripheral/src/ch32v30x_spi.o
                0x0000000000000c5c                SPI_I2S_ReceiveData
 .text.SPI_I2S_GetFlagStatus
                0x0000000000000c60        0xa ./Peripheral/src/ch32v30x_spi.o
                0x0000000000000c60                SPI_I2S_GetFlagStatus
 .text.TIM_TimeBaseInit
                0x0000000000000c6a       0xaa ./Peripheral/src/ch32v30x_tim.o
                0x0000000000000c6a                TIM_TimeBaseInit
 .text.TIM_Cmd  0x0000000000000d14       0x18 ./Peripheral/src/ch32v30x_tim.o
                0x0000000000000d14                TIM_Cmd
 .text.TIM_ITConfig
                0x0000000000000d2c       0x12 ./Peripheral/src/ch32v30x_tim.o
                0x0000000000000d2c                TIM_ITConfig
 .text.TIM_InternalClockConfig
                0x0000000000000d3e       0x10 ./Peripheral/src/ch32v30x_tim.o
                0x0000000000000d3e                TIM_InternalClockConfig
 .text.TIM_GetFlagStatus
                0x0000000000000d4e        0xa ./Peripheral/src/ch32v30x_tim.o
                0x0000000000000d4e                TIM_GetFlagStatus
 .text.TIM_ClearFlag
                0x0000000000000d58        0xc ./Peripheral/src/ch32v30x_tim.o
                0x0000000000000d58                TIM_ClearFlag
 .text.TIM_ClearITPendingBit
                0x0000000000000d64        0xc ./Peripheral/src/ch32v30x_tim.o
                0x0000000000000d64                TIM_ClearITPendingBit
 .text.USART_Init
                0x0000000000000d70       0x8e ./Peripheral/src/ch32v30x_usart.o
                0x0000000000000d70                USART_Init
 .text.USART_Cmd
                0x0000000000000dfe       0x16 ./Peripheral/src/ch32v30x_usart.o
                0x0000000000000dfe                USART_Cmd
 .text.USART_ITConfig
                0x0000000000000e14       0x36 ./Peripheral/src/ch32v30x_usart.o
                0x0000000000000e14                USART_ITConfig
 .text.USART_DMACmd
                0x0000000000000e4a       0x12 ./Peripheral/src/ch32v30x_usart.o
                0x0000000000000e4a                USART_DMACmd
 .text.USART_SendData
                0x0000000000000e5c        0x8 ./Peripheral/src/ch32v30x_usart.o
                0x0000000000000e5c                USART_SendData
 .text.USART_GetFlagStatus
                0x0000000000000e64        0xa ./Peripheral/src/ch32v30x_usart.o
                0x0000000000000e64                USART_GetFlagStatus
 .text.USART_GetITStatus
                0x0000000000000e6e       0x3c ./Peripheral/src/ch32v30x_usart.o
                0x0000000000000e6e                USART_GetITStatus
 .text.USART_ClearITPendingBit
                0x0000000000000eaa       0x14 ./Peripheral/src/ch32v30x_usart.o
                0x0000000000000eaa                USART_ClearITPendingBit
 .text.Delay_Init
                0x0000000000000ebe       0x2a ./Debug/debug.o
                0x0000000000000ebe                Delay_Init
 .text.Delay_Us
                0x0000000000000ee8       0x36 ./Debug/debug.o
                0x0000000000000ee8                Delay_Us
 .text.USART_Printf_Init
                0x0000000000000f1e       0x52 ./Debug/debug.o
                0x0000000000000f1e                USART_Printf_Init
 .text._write   0x0000000000000f70       0x3a ./Debug/debug.o
                0x0000000000000f70                _write
 .text._sbrk    0x0000000000000faa       0x26 ./Debug/debug.o
                0x0000000000000faa                _sbrk
 .text.MFRC522_Init
                0x0000000000000fd0       0x8a ./BSP/MFRC522.o
                0x0000000000000fd0                MFRC522_Init
 .text.Read_MFRC522
                0x000000000000105a       0x76 ./BSP/MFRC522.o
                0x000000000000105a                Read_MFRC522
 .text.Write_MFRC522
                0x00000000000010d0       0x72 ./BSP/MFRC522.o
                0x00000000000010d0                Write_MFRC522
 .text.MFRC522_Reset
                0x0000000000001142       0x80 ./BSP/MFRC522.o
                0x0000000000001142                MFRC522_Reset
 .text.SetBitMask
                0x00000000000011c2       0x1e ./BSP/MFRC522.o
                0x00000000000011c2                SetBitMask
 .text.ClearBitMask
                0x00000000000011e0       0x22 ./BSP/MFRC522.o
                0x00000000000011e0                ClearBitMask
 .text.MFRC522_ToCard
                0x0000000000001202      0x116 ./BSP/MFRC522.o
                0x0000000000001202                MFRC522_ToCard
 .text.MFRC522_AntennaOn
                0x0000000000001318       0x16 ./BSP/MFRC522.o
                0x0000000000001318                MFRC522_AntennaOn
 .text.MFRC522_AntennaOff
                0x000000000000132e        0xe ./BSP/MFRC522.o
                0x000000000000132e                MFRC522_AntennaOff
 .text.CalulateCRC
                0x000000000000133c       0x60 ./BSP/MFRC522.o
                0x000000000000133c                CalulateCRC
 .text.MFRC522_Halt
                0x000000000000139c       0x2c ./BSP/MFRC522.o
                0x000000000000139c                MFRC522_Halt
 .text.MFRC522_Request
                0x00000000000013c8       0x4e ./BSP/MFRC522.o
                0x00000000000013c8                MFRC522_Request
 .text.MFRC522_Anticoll
                0x0000000000001416       0x70 ./BSP/MFRC522.o
                0x0000000000001416                MFRC522_Anticoll
 .text.MFRC522_find_card
                0x0000000000001486       0x40 ./BSP/MFRC522.o
                0x0000000000001486                MFRC522_find_card
 .text.MFRC522_add_card
                0x00000000000014c6       0x64 ./BSP/MFRC522.o
                0x00000000000014c6                MFRC522_add_card
 .text.uchar_to_uint
                0x000000000000152a       0x18 ./BSP/MFRC522.o
                0x000000000000152a                uchar_to_uint
 .text.MFRC522_Proc
                0x0000000000001542       0x7e ./BSP/MFRC522.o
                0x0000000000001542                MFRC522_Proc
 .text.ringbuffer_init
                0x00000000000015c0       0x2c ./BSP/ringbuffer.o
                0x00000000000015c0                ringbuffer_init
 .text.ringbuffer_write
                0x00000000000015ec       0x36 ./BSP/ringbuffer.o
                0x00000000000015ec                ringbuffer_write
 .text.ringbuffer_read
                0x0000000000001622       0x32 ./BSP/ringbuffer.o
                0x0000000000001622                ringbuffer_read
 .text.schedule_init
                0x0000000000001654        0x8 ./BSP/schedule.o
                0x0000000000001654                schedule_init
 .text.schedule_proc
                0x000000000000165c       0x48 ./BSP/schedule.o
                0x000000000000165c                schedule_proc
 .text.TIM2_GetTick
                0x00000000000016a4        0x6 ./BSP/tim.o
                0x00000000000016a4                TIM2_GetTick
 .text.TIM2_init
                0x00000000000016aa       0x6a ./BSP/tim.o
                0x00000000000016aa                TIM2_init
 .text.TIM2_IRQHandler
                0x0000000000001714       0x32 ./BSP/tim.o
                0x0000000000001714                TIM2_IRQHandler
 .text.USART2_DMAConfig
                0x0000000000001746      0x178 ./BSP/usart.o
                0x0000000000001746                USART2_DMAConfig
 .text.USART2_Init
                0x00000000000018be       0x14 ./BSP/usart.o
                0x00000000000018be                USART2_Init
 .text.USART2_DMA_SendBuff
                0x00000000000018d2       0x50 ./BSP/usart.o
                0x00000000000018d2                USART2_DMA_SendBuff
 .text.uart2_printf
                0x0000000000001922       0x50 ./BSP/usart.o
                0x0000000000001922                uart2_printf
 .text.USART2_IRQHandler
                0x0000000000001972       0x8a ./BSP/usart.o
                0x0000000000001972                USART2_IRQHandler
 .text.uart_proc
                0x00000000000019fc       0x46 ./BSP/usart.o
                0x00000000000019fc                uart_proc
 .text.malloc   0x0000000000001a42        0xa a:/mounriver_studio/toolchain/risc-v embedded gcc/bin/../lib/gcc/riscv-none-embed/8.2.0/../../../../riscv-none-embed/lib/rv32imacxw/ilp32\libg_nano.a(lib_a-malloc.o)
                0x0000000000001a42                malloc
 .text.memcpy   0x0000000000001a4c       0xb2 a:/mounriver_studio/toolchain/risc-v embedded gcc/bin/../lib/gcc/riscv-none-embed/8.2.0/../../../../riscv-none-embed/lib/rv32imacxw/ilp32\libg_nano.a(lib_a-memcpy.o)
                0x0000000000001a4c                memcpy
 .text._free_r  0x0000000000001afe       0xa8 a:/mounriver_studio/toolchain/risc-v embedded gcc/bin/../lib/gcc/riscv-none-embed/8.2.0/../../../../riscv-none-embed/lib/rv32imacxw/ilp32\libg_nano.a(lib_a-nano-freer.o)
                0x0000000000001afe                _free_r
 .text._malloc_r
                0x0000000000001ba6       0xd4 a:/mounriver_studio/toolchain/risc-v embedded gcc/bin/../lib/gcc/riscv-none-embed/8.2.0/../../../../riscv-none-embed/lib/rv32imacxw/ilp32\libg_nano.a(lib_a-nano-mallocr.o)
                0x0000000000001ba6                _malloc_r
 .text.printf   0x0000000000001c7a       0x40 a:/mounriver_studio/toolchain/risc-v embedded gcc/bin/../lib/gcc/riscv-none-embed/8.2.0/../../../../riscv-none-embed/lib/rv32imacxw/ilp32\libg_nano.a(lib_a-printf.o)
                0x0000000000001c7a                iprintf
                0x0000000000001c7a                printf
 .text._puts_r  0x0000000000001cba       0xd4 a:/mounriver_studio/toolchain/risc-v embedded gcc/bin/../lib/gcc/riscv-none-embed/8.2.0/../../../../riscv-none-embed/lib/rv32imacxw/ilp32\libg_nano.a(lib_a-puts.o)
                0x0000000000001cba                _puts_r
 .text.puts     0x0000000000001d8e        0xa a:/mounriver_studio/toolchain/risc-v embedded gcc/bin/../lib/gcc/riscv-none-embed/8.2.0/../../../../riscv-none-embed/lib/rv32imacxw/ilp32\libg_nano.a(lib_a-puts.o)
                0x0000000000001d8e                puts
 .text._sbrk_r  0x0000000000001d98       0x2a a:/mounriver_studio/toolchain/risc-v embedded gcc/bin/../lib/gcc/riscv-none-embed/8.2.0/../../../../riscv-none-embed/lib/rv32imacxw/ilp32\libg_nano.a(lib_a-sbrkr.o)
                0x0000000000001d98                _sbrk_r
 .text.strlen   0x0000000000001dc2       0x12 a:/mounriver_studio/toolchain/risc-v embedded gcc/bin/../lib/gcc/riscv-none-embed/8.2.0/../../../../riscv-none-embed/lib/rv32imacxw/ilp32\libg_nano.a(lib_a-strlen.o)
                0x0000000000001dc2                strlen
 .text._vsnprintf_r
                0x0000000000001dd4       0x5c a:/mounriver_studio/toolchain/risc-v embedded gcc/bin/../lib/gcc/riscv-none-embed/8.2.0/../../../../riscv-none-embed/lib/rv32imacxw/ilp32\libg_nano.a(lib_a-vsnprintf.o)
                0x0000000000001dd4                _vsniprintf_r
                0x0000000000001dd4                _vsnprintf_r
 .text.vsnprintf
                0x0000000000001e30       0x10 a:/mounriver_studio/toolchain/risc-v embedded gcc/bin/../lib/gcc/riscv-none-embed/8.2.0/../../../../riscv-none-embed/lib/rv32imacxw/ilp32\libg_nano.a(lib_a-vsnprintf.o)
                0x0000000000001e30                vsniprintf
                0x0000000000001e30                vsnprintf
 .text.__swbuf_r
                0x0000000000001e40       0xbc a:/mounriver_studio/toolchain/risc-v embedded gcc/bin/../lib/gcc/riscv-none-embed/8.2.0/../../../../riscv-none-embed/lib/rv32imacxw/ilp32\libg_nano.a(lib_a-wbuf.o)
                0x0000000000001e40                __swbuf_r
 .text.__swsetup_r
                0x0000000000001efc       0xfe a:/mounriver_studio/toolchain/risc-v embedded gcc/bin/../lib/gcc/riscv-none-embed/8.2.0/../../../../riscv-none-embed/lib/rv32imacxw/ilp32\libg_nano.a(lib_a-wsetup.o)
                0x0000000000001efc                __swsetup_r
 .text.__sflush_r
                0x0000000000001ffa      0x132 a:/mounriver_studio/toolchain/risc-v embedded gcc/bin/../lib/gcc/riscv-none-embed/8.2.0/../../../../riscv-none-embed/lib/rv32imacxw/ilp32\libg_nano.a(lib_a-fflush.o)
                0x0000000000001ffa                __sflush_r
 .text._fflush_r
                0x000000000000212c       0x64 a:/mounriver_studio/toolchain/risc-v embedded gcc/bin/../lib/gcc/riscv-none-embed/8.2.0/../../../../riscv-none-embed/lib/rv32imacxw/ilp32\libg_nano.a(lib_a-fflush.o)
                0x000000000000212c                _fflush_r
 .text.std      0x0000000000002190       0x66 a:/mounriver_studio/toolchain/risc-v embedded gcc/bin/../lib/gcc/riscv-none-embed/8.2.0/../../../../riscv-none-embed/lib/rv32imacxw/ilp32\libg_nano.a(lib_a-findfp.o)
 .text._cleanup_r
                0x00000000000021f6        0xa a:/mounriver_studio/toolchain/risc-v embedded gcc/bin/../lib/gcc/riscv-none-embed/8.2.0/../../../../riscv-none-embed/lib/rv32imacxw/ilp32\libg_nano.a(lib_a-findfp.o)
                0x00000000000021f6                _cleanup_r
 .text.__sfmoreglue
                0x0000000000002200       0x48 a:/mounriver_studio/toolchain/risc-v embedded gcc/bin/../lib/gcc/riscv-none-embed/8.2.0/../../../../riscv-none-embed/lib/rv32imacxw/ilp32\libg_nano.a(lib_a-findfp.o)
                0x0000000000002200                __sfmoreglue
 .text.__sinit  0x0000000000002248       0x66 a:/mounriver_studio/toolchain/risc-v embedded gcc/bin/../lib/gcc/riscv-none-embed/8.2.0/../../../../riscv-none-embed/lib/rv32imacxw/ilp32\libg_nano.a(lib_a-findfp.o)
                0x0000000000002248                __sinit
 .text.__sfp    0x00000000000022ae       0x9c a:/mounriver_studio/toolchain/risc-v embedded gcc/bin/../lib/gcc/riscv-none-embed/8.2.0/../../../../riscv-none-embed/lib/rv32imacxw/ilp32\libg_nano.a(lib_a-findfp.o)
                0x00000000000022ae                __sfp
 .text._fwalk_reent
                0x000000000000234a       0x6a a:/mounriver_studio/toolchain/risc-v embedded gcc/bin/../lib/gcc/riscv-none-embed/8.2.0/../../../../riscv-none-embed/lib/rv32imacxw/ilp32\libg_nano.a(lib_a-fwalk.o)
                0x000000000000234a                _fwalk_reent
 .text.__swhatbuf_r
                0x00000000000023b4       0x58 a:/mounriver_studio/toolchain/risc-v embedded gcc/bin/../lib/gcc/riscv-none-embed/8.2.0/../../../../riscv-none-embed/lib/rv32imacxw/ilp32\libg_nano.a(lib_a-makebuf.o)
                0x00000000000023b4                __swhatbuf_r
 .text.__smakebuf_r
                0x000000000000240c       0x92 a:/mounriver_studio/toolchain/risc-v embedded gcc/bin/../lib/gcc/riscv-none-embed/8.2.0/../../../../riscv-none-embed/lib/rv32imacxw/ilp32\libg_nano.a(lib_a-makebuf.o)
                0x000000000000240c                __smakebuf_r
 .text.__malloc_lock
                0x000000000000249e        0x2 a:/mounriver_studio/toolchain/risc-v embedded gcc/bin/../lib/gcc/riscv-none-embed/8.2.0/../../../../riscv-none-embed/lib/rv32imacxw/ilp32\libg_nano.a(lib_a-mlock.o)
                0x000000000000249e                __malloc_lock
 .text.__malloc_unlock
                0x00000000000024a0        0x2 a:/mounriver_studio/toolchain/risc-v embedded gcc/bin/../lib/gcc/riscv-none-embed/8.2.0/../../../../riscv-none-embed/lib/rv32imacxw/ilp32\libg_nano.a(lib_a-mlock.o)
                0x00000000000024a0                __malloc_unlock
 .text.__ssputs_r
                0x00000000000024a2       0xe4 a:/mounriver_studio/toolchain/risc-v embedded gcc/bin/../lib/gcc/riscv-none-embed/8.2.0/../../../../riscv-none-embed/lib/rv32imacxw/ilp32\libg_nano.a(lib_a-nano-svfprintf.o)
                0x00000000000024a2                __ssputs_r
 .text._svfprintf_r
                0x0000000000002586      0x268 a:/mounriver_studio/toolchain/risc-v embedded gcc/bin/../lib/gcc/riscv-none-embed/8.2.0/../../../../riscv-none-embed/lib/rv32imacxw/ilp32\libg_nano.a(lib_a-nano-svfprintf.o)
                0x0000000000002586                _svfiprintf_r
                0x0000000000002586                _svfprintf_r
 .text.__sfputc_r
                0x00000000000027ee       0x28 a:/mounriver_studio/toolchain/risc-v embedded gcc/bin/../lib/gcc/riscv-none-embed/8.2.0/../../../../riscv-none-embed/lib/rv32imacxw/ilp32\libg_nano.a(lib_a-nano-vfprintf.o)
 .text.__sfputs_r
                0x0000000000002816       0x40 a:/mounriver_studio/toolchain/risc-v embedded gcc/bin/../lib/gcc/riscv-none-embed/8.2.0/../../../../riscv-none-embed/lib/rv32imacxw/ilp32\libg_nano.a(lib_a-nano-vfprintf.o)
                0x0000000000002816                __sfputs_r
 .text._vfprintf_r
                0x0000000000002856      0x286 a:/mounriver_studio/toolchain/risc-v embedded gcc/bin/../lib/gcc/riscv-none-embed/8.2.0/../../../../riscv-none-embed/lib/rv32imacxw/ilp32\libg_nano.a(lib_a-nano-vfprintf.o)
                0x0000000000002856                _vfprintf_r
                0x0000000000002856                _vfiprintf_r
 .text._printf_common
                0x0000000000002adc      0x10c a:/mounriver_studio/toolchain/risc-v embedded gcc/bin/../lib/gcc/riscv-none-embed/8.2.0/../../../../riscv-none-embed/lib/rv32imacxw/ilp32\libg_nano.a(lib_a-nano-vfprintf_i.o)
                0x0000000000002adc                _printf_common
 .text._printf_i
                0x0000000000002be8      0x2a2 a:/mounriver_studio/toolchain/risc-v embedded gcc/bin/../lib/gcc/riscv-none-embed/8.2.0/../../../../riscv-none-embed/lib/rv32imacxw/ilp32\libg_nano.a(lib_a-nano-vfprintf_i.o)
                0x0000000000002be8                _printf_i
 .text.__sread  0x0000000000002e8a       0x2c a:/mounriver_studio/toolchain/risc-v embedded gcc/bin/../lib/gcc/riscv-none-embed/8.2.0/../../../../riscv-none-embed/lib/rv32imacxw/ilp32\libg_nano.a(lib_a-stdio.o)
                0x0000000000002e8a                __sread
 .text.__swrite
                0x0000000000002eb6       0x48 a:/mounriver_studio/toolchain/risc-v embedded gcc/bin/../lib/gcc/riscv-none-embed/8.2.0/../../../../riscv-none-embed/lib/rv32imacxw/ilp32\libg_nano.a(lib_a-stdio.o)
                0x0000000000002eb6                __swrite
 .text.__sseek  0x0000000000002efe       0x30 a:/mounriver_studio/toolchain/risc-v embedded gcc/bin/../lib/gcc/riscv-none-embed/8.2.0/../../../../riscv-none-embed/lib/rv32imacxw/ilp32\libg_nano.a(lib_a-stdio.o)
                0x0000000000002efe                __sseek
 .text.__sclose
                0x0000000000002f2e        0x6 a:/mounriver_studio/toolchain/risc-v embedded gcc/bin/../lib/gcc/riscv-none-embed/8.2.0/../../../../riscv-none-embed/lib/rv32imacxw/ilp32\libg_nano.a(lib_a-stdio.o)
                0x0000000000002f2e                __sclose
 .text._write_r
                0x0000000000002f34       0x2e a:/mounriver_studio/toolchain/risc-v embedded gcc/bin/../lib/gcc/riscv-none-embed/8.2.0/../../../../riscv-none-embed/lib/rv32imacxw/ilp32\libg_nano.a(lib_a-writer.o)
                0x0000000000002f34                _write_r
 .text._close_r
                0x0000000000002f62       0x28 a:/mounriver_studio/toolchain/risc-v embedded gcc/bin/../lib/gcc/riscv-none-embed/8.2.0/../../../../riscv-none-embed/lib/rv32imacxw/ilp32\libg_nano.a(lib_a-closer.o)
                0x0000000000002f62                _close_r
 .text._fstat_r
                0x0000000000002f8a       0x2a a:/mounriver_studio/toolchain/risc-v embedded gcc/bin/../lib/gcc/riscv-none-embed/8.2.0/../../../../riscv-none-embed/lib/rv32imacxw/ilp32\libg_nano.a(lib_a-fstatr.o)
                0x0000000000002f8a                _fstat_r
 .text._isatty_r
                0x0000000000002fb4       0x28 a:/mounriver_studio/toolchain/risc-v embedded gcc/bin/../lib/gcc/riscv-none-embed/8.2.0/../../../../riscv-none-embed/lib/rv32imacxw/ilp32\libg_nano.a(lib_a-isattyr.o)
                0x0000000000002fb4                _isatty_r
 .text._lseek_r
                0x0000000000002fdc       0x2c a:/mounriver_studio/toolchain/risc-v embedded gcc/bin/../lib/gcc/riscv-none-embed/8.2.0/../../../../riscv-none-embed/lib/rv32imacxw/ilp32\libg_nano.a(lib_a-lseekr.o)
                0x0000000000002fdc                _lseek_r
 .text.memchr   0x0000000000003008       0x18 a:/mounriver_studio/toolchain/risc-v embedded gcc/bin/../lib/gcc/riscv-none-embed/8.2.0/../../../../riscv-none-embed/lib/rv32imacxw/ilp32\libg_nano.a(lib_a-memchr.o)
                0x0000000000003008                memchr
 .text.memmove  0x0000000000003020       0x46 a:/mounriver_studio/toolchain/risc-v embedded gcc/bin/../lib/gcc/riscv-none-embed/8.2.0/../../../../riscv-none-embed/lib/rv32imacxw/ilp32\libg_nano.a(lib_a-memmove.o)
                0x0000000000003020                memmove
 .text._realloc_r
                0x0000000000003066       0x58 a:/mounriver_studio/toolchain/risc-v embedded gcc/bin/../lib/gcc/riscv-none-embed/8.2.0/../../../../riscv-none-embed/lib/rv32imacxw/ilp32\libg_nano.a(lib_a-nano-reallocr.o)
                0x0000000000003066                _realloc_r
 .text._read_r  0x00000000000030be       0x2c a:/mounriver_studio/toolchain/risc-v embedded gcc/bin/../lib/gcc/riscv-none-embed/8.2.0/../../../../riscv-none-embed/lib/rv32imacxw/ilp32\libg_nano.a(lib_a-readr.o)
                0x00000000000030be                _read_r
 .text._malloc_usable_size_r
                0x00000000000030ea       0x14 a:/mounriver_studio/toolchain/risc-v embedded gcc/bin/../lib/gcc/riscv-none-embed/8.2.0/../../../../riscv-none-embed/lib/rv32imacxw/ilp32\libg_nano.a(lib_a-nano-msizer.o)
                0x00000000000030ea                _malloc_usable_size_r
 .text._close   0x00000000000030fe        0xc a:/mounriver_studio/toolchain/risc-v embedded gcc/bin/../lib/gcc/riscv-none-embed/8.2.0/../../../../riscv-none-embed/lib/rv32imacxw/ilp32\libnosys.a(close.o)
                0x00000000000030fe                _close
 .text._fstat   0x000000000000310a        0xc a:/mounriver_studio/toolchain/risc-v embedded gcc/bin/../lib/gcc/riscv-none-embed/8.2.0/../../../../riscv-none-embed/lib/rv32imacxw/ilp32\libnosys.a(fstat.o)
                0x000000000000310a                _fstat
 .text._isatty  0x0000000000003116        0xc a:/mounriver_studio/toolchain/risc-v embedded gcc/bin/../lib/gcc/riscv-none-embed/8.2.0/../../../../riscv-none-embed/lib/rv32imacxw/ilp32\libnosys.a(isatty.o)
                0x0000000000003116                _isatty
 .text._lseek   0x0000000000003122        0xc a:/mounriver_studio/toolchain/risc-v embedded gcc/bin/../lib/gcc/riscv-none-embed/8.2.0/../../../../riscv-none-embed/lib/rv32imacxw/ilp32\libnosys.a(lseek.o)
                0x0000000000003122                _lseek
 .text._read    0x000000000000312e        0xc a:/mounriver_studio/toolchain/risc-v embedded gcc/bin/../lib/gcc/riscv-none-embed/8.2.0/../../../../riscv-none-embed/lib/rv32imacxw/ilp32\libnosys.a(read.o)
                0x000000000000312e                _read
 *(.rodata)
 *(.rodata*)
 *fill*         0x000000000000313a        0x2 
 .rodata.main.str1.4
                0x000000000000313c       0x38 ./User/main.o
 .rodata.MFRC522_Proc.str1.4
                0x0000000000003174       0x22 ./BSP/MFRC522.o
 *fill*         0x0000000000003196        0x2 
 .rodata.uart_proc.str1.4
                0x0000000000003198        0x3 ./BSP/usart.o
 *fill*         0x000000000000319b        0x1 
 .rodata.__sf_fake_stderr
                0x000000000000319c       0x20 a:/mounriver_studio/toolchain/risc-v embedded gcc/bin/../lib/gcc/riscv-none-embed/8.2.0/../../../../riscv-none-embed/lib/rv32imacxw/ilp32\libg_nano.a(lib_a-findfp.o)
                0x000000000000319c                __sf_fake_stderr
 .rodata.__sf_fake_stdin
                0x00000000000031bc       0x20 a:/mounriver_studio/toolchain/risc-v embedded gcc/bin/../lib/gcc/riscv-none-embed/8.2.0/../../../../riscv-none-embed/lib/rv32imacxw/ilp32\libg_nano.a(lib_a-findfp.o)
                0x00000000000031bc                __sf_fake_stdin
 .rodata.__sf_fake_stdout
                0x00000000000031dc       0x20 a:/mounriver_studio/toolchain/risc-v embedded gcc/bin/../lib/gcc/riscv-none-embed/8.2.0/../../../../riscv-none-embed/lib/rv32imacxw/ilp32\libg_nano.a(lib_a-findfp.o)
                0x00000000000031dc                __sf_fake_stdout
 .rodata._svfprintf_r.str1.4
                0x00000000000031fc       0x13 a:/mounriver_studio/toolchain/risc-v embedded gcc/bin/../lib/gcc/riscv-none-embed/8.2.0/../../../../riscv-none-embed/lib/rv32imacxw/ilp32\libg_nano.a(lib_a-nano-svfprintf.o)
 .rodata._vfprintf_r.str1.4
                0x000000000000320f       0x13 a:/mounriver_studio/toolchain/risc-v embedded gcc/bin/../lib/gcc/riscv-none-embed/8.2.0/../../../../riscv-none-embed/lib/rv32imacxw/ilp32\libg_nano.a(lib_a-nano-vfprintf.o)
 *fill*         0x000000000000320f        0x1 
 .rodata._printf_i.str1.4
                0x0000000000003210       0x28 a:/mounriver_studio/toolchain/risc-v embedded gcc/bin/../lib/gcc/riscv-none-embed/8.2.0/../../../../riscv-none-embed/lib/rv32imacxw/ilp32\libg_nano.a(lib_a-nano-vfprintf_i.o)
                                         0x25 (size before relaxing)
 *(.gnu.linkonce.t.*)
                0x0000000000003238                . = ALIGN (0x4)

.rela.dyn       0x0000000000003238        0x0
 .rela.init     0x0000000000003238        0x0 ./User/ch32v30x_it.o
 .rela.vector   0x0000000000003238        0x0 ./User/ch32v30x_it.o
 .rela.text.handle_reset
                0x0000000000003238        0x0 ./User/ch32v30x_it.o
 .rela.text._sbrk
                0x0000000000003238        0x0 ./User/ch32v30x_it.o
 .rela.sdata.curbrk.5273
                0x0000000000003238        0x0 ./User/ch32v30x_it.o
 .rela.text._sbrk_r
                0x0000000000003238        0x0 ./User/ch32v30x_it.o
 .rela.text._svfprintf_r
                0x0000000000003238        0x0 ./User/ch32v30x_it.o
 .rela.text._vfprintf_r
                0x0000000000003238        0x0 ./User/ch32v30x_it.o
 .rela.text._write_r
                0x0000000000003238        0x0 ./User/ch32v30x_it.o
 .rela.text._close_r
                0x0000000000003238        0x0 ./User/ch32v30x_it.o
 .rela.text._fstat_r
                0x0000000000003238        0x0 ./User/ch32v30x_it.o
 .rela.text._isatty_r
                0x0000000000003238        0x0 ./User/ch32v30x_it.o
 .rela.text._lseek_r
                0x0000000000003238        0x0 ./User/ch32v30x_it.o
 .rela.text._read_r
                0x0000000000003238        0x0 ./User/ch32v30x_it.o
 .rela.text._close
                0x0000000000003238        0x0 ./User/ch32v30x_it.o
 .rela.text._fstat
                0x0000000000003238        0x0 ./User/ch32v30x_it.o
 .rela.text._isatty
                0x0000000000003238        0x0 ./User/ch32v30x_it.o
 .rela.text._lseek
                0x0000000000003238        0x0 ./User/ch32v30x_it.o
 .rela.text._read
                0x0000000000003238        0x0 ./User/ch32v30x_it.o

.fini           0x0000000000003238        0x0
 *(SORT_NONE(.fini))
                0x0000000000003238                . = ALIGN (0x4)
                [!provide]                        PROVIDE (_etext = .)
                [!provide]                        PROVIDE (_eitcm = .)

.preinit_array  0x0000000000003238        0x0
                [!provide]                        PROVIDE (__preinit_array_start = .)
 *(.preinit_array)
                [!provide]                        PROVIDE (__preinit_array_end = .)

.init_array     0x0000000000003238        0x0
                [!provide]                        PROVIDE (__init_array_start = .)
 *(SORT_BY_INIT_PRIORITY(.init_array.*) SORT_BY_INIT_PRIORITY(.ctors.*))
 *(.init_array EXCLUDE_FILE(*crtend?.o *crtend.o *crtbegin?.o *crtbegin.o) .ctors)
                [!provide]                        PROVIDE (__init_array_end = .)

.fini_array     0x0000000000003238        0x0
                [!provide]                        PROVIDE (__fini_array_start = .)
 *(SORT_BY_INIT_PRIORITY(.fini_array.*) SORT_BY_INIT_PRIORITY(.dtors.*))
 *(.fini_array EXCLUDE_FILE(*crtend?.o *crtend.o *crtbegin?.o *crtbegin.o) .dtors)
                [!provide]                        PROVIDE (__fini_array_end = .)

.ctors
 *crtbegin.o(.ctors)
 *crtbegin?.o(.ctors)
 *(EXCLUDE_FILE(*crtend?.o *crtend.o) .ctors)
 *(SORT_BY_NAME(.ctors.*))
 *(.ctors)

.dtors
 *crtbegin.o(.dtors)
 *crtbegin?.o(.dtors)
 *(EXCLUDE_FILE(*crtend?.o *crtend.o) .dtors)
 *(SORT_BY_NAME(.dtors.*))
 *(.dtors)

.dalign         0x0000000020000000        0x0 load address 0x0000000000003238
                0x0000000020000000                . = ALIGN (0x4)
                0x0000000020000000                PROVIDE (_data_vma = .)

.dlalign        0x0000000000003238        0x0
                0x0000000000003238                . = ALIGN (0x4)
                0x0000000000003238                PROVIDE (_data_lma = .)

.data           0x0000000020000000       0xb0 load address 0x0000000000003238
 *(.gnu.linkonce.r.*)
 *(.data .data.*)
 .data.AHBPrescTable
                0x0000000020000000       0x10 ./User/system_ch32v30x.o
                0x0000000020000000                AHBPrescTable
 .data.APBAHBPrescTable
                0x0000000020000010       0x10 ./Peripheral/src/ch32v30x_rcc.o
 .data.system_array
                0x0000000020000020       0x18 ./BSP/schedule.o
                0x0000000020000020                system_array
 .data.impure_data
                0x0000000020000038       0x60 a:/mounriver_studio/toolchain/risc-v embedded gcc/bin/../lib/gcc/riscv-none-embed/8.2.0/../../../../riscv-none-embed/lib/rv32imacxw/ilp32\libg_nano.a(lib_a-impure.o)
 *(.gnu.linkonce.d.*)
                0x0000000020000098                . = ALIGN (0x8)
                0x0000000020000898                PROVIDE (__global_pointer$ = (. + 0x800))
 *(.sdata .sdata.*)
 .sdata.SystemCoreClock
                0x0000000020000098        0x4 ./User/system_ch32v30x.o
                0x0000000020000098                SystemCoreClock
 .sdata.ADCPrescTable
                0x000000002000009c        0x4 ./Peripheral/src/ch32v30x_rcc.o
 .sdata.curbrk.5273
                0x00000000200000a0        0x4 ./Debug/debug.o
 .sdata._impure_ptr
                0x00000000200000a4        0x4 a:/mounriver_studio/toolchain/risc-v embedded gcc/bin/../lib/gcc/riscv-none-embed/8.2.0/../../../../riscv-none-embed/lib/rv32imacxw/ilp32\libg_nano.a(lib_a-impure.o)
                0x00000000200000a4                _impure_ptr
 *(.sdata2.*)
 .sdata2._global_impure_ptr
                0x00000000200000a8        0x4 a:/mounriver_studio/toolchain/risc-v embedded gcc/bin/../lib/gcc/riscv-none-embed/8.2.0/../../../../riscv-none-embed/lib/rv32imacxw/ilp32\libg_nano.a(lib_a-impure.o)
                0x00000000200000a8                _global_impure_ptr
 *(.gnu.linkonce.s.*)
                0x00000000200000b0                . = ALIGN (0x8)
 *fill*         0x00000000200000ac        0x4 
 *(.srodata.cst16)
 *(.srodata.cst8)
 *(.srodata.cst4)
 *(.srodata.cst2)
 *(.srodata .srodata.*)
                0x00000000200000b0                . = ALIGN (0x4)
                0x00000000200000b0                PROVIDE (_edata = .)

.bss            0x00000000200000b0      0x858 load address 0x00000000000032e8
                0x00000000200000b0                . = ALIGN (0x4)
                0x00000000200000b0                PROVIDE (_sbss = .)
 *(.sbss*)
 .sbss.NVIC_Priority_Group
                0x00000000200000b0        0x4 ./Peripheral/src/ch32v30x_misc.o
                0x00000000200000b0                NVIC_Priority_Group
 .sbss.p_ms     0x00000000200000b4        0x2 ./Debug/debug.o
 .sbss.p_us     0x00000000200000b6        0x1 ./Debug/debug.o
 *fill*         0x00000000200000b7        0x1 
 .sbss.Task_num
                0x00000000200000b8        0x4 ./BSP/schedule.o
                0x00000000200000b8                Task_num
 *fill*         0x00000000200000bc        0x4 
 .sbss.system_time
                0x00000000200000c0        0x8 ./BSP/schedule.o
                0x00000000200000c0                system_time
 .sbss.TIM2_Tick
                0x00000000200000c8        0x4 ./BSP/tim.o
                0x00000000200000c8                TIM2_Tick
 .sbss.USART2_Revnum
                0x00000000200000cc        0x1 ./BSP/usart.o
                0x00000000200000cc                USART2_Revnum
 .sbss.uart2_flag
                0x00000000200000cd        0x1 ./BSP/usart.o
                0x00000000200000cd                uart2_flag
 *fill*         0x00000000200000ce        0x2 
 .sbss.__malloc_free_list
                0x00000000200000d0        0x4 a:/mounriver_studio/toolchain/risc-v embedded gcc/bin/../lib/gcc/riscv-none-embed/8.2.0/../../../../riscv-none-embed/lib/rv32imacxw/ilp32\libg_nano.a(lib_a-nano-mallocr.o)
                0x00000000200000d0                __malloc_free_list
 .sbss.__malloc_sbrk_start
                0x00000000200000d4        0x4 a:/mounriver_studio/toolchain/risc-v embedded gcc/bin/../lib/gcc/riscv-none-embed/8.2.0/../../../../riscv-none-embed/lib/rv32imacxw/ilp32\libg_nano.a(lib_a-nano-mallocr.o)
                0x00000000200000d4                __malloc_sbrk_start
 *(.gnu.linkonce.sb.*)
 *(.bss*)
 .bss.card_arr  0x00000000200000d8      0x5c0 ./BSP/MFRC522.o
                0x00000000200000d8                card_arr
 .bss.DMA_InitStructure_USART2_RX
                0x0000000020000698       0x2c ./BSP/usart.o
                0x0000000020000698                DMA_InitStructure_USART2_RX
 .bss.DMA_InitStructure_USART2_TX
                0x00000000200006c4       0x2c ./BSP/usart.o
                0x00000000200006c4                DMA_InitStructure_USART2_TX
 .bss.uart2_ringbuffer
                0x00000000200006f0       0x14 ./BSP/usart.o
                0x00000000200006f0                uart2_ringbuffer
 .bss.uart2_rx_buffer
                0x0000000020000704      0x100 ./BSP/usart.o
                0x0000000020000704                uart2_rx_buffer
 .bss.uart2_tx_buffer
                0x0000000020000804      0x100 ./BSP/usart.o
                0x0000000020000804                uart2_tx_buffer
 *(.gnu.linkonce.b.*)
 *(COMMON*)
 COMMON         0x0000000020000904        0x4 a:/mounriver_studio/toolchain/risc-v embedded gcc/bin/../lib/gcc/riscv-none-embed/8.2.0/../../../../riscv-none-embed/lib/rv32imacxw/ilp32\libg_nano.a(lib_a-reent.o)
                0x0000000020000904                errno
                0x0000000020000908                . = ALIGN (0x4)
                0x0000000020000908                PROVIDE (_ebss = .)
                0x0000000020000908                PROVIDE (_end = _ebss)
                [!provide]                        PROVIDE (end = .)

.stack          0x0000000020007800      0x800
                0x0000000020007800                PROVIDE (_heap_end = .)
                0x0000000020007800                . = ALIGN (0x4)
                [!provide]                        PROVIDE (_susrstack = .)
                0x0000000020008000                . = (. + __stack_size)
 *fill*         0x0000000020007800      0x800 
                0x0000000020008000                PROVIDE (_eusrstack = .)
OUTPUT(test1.elf elf32-littleriscv)

.debug_info     0x0000000000000000    0x13257
 .debug_info    0x0000000000000000      0xbc0 ./User/ch32v30x_it.o
 .debug_info    0x0000000000000bc0      0xb32 ./User/main.o
 .debug_info    0x00000000000016f2      0xbb5 ./User/system_ch32v30x.o
 .debug_info    0x00000000000022a7       0x22 ./Startup/startup_ch32v30x_D8C.o
 .debug_info    0x00000000000022c9      0xa94 ./Peripheral/src/ch32v30x_dbgmcu.o
 .debug_info    0x0000000000002d5d      0xd16 ./Peripheral/src/ch32v30x_dma.o
 .debug_info    0x0000000000003a73     0x12aa ./Peripheral/src/ch32v30x_gpio.o
 .debug_info    0x0000000000004d1d      0xf5b ./Peripheral/src/ch32v30x_misc.o
 .debug_info    0x0000000000005c78     0x158a ./Peripheral/src/ch32v30x_rcc.o
 .debug_info    0x0000000000007202     0x12cd ./Peripheral/src/ch32v30x_spi.o
 .debug_info    0x00000000000084cf     0x2a3c ./Peripheral/src/ch32v30x_tim.o
 .debug_info    0x000000000000af0b     0x13cd ./Peripheral/src/ch32v30x_usart.o
 .debug_info    0x000000000000c2d8      0xf4a ./Debug/debug.o
 .debug_info    0x000000000000d222     0x2128 ./BSP/MFRC522.o
 .debug_info    0x000000000000f34a      0xb91 ./BSP/ringbuffer.o
 .debug_info    0x000000000000fedb      0xad2 ./BSP/schedule.o
 .debug_info    0x00000000000109ad     0x114f ./BSP/tim.o
 .debug_info    0x0000000000011afc     0x175b ./BSP/usart.o

.debug_abbrev   0x0000000000000000     0x3276
 .debug_abbrev  0x0000000000000000      0x22c ./User/ch32v30x_it.o
 .debug_abbrev  0x000000000000022c      0x21b ./User/main.o
 .debug_abbrev  0x0000000000000447      0x2c0 ./User/system_ch32v30x.o
 .debug_abbrev  0x0000000000000707       0x12 ./Startup/startup_ch32v30x_D8C.o
 .debug_abbrev  0x0000000000000719      0x2f7 ./Peripheral/src/ch32v30x_dbgmcu.o
 .debug_abbrev  0x0000000000000a10      0x2fd ./Peripheral/src/ch32v30x_dma.o
 .debug_abbrev  0x0000000000000d0d      0x31a ./Peripheral/src/ch32v30x_gpio.o
 .debug_abbrev  0x0000000000001027      0x2da ./Peripheral/src/ch32v30x_misc.o
 .debug_abbrev  0x0000000000001301      0x351 ./Peripheral/src/ch32v30x_rcc.o
 .debug_abbrev  0x0000000000001652      0x312 ./Peripheral/src/ch32v30x_spi.o
 .debug_abbrev  0x0000000000001964      0x3ee ./Peripheral/src/ch32v30x_tim.o
 .debug_abbrev  0x0000000000001d52      0x312 ./Peripheral/src/ch32v30x_usart.o
 .debug_abbrev  0x0000000000002064      0x2f5 ./Debug/debug.o
 .debug_abbrev  0x0000000000002359      0x462 ./BSP/MFRC522.o
 .debug_abbrev  0x00000000000027bb      0x2b2 ./BSP/ringbuffer.o
 .debug_abbrev  0x0000000000002a6d      0x252 ./BSP/schedule.o
 .debug_abbrev  0x0000000000002cbf      0x2ad ./BSP/tim.o
 .debug_abbrev  0x0000000000002f6c      0x30a ./BSP/usart.o

.debug_aranges  0x0000000000000000      0xa50
 .debug_aranges
                0x0000000000000000       0x28 ./User/ch32v30x_it.o
 .debug_aranges
                0x0000000000000028       0x20 ./User/main.o
 .debug_aranges
                0x0000000000000048       0x28 ./User/system_ch32v30x.o
 .debug_aranges
                0x0000000000000070       0x30 ./Startup/startup_ch32v30x_D8C.o
 .debug_aranges
                0x00000000000000a0       0x48 ./Peripheral/src/ch32v30x_dbgmcu.o
 .debug_aranges
                0x00000000000000e8       0x60 ./Peripheral/src/ch32v30x_dma.o
 .debug_aranges
                0x0000000000000148       0xb0 ./Peripheral/src/ch32v30x_gpio.o
 .debug_aranges
                0x00000000000001f8       0x28 ./Peripheral/src/ch32v30x_misc.o
 .debug_aranges
                0x0000000000000220      0x1a8 ./Peripheral/src/ch32v30x_rcc.o
 .debug_aranges
                0x00000000000003c8       0xd0 ./Peripheral/src/ch32v30x_spi.o
 .debug_aranges
                0x0000000000000498      0x2d0 ./Peripheral/src/ch32v30x_tim.o
 .debug_aranges
                0x0000000000000768       0xf0 ./Peripheral/src/ch32v30x_usart.o
 .debug_aranges
                0x0000000000000858       0x50 ./Debug/debug.o
 .debug_aranges
                0x00000000000008a8       0xc0 ./BSP/MFRC522.o
 .debug_aranges
                0x0000000000000968       0x40 ./BSP/ringbuffer.o
 .debug_aranges
                0x00000000000009a8       0x30 ./BSP/schedule.o
 .debug_aranges
                0x00000000000009d8       0x30 ./BSP/tim.o
 .debug_aranges
                0x0000000000000a08       0x48 ./BSP/usart.o

.debug_ranges   0x0000000000000000      0x9d8
 .debug_ranges  0x0000000000000000       0x18 ./User/ch32v30x_it.o
 .debug_ranges  0x0000000000000018       0x10 ./User/main.o
 .debug_ranges  0x0000000000000028       0x38 ./User/system_ch32v30x.o
 .debug_ranges  0x0000000000000060       0x28 ./Startup/startup_ch32v30x_D8C.o
 .debug_ranges  0x0000000000000088       0x50 ./Peripheral/src/ch32v30x_dbgmcu.o
 .debug_ranges  0x00000000000000d8       0x50 ./Peripheral/src/ch32v30x_dma.o
 .debug_ranges  0x0000000000000128       0xa0 ./Peripheral/src/ch32v30x_gpio.o
 .debug_ranges  0x00000000000001c8       0x30 ./Peripheral/src/ch32v30x_misc.o
 .debug_ranges  0x00000000000001f8      0x198 ./Peripheral/src/ch32v30x_rcc.o
 .debug_ranges  0x0000000000000390       0xc0 ./Peripheral/src/ch32v30x_spi.o
 .debug_ranges  0x0000000000000450      0x2c0 ./Peripheral/src/ch32v30x_tim.o
 .debug_ranges  0x0000000000000710       0xe0 ./Peripheral/src/ch32v30x_usart.o
 .debug_ranges  0x00000000000007f0       0x40 ./Debug/debug.o
 .debug_ranges  0x0000000000000830       0xd0 ./BSP/MFRC522.o
 .debug_ranges  0x0000000000000900       0x30 ./BSP/ringbuffer.o
 .debug_ranges  0x0000000000000930       0x38 ./BSP/schedule.o
 .debug_ranges  0x0000000000000968       0x20 ./BSP/tim.o
 .debug_ranges  0x0000000000000988       0x50 ./BSP/usart.o

.debug_line     0x0000000000000000     0xca54
 .debug_line    0x0000000000000000      0x254 ./User/ch32v30x_it.o
 .debug_line    0x0000000000000254      0x37b ./User/main.o
 .debug_line    0x00000000000005cf      0x886 ./User/system_ch32v30x.o
 .debug_line    0x0000000000000e55      0x122 ./Startup/startup_ch32v30x_D8C.o
 .debug_line    0x0000000000000f77      0x32f ./Peripheral/src/ch32v30x_dbgmcu.o
 .debug_line    0x00000000000012a6      0x969 ./Peripheral/src/ch32v30x_dma.o
 .debug_line    0x0000000000001c0f     0x11ef ./Peripheral/src/ch32v30x_gpio.o
 .debug_line    0x0000000000002dfe      0x36d ./Peripheral/src/ch32v30x_misc.o
 .debug_line    0x000000000000316b     0x1921 ./Peripheral/src/ch32v30x_rcc.o
 .debug_line    0x0000000000004a8c      0xcc8 ./Peripheral/src/ch32v30x_spi.o
 .debug_line    0x0000000000005754     0x3071 ./Peripheral/src/ch32v30x_tim.o
 .debug_line    0x00000000000087c5      0xe8e ./Peripheral/src/ch32v30x_usart.o
 .debug_line    0x0000000000009653      0x6d7 ./Debug/debug.o
 .debug_line    0x0000000000009d2a     0x1785 ./BSP/MFRC522.o
 .debug_line    0x000000000000b4af      0x483 ./BSP/ringbuffer.o
 .debug_line    0x000000000000b932      0x324 ./BSP/schedule.o
 .debug_line    0x000000000000bc56      0x41b ./BSP/tim.o
 .debug_line    0x000000000000c071      0x9e3 ./BSP/usart.o

.debug_str      0x0000000000000000     0x32f9
 .debug_str     0x0000000000000000      0x5e8 ./User/ch32v30x_it.o
                                        0x669 (size before relaxing)
 .debug_str     0x00000000000005e8       0xf5 ./User/main.o
                                        0x680 (size before relaxing)
 .debug_str     0x00000000000006dd      0x114 ./User/system_ch32v30x.o
                                        0x6ce (size before relaxing)
 .debug_str     0x00000000000007f1       0x2e ./Startup/startup_ch32v30x_D8C.o
                                         0x4e (size before relaxing)
 .debug_str     0x000000000000081f       0xa6 ./Peripheral/src/ch32v30x_dbgmcu.o
                                        0x62a (size before relaxing)
 .debug_str     0x00000000000008c5      0x207 ./Peripheral/src/ch32v30x_dma.o
                                        0x7d7 (size before relaxing)
 .debug_str     0x0000000000000acc      0x3c5 ./Peripheral/src/ch32v30x_gpio.o
                                        0x994 (size before relaxing)
 .debug_str     0x0000000000000e91      0x63c ./Peripheral/src/ch32v30x_misc.o
                                        0xc9d (size before relaxing)
 .debug_str     0x00000000000014cd      0x5c2 ./Peripheral/src/ch32v30x_rcc.o
                                        0xcc3 (size before relaxing)
 .debug_str     0x0000000000001a8f      0x37a ./Peripheral/src/ch32v30x_spi.o
                                        0xa73 (size before relaxing)
 .debug_str     0x0000000000001e09      0xb96 ./Peripheral/src/ch32v30x_tim.o
                                       0x126a (size before relaxing)
 .debug_str     0x000000000000299f      0x3e2 ./Peripheral/src/ch32v30x_usart.o
                                        0xade (size before relaxing)
 .debug_str     0x0000000000002d81       0x9a ./Debug/debug.o
                                        0x905 (size before relaxing)
 .debug_str     0x0000000000002e1b      0x25e ./BSP/MFRC522.o
                                        0xba5 (size before relaxing)
 .debug_str     0x0000000000003079       0x6c ./BSP/ringbuffer.o
                                        0x655 (size before relaxing)
 .debug_str     0x00000000000030e5       0x73 ./BSP/schedule.o
                                        0x658 (size before relaxing)
 .debug_str     0x0000000000003158       0x4f ./BSP/tim.o
                                        0xe51 (size before relaxing)
 .debug_str     0x00000000000031a7      0x152 ./BSP/usart.o
                                       0x1198 (size before relaxing)

.comment        0x0000000000000000       0x33
 .comment       0x0000000000000000       0x33 ./User/ch32v30x_it.o
                                         0x34 (size before relaxing)
 .comment       0x0000000000000033       0x34 ./User/main.o
 .comment       0x0000000000000033       0x34 ./User/system_ch32v30x.o
 .comment       0x0000000000000033       0x34 ./Peripheral/src/ch32v30x_dbgmcu.o
 .comment       0x0000000000000033       0x34 ./Peripheral/src/ch32v30x_dma.o
 .comment       0x0000000000000033       0x34 ./Peripheral/src/ch32v30x_gpio.o
 .comment       0x0000000000000033       0x34 ./Peripheral/src/ch32v30x_misc.o
 .comment       0x0000000000000033       0x34 ./Peripheral/src/ch32v30x_rcc.o
 .comment       0x0000000000000033       0x34 ./Peripheral/src/ch32v30x_spi.o
 .comment       0x0000000000000033       0x34 ./Peripheral/src/ch32v30x_tim.o
 .comment       0x0000000000000033       0x34 ./Peripheral/src/ch32v30x_usart.o
 .comment       0x0000000000000033       0x34 ./Debug/debug.o
 .comment       0x0000000000000033       0x34 ./BSP/MFRC522.o
 .comment       0x0000000000000033       0x34 ./BSP/ringbuffer.o
 .comment       0x0000000000000033       0x34 ./BSP/schedule.o
 .comment       0x0000000000000033       0x34 ./BSP/tim.o
 .comment       0x0000000000000033       0x34 ./BSP/usart.o

.debug_frame    0x0000000000000000     0x2164
 .debug_frame   0x0000000000000000       0x30 ./User/ch32v30x_it.o
 .debug_frame   0x0000000000000030       0x28 ./User/main.o
 .debug_frame   0x0000000000000058       0x3c ./User/system_ch32v30x.o
 .debug_frame   0x0000000000000094       0x70 ./Peripheral/src/ch32v30x_dbgmcu.o
 .debug_frame   0x0000000000000104       0xd8 ./Peripheral/src/ch32v30x_dma.o
 .debug_frame   0x00000000000001dc      0x174 ./Peripheral/src/ch32v30x_gpio.o
 .debug_frame   0x0000000000000350       0x30 ./Peripheral/src/ch32v30x_misc.o
 .debug_frame   0x0000000000000380      0x344 ./Peripheral/src/ch32v30x_rcc.o
 .debug_frame   0x00000000000006c4      0x1a8 ./Peripheral/src/ch32v30x_spi.o
 .debug_frame   0x000000000000086c      0x614 ./Peripheral/src/ch32v30x_tim.o
 .debug_frame   0x0000000000000e80      0x1e4 ./Peripheral/src/ch32v30x_usart.o
 .debug_frame   0x0000000000001064       0xb8 ./Debug/debug.o
 .debug_frame   0x000000000000111c      0x308 ./BSP/MFRC522.o
 .debug_frame   0x0000000000001424       0x74 ./BSP/ringbuffer.o
 .debug_frame   0x0000000000001498       0x58 ./BSP/schedule.o
 .debug_frame   0x00000000000014f0       0x50 ./BSP/tim.o
 .debug_frame   0x0000000000001540       0xf8 ./BSP/usart.o
 .debug_frame   0x0000000000001638       0x30 a:/mounriver_studio/toolchain/risc-v embedded gcc/bin/../lib/gcc/riscv-none-embed/8.2.0/../../../../riscv-none-embed/lib/rv32imacxw/ilp32\libg_nano.a(lib_a-malloc.o)
 .debug_frame   0x0000000000001668       0x20 a:/mounriver_studio/toolchain/risc-v embedded gcc/bin/../lib/gcc/riscv-none-embed/8.2.0/../../../../riscv-none-embed/lib/rv32imacxw/ilp32\libg_nano.a(lib_a-memcpy.o)
 .debug_frame   0x0000000000001688       0x40 a:/mounriver_studio/toolchain/risc-v embedded gcc/bin/../lib/gcc/riscv-none-embed/8.2.0/../../../../riscv-none-embed/lib/rv32imacxw/ilp32\libg_nano.a(lib_a-nano-freer.o)
 .debug_frame   0x00000000000016c8       0x40 a:/mounriver_studio/toolchain/risc-v embedded gcc/bin/../lib/gcc/riscv-none-embed/8.2.0/../../../../riscv-none-embed/lib/rv32imacxw/ilp32\libg_nano.a(lib_a-nano-mallocr.o)
 .debug_frame   0x0000000000001708       0x54 a:/mounriver_studio/toolchain/risc-v embedded gcc/bin/../lib/gcc/riscv-none-embed/8.2.0/../../../../riscv-none-embed/lib/rv32imacxw/ilp32\libg_nano.a(lib_a-printf.o)
 .debug_frame   0x000000000000175c       0x54 a:/mounriver_studio/toolchain/risc-v embedded gcc/bin/../lib/gcc/riscv-none-embed/8.2.0/../../../../riscv-none-embed/lib/rv32imacxw/ilp32\libg_nano.a(lib_a-puts.o)
 .debug_frame   0x00000000000017b0       0x30 a:/mounriver_studio/toolchain/risc-v embedded gcc/bin/../lib/gcc/riscv-none-embed/8.2.0/../../../../riscv-none-embed/lib/rv32imacxw/ilp32\libg_nano.a(lib_a-sbrkr.o)
 .debug_frame   0x00000000000017e0       0x20 a:/mounriver_studio/toolchain/risc-v embedded gcc/bin/../lib/gcc/riscv-none-embed/8.2.0/../../../../riscv-none-embed/lib/rv32imacxw/ilp32\libg_nano.a(lib_a-strlen.o)
 .debug_frame   0x0000000000001800       0x48 a:/mounriver_studio/toolchain/risc-v embedded gcc/bin/../lib/gcc/riscv-none-embed/8.2.0/../../../../riscv-none-embed/lib/rv32imacxw/ilp32\libg_nano.a(lib_a-vsnprintf.o)
 .debug_frame   0x0000000000001848       0x50 a:/mounriver_studio/toolchain/risc-v embedded gcc/bin/../lib/gcc/riscv-none-embed/8.2.0/../../../../riscv-none-embed/lib/rv32imacxw/ilp32\libg_nano.a(lib_a-wbuf.o)
 .debug_frame   0x0000000000001898       0x3c a:/mounriver_studio/toolchain/risc-v embedded gcc/bin/../lib/gcc/riscv-none-embed/8.2.0/../../../../riscv-none-embed/lib/rv32imacxw/ilp32\libg_nano.a(lib_a-wsetup.o)
 .debug_frame   0x00000000000018d4       0x7c a:/mounriver_studio/toolchain/risc-v embedded gcc/bin/../lib/gcc/riscv-none-embed/8.2.0/../../../../riscv-none-embed/lib/rv32imacxw/ilp32\libg_nano.a(lib_a-fflush.o)
 .debug_frame   0x0000000000001950      0x148 a:/mounriver_studio/toolchain/risc-v embedded gcc/bin/../lib/gcc/riscv-none-embed/8.2.0/../../../../riscv-none-embed/lib/rv32imacxw/ilp32\libg_nano.a(lib_a-findfp.o)
 .debug_frame   0x0000000000001a98       0x88 a:/mounriver_studio/toolchain/risc-v embedded gcc/bin/../lib/gcc/riscv-none-embed/8.2.0/../../../../riscv-none-embed/lib/rv32imacxw/ilp32\libg_nano.a(lib_a-fwalk.o)
 .debug_frame   0x0000000000001b20       0x64 a:/mounriver_studio/toolchain/risc-v embedded gcc/bin/../lib/gcc/riscv-none-embed/8.2.0/../../../../riscv-none-embed/lib/rv32imacxw/ilp32\libg_nano.a(lib_a-makebuf.o)
 .debug_frame   0x0000000000001b84       0x30 a:/mounriver_studio/toolchain/risc-v embedded gcc/bin/../lib/gcc/riscv-none-embed/8.2.0/../../../../riscv-none-embed/lib/rv32imacxw/ilp32\libg_nano.a(lib_a-mlock.o)
 .debug_frame   0x0000000000001bb4       0xe0 a:/mounriver_studio/toolchain/risc-v embedded gcc/bin/../lib/gcc/riscv-none-embed/8.2.0/../../../../riscv-none-embed/lib/rv32imacxw/ilp32\libg_nano.a(lib_a-nano-svfprintf.o)
 .debug_frame   0x0000000000001c94       0xd0 a:/mounriver_studio/toolchain/risc-v embedded gcc/bin/../lib/gcc/riscv-none-embed/8.2.0/../../../../riscv-none-embed/lib/rv32imacxw/ilp32\libg_nano.a(lib_a-nano-vfprintf.o)
 .debug_frame   0x0000000000001d64       0x8c a:/mounriver_studio/toolchain/risc-v embedded gcc/bin/../lib/gcc/riscv-none-embed/8.2.0/../../../../riscv-none-embed/lib/rv32imacxw/ilp32\libg_nano.a(lib_a-nano-vfprintf_i.o)
 .debug_frame   0x0000000000001df0       0x70 a:/mounriver_studio/toolchain/risc-v embedded gcc/bin/../lib/gcc/riscv-none-embed/8.2.0/../../../../riscv-none-embed/lib/rv32imacxw/ilp32\libg_nano.a(lib_a-reent.o)
 .debug_frame   0x0000000000001e60       0xa4 a:/mounriver_studio/toolchain/risc-v embedded gcc/bin/../lib/gcc/riscv-none-embed/8.2.0/../../../../riscv-none-embed/lib/rv32imacxw/ilp32\libg_nano.a(lib_a-stdio.o)
 .debug_frame   0x0000000000001f04       0x30 a:/mounriver_studio/toolchain/risc-v embedded gcc/bin/../lib/gcc/riscv-none-embed/8.2.0/../../../../riscv-none-embed/lib/rv32imacxw/ilp32\libg_nano.a(lib_a-writer.o)
 .debug_frame   0x0000000000001f34       0x30 a:/mounriver_studio/toolchain/risc-v embedded gcc/bin/../lib/gcc/riscv-none-embed/8.2.0/../../../../riscv-none-embed/lib/rv32imacxw/ilp32\libg_nano.a(lib_a-closer.o)
 .debug_frame   0x0000000000001f64       0x30 a:/mounriver_studio/toolchain/risc-v embedded gcc/bin/../lib/gcc/riscv-none-embed/8.2.0/../../../../riscv-none-embed/lib/rv32imacxw/ilp32\libg_nano.a(lib_a-fstatr.o)
 .debug_frame   0x0000000000001f94       0x30 a:/mounriver_studio/toolchain/risc-v embedded gcc/bin/../lib/gcc/riscv-none-embed/8.2.0/../../../../riscv-none-embed/lib/rv32imacxw/ilp32\libg_nano.a(lib_a-isattyr.o)
 .debug_frame   0x0000000000001fc4       0x30 a:/mounriver_studio/toolchain/risc-v embedded gcc/bin/../lib/gcc/riscv-none-embed/8.2.0/../../../../riscv-none-embed/lib/rv32imacxw/ilp32\libg_nano.a(lib_a-lseekr.o)
 .debug_frame   0x0000000000001ff4       0x20 a:/mounriver_studio/toolchain/risc-v embedded gcc/bin/../lib/gcc/riscv-none-embed/8.2.0/../../../../riscv-none-embed/lib/rv32imacxw/ilp32\libg_nano.a(lib_a-memchr.o)
 .debug_frame   0x0000000000002014       0x20 a:/mounriver_studio/toolchain/risc-v embedded gcc/bin/../lib/gcc/riscv-none-embed/8.2.0/../../../../riscv-none-embed/lib/rv32imacxw/ilp32\libg_nano.a(lib_a-memmove.o)
 .debug_frame   0x0000000000002034       0x40 a:/mounriver_studio/toolchain/risc-v embedded gcc/bin/../lib/gcc/riscv-none-embed/8.2.0/../../../../riscv-none-embed/lib/rv32imacxw/ilp32\libg_nano.a(lib_a-nano-reallocr.o)
 .debug_frame   0x0000000000002074       0x30 a:/mounriver_studio/toolchain/risc-v embedded gcc/bin/../lib/gcc/riscv-none-embed/8.2.0/../../../../riscv-none-embed/lib/rv32imacxw/ilp32\libg_nano.a(lib_a-readr.o)
 .debug_frame   0x00000000000020a4       0x20 a:/mounriver_studio/toolchain/risc-v embedded gcc/bin/../lib/gcc/riscv-none-embed/8.2.0/../../../../riscv-none-embed/lib/rv32imacxw/ilp32\libg_nano.a(lib_a-nano-msizer.o)
 .debug_frame   0x00000000000020c4       0x20 a:/mounriver_studio/toolchain/risc-v embedded gcc/bin/../lib/gcc/riscv-none-embed/8.2.0/../../../../riscv-none-embed/lib/rv32imacxw/ilp32\libnosys.a(close.o)
 .debug_frame   0x00000000000020e4       0x20 a:/mounriver_studio/toolchain/risc-v embedded gcc/bin/../lib/gcc/riscv-none-embed/8.2.0/../../../../riscv-none-embed/lib/rv32imacxw/ilp32\libnosys.a(fstat.o)
 .debug_frame   0x0000000000002104       0x20 a:/mounriver_studio/toolchain/risc-v embedded gcc/bin/../lib/gcc/riscv-none-embed/8.2.0/../../../../riscv-none-embed/lib/rv32imacxw/ilp32\libnosys.a(isatty.o)
 .debug_frame   0x0000000000002124       0x20 a:/mounriver_studio/toolchain/risc-v embedded gcc/bin/../lib/gcc/riscv-none-embed/8.2.0/../../../../riscv-none-embed/lib/rv32imacxw/ilp32\libnosys.a(lseek.o)
 .debug_frame   0x0000000000002144       0x20 a:/mounriver_studio/toolchain/risc-v embedded gcc/bin/../lib/gcc/riscv-none-embed/8.2.0/../../../../riscv-none-embed/lib/rv32imacxw/ilp32\libnosys.a(read.o)

.debug_loc      0x0000000000000000     0x48bf
 .debug_loc     0x0000000000000000      0x163 ./User/system_ch32v30x.o
 .debug_loc     0x0000000000000163       0x6e ./Peripheral/src/ch32v30x_dbgmcu.o
 .debug_loc     0x00000000000001d1      0x19a ./Peripheral/src/ch32v30x_dma.o
 .debug_loc     0x000000000000036b      0x72b ./Peripheral/src/ch32v30x_gpio.o
 .debug_loc     0x0000000000000a96       0x61 ./Peripheral/src/ch32v30x_misc.o
 .debug_loc     0x0000000000000af7      0xadb ./Peripheral/src/ch32v30x_rcc.o
 .debug_loc     0x00000000000015d2      0x598 ./Peripheral/src/ch32v30x_spi.o
 .debug_loc     0x0000000000001b6a     0x18a6 ./Peripheral/src/ch32v30x_tim.o
 .debug_loc     0x0000000000003410      0x779 ./Peripheral/src/ch32v30x_usart.o
 .debug_loc     0x0000000000003b89      0x177 ./Debug/debug.o
 .debug_loc     0x0000000000003d00      0x938 ./BSP/MFRC522.o
 .debug_loc     0x0000000000004638      0x19d ./BSP/ringbuffer.o
 .debug_loc     0x00000000000047d5       0x1f ./BSP/schedule.o
 .debug_loc     0x00000000000047f4       0xcb ./BSP/usart.o

.stab           0x0000000000000000       0x84
 .stab          0x0000000000000000       0x24 a:/mounriver_studio/toolchain/risc-v embedded gcc/bin/../lib/gcc/riscv-none-embed/8.2.0/../../../../riscv-none-embed/lib/rv32imacxw/ilp32\libnosys.a(close.o)
 .stab          0x0000000000000024       0x18 a:/mounriver_studio/toolchain/risc-v embedded gcc/bin/../lib/gcc/riscv-none-embed/8.2.0/../../../../riscv-none-embed/lib/rv32imacxw/ilp32\libnosys.a(fstat.o)
                                         0x24 (size before relaxing)
 .stab          0x000000000000003c       0x18 a:/mounriver_studio/toolchain/risc-v embedded gcc/bin/../lib/gcc/riscv-none-embed/8.2.0/../../../../riscv-none-embed/lib/rv32imacxw/ilp32\libnosys.a(isatty.o)
                                         0x24 (size before relaxing)
 .stab          0x0000000000000054       0x18 a:/mounriver_studio/toolchain/risc-v embedded gcc/bin/../lib/gcc/riscv-none-embed/8.2.0/../../../../riscv-none-embed/lib/rv32imacxw/ilp32\libnosys.a(lseek.o)
                                         0x24 (size before relaxing)
 .stab          0x000000000000006c       0x18 a:/mounriver_studio/toolchain/risc-v embedded gcc/bin/../lib/gcc/riscv-none-embed/8.2.0/../../../../riscv-none-embed/lib/rv32imacxw/ilp32\libnosys.a(read.o)
                                         0x24 (size before relaxing)

.stabstr        0x0000000000000000      0x117
 .stabstr       0x0000000000000000      0x117 a:/mounriver_studio/toolchain/risc-v embedded gcc/bin/../lib/gcc/riscv-none-embed/8.2.0/../../../../riscv-none-embed/lib/rv32imacxw/ilp32\libnosys.a(close.o)
