Archive member included to satisfy reference by file (symbol)

a:/mounriver_studio/toolchain/risc-v embedded gcc/bin/../lib/gcc/riscv-none-embed/8.2.0/rv32imacxw/ilp32\libgcc.a(save-restore.o)
                              ./BSP/MFRC522.o (__riscv_save_8)
a:/mounriver_studio/toolchain/risc-v embedded gcc/bin/../lib/gcc/riscv-none-embed/8.2.0/../../../../riscv-none-embed/lib/rv32imacxw/ilp32\libg_nano.a(lib_a-gmtime.o)
                              ./BSP/RTC.o (gmtime)
a:/mounriver_studio/toolchain/risc-v embedded gcc/bin/../lib/gcc/riscv-none-embed/8.2.0/../../../../riscv-none-embed/lib/rv32imacxw/ilp32\libg_nano.a(lib_a-gmtime_r.o)
                              a:/mounriver_studio/toolchain/risc-v embedded gcc/bin/../lib/gcc/riscv-none-embed/8.2.0/../../../../riscv-none-embed/lib/rv32imacxw/ilp32\libg_nano.a(lib_a-gmtime.o) (gmtime_r)
a:/mounriver_studio/toolchain/risc-v embedded gcc/bin/../lib/gcc/riscv-none-embed/8.2.0/../../../../riscv-none-embed/lib/rv32imacxw/ilp32\libg_nano.a(lib_a-impure.o)
                              a:/mounriver_studio/toolchain/risc-v embedded gcc/bin/../lib/gcc/riscv-none-embed/8.2.0/../../../../riscv-none-embed/lib/rv32imacxw/ilp32\libg_nano.a(lib_a-gmtime.o) (_impure_ptr)
a:/mounriver_studio/toolchain/risc-v embedded gcc/bin/../lib/gcc/riscv-none-embed/8.2.0/../../../../riscv-none-embed/lib/rv32imacxw/ilp32\libg_nano.a(lib_a-malloc.o)
                              ./BSP/ringbuffer.o (malloc)
a:/mounriver_studio/toolchain/risc-v embedded gcc/bin/../lib/gcc/riscv-none-embed/8.2.0/../../../../riscv-none-embed/lib/rv32imacxw/ilp32\libg_nano.a(lib_a-memcpy.o)
                              ./BSP/MFRC522.o (memcpy)
a:/mounriver_studio/toolchain/risc-v embedded gcc/bin/../lib/gcc/riscv-none-embed/8.2.0/../../../../riscv-none-embed/lib/rv32imacxw/ilp32\libg_nano.a(lib_a-memset.o)
                              ./BSP/MFRC522.o (memset)
a:/mounriver_studio/toolchain/risc-v embedded gcc/bin/../lib/gcc/riscv-none-embed/8.2.0/../../../../riscv-none-embed/lib/rv32imacxw/ilp32\libg_nano.a(lib_a-mktime.o)
                              ./BSP/RTC.o (mktime)
a:/mounriver_studio/toolchain/risc-v embedded gcc/bin/../lib/gcc/riscv-none-embed/8.2.0/../../../../riscv-none-embed/lib/rv32imacxw/ilp32\libg_nano.a(lib_a-nano-freer.o)
                              a:/mounriver_studio/toolchain/risc-v embedded gcc/bin/../lib/gcc/riscv-none-embed/8.2.0/../../../../riscv-none-embed/lib/rv32imacxw/ilp32\libg_nano.a(lib_a-malloc.o) (_free_r)
a:/mounriver_studio/toolchain/risc-v embedded gcc/bin/../lib/gcc/riscv-none-embed/8.2.0/../../../../riscv-none-embed/lib/rv32imacxw/ilp32\libg_nano.a(lib_a-nano-mallocr.o)
                              a:/mounriver_studio/toolchain/risc-v embedded gcc/bin/../lib/gcc/riscv-none-embed/8.2.0/../../../../riscv-none-embed/lib/rv32imacxw/ilp32\libg_nano.a(lib_a-malloc.o) (_malloc_r)
a:/mounriver_studio/toolchain/risc-v embedded gcc/bin/../lib/gcc/riscv-none-embed/8.2.0/../../../../riscv-none-embed/lib/rv32imacxw/ilp32\libg_nano.a(lib_a-printf.o)
                              ./User/main.o (printf)
a:/mounriver_studio/toolchain/risc-v embedded gcc/bin/../lib/gcc/riscv-none-embed/8.2.0/../../../../riscv-none-embed/lib/rv32imacxw/ilp32\libg_nano.a(lib_a-puts.o)
                              ./User/main.o (puts)
a:/mounriver_studio/toolchain/risc-v embedded gcc/bin/../lib/gcc/riscv-none-embed/8.2.0/../../../../riscv-none-embed/lib/rv32imacxw/ilp32\libg_nano.a(lib_a-sbrkr.o)
                              a:/mounriver_studio/toolchain/risc-v embedded gcc/bin/../lib/gcc/riscv-none-embed/8.2.0/../../../../riscv-none-embed/lib/rv32imacxw/ilp32\libg_nano.a(lib_a-nano-mallocr.o) (_sbrk_r)
a:/mounriver_studio/toolchain/risc-v embedded gcc/bin/../lib/gcc/riscv-none-embed/8.2.0/../../../../riscv-none-embed/lib/rv32imacxw/ilp32\libg_nano.a(lib_a-strcmp.o)
                              ./BSP/MFRC522.o (strcmp)
a:/mounriver_studio/toolchain/risc-v embedded gcc/bin/../lib/gcc/riscv-none-embed/8.2.0/../../../../riscv-none-embed/lib/rv32imacxw/ilp32\libg_nano.a(lib_a-strlen.o)
                              ./BSP/usart.o (strlen)
a:/mounriver_studio/toolchain/risc-v embedded gcc/bin/../lib/gcc/riscv-none-embed/8.2.0/../../../../riscv-none-embed/lib/rv32imacxw/ilp32\libg_nano.a(lib_a-tzcalc_limits.o)
                              a:/mounriver_studio/toolchain/risc-v embedded gcc/bin/../lib/gcc/riscv-none-embed/8.2.0/../../../../riscv-none-embed/lib/rv32imacxw/ilp32\libg_nano.a(lib_a-mktime.o) (__tzcalc_limits)
a:/mounriver_studio/toolchain/risc-v embedded gcc/bin/../lib/gcc/riscv-none-embed/8.2.0/../../../../riscv-none-embed/lib/rv32imacxw/ilp32\libg_nano.a(lib_a-tzlock.o)
                              a:/mounriver_studio/toolchain/risc-v embedded gcc/bin/../lib/gcc/riscv-none-embed/8.2.0/../../../../riscv-none-embed/lib/rv32imacxw/ilp32\libg_nano.a(lib_a-mktime.o) (__tz_lock)
[...]
Memory Configuration

Name             Origin             Length             Attributes
FLASH            0x0000000000000000 0x0000000000048000 xr
RAM              0x0000000020000000 0x0000000000008000 xrw
*default*        0x0000000000000000 0xffffffffffffffff

Linker script and memory map

LOAD ./User/ch32v30x_it.o
LOAD ./User/main.o
LOAD ./User/system_ch32v30x.o
LOAD ./Startup/startup_ch32v30x_D8C.o
LOAD ./Peripheral/src/ch32v30x_adc.o
LOAD ./Peripheral/src/ch32v30x_bkp.o
LOAD ./Peripheral/src/ch32v30x_can.o
LOAD ./Peripheral/src/ch32v30x_crc.o
LOAD ./Peripheral/src/ch32v30x_dac.o
LOAD ./Peripheral/src/ch32v30x_dbgmcu.o
LOAD ./Peripheral/src/ch32v30x_dma.o
LOAD ./Peripheral/src/ch32v30x_dvp.o
LOAD ./Peripheral/src/ch32v30x_eth.o
LOAD ./Peripheral/src/ch32v30x_exti.o
LOAD ./Peripheral/src/ch32v30x_flash.o
LOAD ./Peripheral/src/ch32v30x_fsmc.o
LOAD ./Peripheral/src/ch32v30x_gpio.o
LOAD ./Peripheral/src/ch32v30x_i2c.o
LOAD ./Peripheral/src/ch32v30x_iwdg.o
LOAD ./Peripheral/src/ch32v30x_misc.o
LOAD ./Peripheral/src/ch32v30x_opa.o
LOAD ./Peripheral/src/ch32v30x_pwr.o
LOAD ./Peripheral/src/ch32v30x_rcc.o
LOAD ./Peripheral/src/ch32v30x_rng.o
LOAD ./Peripheral/src/ch32v30x_rtc.o
LOAD ./Peripheral/src/ch32v30x_sdio.o
LOAD ./Peripheral/src/ch32v30x_spi.o
LOAD ./Peripheral/src/ch32v30x_tim.o
LOAD ./Peripheral/src/ch32v30x_usart.o
LOAD ./Peripheral/src/ch32v30x_wwdg.o
LOAD ./Debug/debug.o
LOAD ./Core/core_riscv.o
LOAD ./BSP/ESP8266.o
LOAD ./BSP/MFRC522.o
LOAD ./BSP/RTC.o
LOAD ./BSP/Relay.o
LOAD ./BSP/SD.o
LOAD ./BSP/as608.o
LOAD ./BSP/finger.o
LOAD ./BSP/parse.o
LOAD ./BSP/ringbuffer.o
LOAD ./BSP/schedule.o
LOAD ./BSP/seg.o
LOAD ./BSP/tim.o
LOAD ./BSP/usart.o
LOAD a:/mounriver_studio/toolchain/risc-v embedded gcc/bin/../lib/gcc/riscv-none-embed/8.2.0/../../../../riscv-none-embed/lib/rv32imacxw/ilp32\libm.a
LOAD a:/mounriver_studio/toolchain/risc-v embedded gcc/bin/../lib/gcc/riscv-none-embed/8.2.0/rv32imacxw/ilp32\libgcc.a
LOAD a:/mounriver_studio/toolchain/risc-v embedded gcc/bin/../lib/gcc/riscv-none-embed/8.2.0/../../../../riscv-none-embed/lib/rv32imacxw/ilp32\libg_nano.a
LOAD a:/mounriver_studio/toolchain/risc-v embedded gcc/bin/../lib/gcc/riscv-none-embed/8.2.0/../../../../riscv-none-embed/lib/rv32imacxw/ilp32\libc_nano.a
LOAD a:/mounriver_studio/toolchain/risc-v embedded gcc/bin/../lib/gcc/riscv-none-embed/8.2.0/rv32imacxw/ilp32\libgcc.a
START GROUP
LOAD a:/mounriver_studio/toolchain/risc-v embedded gcc/bin/../lib/gcc/riscv-none-embed/8.2.0/rv32imacxw/ilp32\libgcc.a
LOAD a:/mounriver_studio/toolchain/risc-v embedded gcc/bin/../lib/gcc/riscv-none-embed/8.2.0/../../../../riscv-none-embed/lib/rv32imacxw/ilp32\libc_nano.a
LOAD a:/mounriver_studio/toolchain/risc-v embedded gcc/bin/../lib/gcc/riscv-none-embed/8.2.0/../../../../riscv-none-embed/lib/rv32imacxw/ilp32\libnosys.a
END GROUP
START GROUP
LOAD a:/mounriver_studio/toolchain/risc-v embedded gcc/bin/../lib/gcc/riscv-none-embed/8.2.0/rv32imacxw/ilp32\libgcc.a
LOAD a:/mounriver_studio/toolchain/risc-v embedded gcc/bin/../lib/gcc/riscv-none-embed/8.2.0/../../../../riscv-none-embed/lib/rv32imacxw/ilp32\libc_nano.a
LOAD a:/mounriver_studio/toolchain/risc-v embedded gcc/bin/../lib/gcc/riscv-none-embed/8.2.0/../../../../riscv-none-embed/lib/rv32imacxw/ilp32\libnosys.a
END GROUP
                0x0000000000000800                __stack_size = 0x800
                [!provide]                        PROVIDE (_stack_size = __stack_size)

.init           0x0000000000000000        0x4
                0x0000000000000000                _sinit = .
                0x0000000000000000                . = ALIGN (0x4)
 *(SORT_NONE(.init))
 .init          0x0000000000000000        0x4 ./Startup/startup_ch32v30x_D8C.o
                0x0000000000000000                _start
                0x0000000000000004                . = ALIGN (0x4)
                0x0000000000000004                _einit = .

.vector         0x0000000000000004      0x1bc
 *(.vector)
 .vector        0x0000000000000004      0x1a0 ./Startup/startup_ch32v30x_D8C.o
                0x00000000000001c0                . = ALIGN (0x40)
 *fill*         0x00000000000001a4       0x1c 

.text           0x00000000000001c0     0x62ac
                0x00000000000001c0                . = ALIGN (0x4)
 *(.text)
 .text          0x00000000000001c0       0x60 a:/mounriver_studio/toolchain/risc-v embedded gcc/bin/../lib/gcc/riscv-none-embed/8.2.0/rv32imacxw/ilp32\libgcc.a(save-restore.o)
                0x00000000000001c0                __riscv_save_12
                0x00000000000001c8                __riscv_save_9
                0x00000000000001c8                __riscv_save_11
                0x00000000000001c8                __riscv_save_10
                0x00000000000001c8                __riscv_save_8
                0x00000000000001d6                __riscv_save_4
                0x00000000000001d6                __riscv_save_6
                0x00000000000001d6                __riscv_save_5
                0x00000000000001d6                __riscv_save_7
                0x00000000000001f0                __riscv_save_3
                0x00000000000001f0                __riscv_save_2
                0x00000000000001f0                __riscv_save_1
                0x00000000000001f0                __riscv_save_0
                0x00000000000001fc                __riscv_restore_12
                0x0000000000000200                __riscv_restore_11
                0x0000000000000200                __riscv_restore_9
                0x0000000000000200                __riscv_restore_10
                0x0000000000000200                __riscv_restore_8
                0x000000000000020a                __riscv_restore_5
                0x000000000000020a                __riscv_restore_7
                0x000000000000020a                __riscv_restore_6
                0x000000000000020a                __riscv_restore_4
                0x0000000000000214                __riscv_restore_3
                0x0000000000000214                __riscv_restore_0
                0x0000000000000214                __riscv_restore_2
                0x0000000000000214                __riscv_restore_1
 .text          0x0000000000000220       0xa8 a:/mounriver_studio/toolchain/risc-v embedded gcc/bin/../lib/gcc/riscv-none-embed/8.2.0/../../../../riscv-none-embed/lib/rv32imacxw/ilp32\libg_nano.a(lib_a-memset.o)
                0x0000000000000220                memset
 .text          0x00000000000002c8      0x11a a:/mounriver_studio/toolchain/risc-v embedded gcc/bin/../lib/gcc/riscv-none-embed/8.2.0/../../../../riscv-none-embed/lib/rv32imacxw/ilp32\libg_nano.a(lib_a-strcmp.o)
                0x00000000000002c8                strcmp
 *(.text.*)
 .text.NMI_Handler
                0x00000000000003e2        0x2 ./User/ch32v30x_it.o
                0x00000000000003e2                NMI_Handler
 .text.HardFault_Handler
                0x00000000000003e4       0x10 ./User/ch32v30x_it.o
                0x00000000000003e4                HardFault_Handler
 .text.startup.main
                0x00000000000003f4       0x8e ./User/main.o
                0x00000000000003f4                main
 .text.SystemInit
                0x0000000000000482       0xb2 ./User/system_ch32v30x.o
                0x0000000000000482                SystemInit
 .text.SystemCoreClockUpdate
                0x0000000000000534      0x12e ./User/system_ch32v30x.o
                0x0000000000000534                SystemCoreClockUpdate
 .text.vector_handler
                0x0000000000000662        0x2 ./Startup/startup_ch32v30x_D8C.o
                0x0000000000000662                EXTI2_IRQHandler
                0x0000000000000662                TIM8_TRG_COM_IRQHandler
                0x0000000000000662                TIM8_CC_IRQHandler
                0x0000000000000662                UART8_IRQHandler
                0x0000000000000662                TIM1_CC_IRQHandler
                0x0000000000000662                TIM6_IRQHandler
                0x0000000000000662                SysTick_Handler
                0x0000000000000662                PVD_IRQHandler
                0x0000000000000662                SDIO_IRQHandler
                0x0000000000000662                TIM9_BRK_IRQHandler
                0x0000000000000662                DMA2_Channel8_IRQHandler
                0x0000000000000662                CAN2_RX1_IRQHandler
                0x0000000000000662                EXTI3_IRQHandler
                0x0000000000000662                USBHS_IRQHandler
                0x0000000000000662                DMA2_Channel9_IRQHandler
                0x0000000000000662                TIM10_CC_IRQHandler
                0x0000000000000662                USBFS_IRQHandler
                0x0000000000000662                EXTI0_IRQHandler
                0x0000000000000662                I2C2_EV_IRQHandler
                0x0000000000000662                TIM10_TRG_COM_IRQHandler
                0x0000000000000662                CAN2_SCE_IRQHandler
                0x0000000000000662                ADC1_2_IRQHandler
                0x0000000000000662                Break_Point_Handler
                0x0000000000000662                SPI1_IRQHandler
                0x0000000000000662                TAMPER_IRQHandler
                0x0000000000000662                CAN2_RX0_IRQHandler
                0x0000000000000662                TIM8_UP_IRQHandler
                0x0000000000000662                Ecall_M_Mode_Handler
                0x0000000000000662                DMA2_Channel2_IRQHandler
                0x0000000000000662                DMA1_Channel4_IRQHandler
                0x0000000000000662                TIM9_UP_IRQHandler
                0x0000000000000662                RTC_IRQHandler
                0x0000000000000662                DMA1_Channel7_IRQHandler
                0x0000000000000662                CAN1_RX1_IRQHandler
                0x0000000000000662                DVP_IRQHandler
                0x0000000000000662                UART5_IRQHandler
                0x0000000000000662                TIM4_IRQHandler
                0x0000000000000662                DMA2_Channel1_IRQHandler
                0x0000000000000662                I2C1_EV_IRQHandler
                0x0000000000000662                DMA1_Channel6_IRQHandler
                0x0000000000000662                DMA2_Channel4_IRQHandler
                0x0000000000000662                TIM3_IRQHandler
                0x0000000000000662                RCC_IRQHandler
                0x0000000000000662                TIM1_TRG_COM_IRQHandler
                0x0000000000000662                DMA2_Channel7_IRQHandler
                0x0000000000000662                EXTI15_10_IRQHandler
                0x0000000000000662                TIM7_IRQHandler
                0x0000000000000662                CAN2_TX_IRQHandler
                0x0000000000000662                TIM5_IRQHandler
                0x0000000000000662                EXTI9_5_IRQHandler
                0x0000000000000662                ETH_WKUP_IRQHandler
                0x0000000000000662                SPI2_IRQHandler
                0x0000000000000662                TIM10_BRK_IRQHandler
                0x0000000000000662                TIM9_CC_IRQHandler
                0x0000000000000662                DMA2_Channel5_IRQHandler
                0x0000000000000662                DMA1_Channel5_IRQHandler
                0x0000000000000662                EXTI4_IRQHandler
                0x0000000000000662                USB_LP_CAN1_RX0_IRQHandler
                0x0000000000000662                RNG_IRQHandler
                0x0000000000000662                USB_HP_CAN1_TX_IRQHandler
                0x0000000000000662                DMA1_Channel3_IRQHandler
                0x0000000000000662                ETH_IRQHandler
                0x0000000000000662                TIM1_UP_IRQHandler
                0x0000000000000662                WWDG_IRQHandler
                0x0000000000000662                USBHSWakeup_IRQHandler
                0x0000000000000662                DMA2_Channel11_IRQHandler
                0x0000000000000662                Ecall_U_Mode_Handler
                0x0000000000000662                DMA2_Channel6_IRQHandler
                0x0000000000000662                SW_Handler
                0x0000000000000662                TIM1_BRK_IRQHandler
                0x0000000000000662                DMA2_Channel10_IRQHandler
                0x0000000000000662                EXTI1_IRQHandler
                0x0000000000000662                RTCAlarm_IRQHandler
                0x0000000000000662                TIM10_UP_IRQHandler
                0x0000000000000662                TIM9_TRG_COM_IRQHandler
                0x0000000000000662                UART7_IRQHandler
                0x0000000000000662                I2C2_ER_IRQHandler
                0x0000000000000662                TIM8_BRK_IRQHandler
                0x0000000000000662                CAN1_SCE_IRQHandler
                0x0000000000000662                FLASH_IRQHandler
                0x0000000000000662                USART1_IRQHandler
                0x0000000000000662                SPI3_IRQHandler
                0x0000000000000662                I2C1_ER_IRQHandler
                0x0000000000000662                USBWakeUp_IRQHandler
                0x0000000000000662                DMA2_Channel3_IRQHandler
 .text.handle_reset
                0x0000000000000664       0x8e ./Startup/startup_ch32v30x_D8C.o
                0x0000000000000664                handle_reset
 .text.DBGMCU_GetCHIPID
                0x00000000000006f2        0xa ./Peripheral/src/ch32v30x_dbgmcu.o
                0x00000000000006f2                DBGMCU_GetCHIPID
 .text.DMA_DeInit
                0x00000000000006fc      0x16c ./Peripheral/src/ch32v30x_dma.o
                0x00000000000006fc                DMA_DeInit
 .text.DMA_Init
                0x0000000000000868       0x38 ./Peripheral/src/ch32v30x_dma.o
                0x0000000000000868                DMA_Init
 .text.DMA_Cmd  0x00000000000008a0       0x14 ./Peripheral/src/ch32v30x_dma.o
                0x00000000000008a0                DMA_Cmd
 .text.DMA_GetCurrDataCounter
                0x00000000000008b4        0x8 ./Peripheral/src/ch32v30x_dma.o
                0x00000000000008b4                DMA_GetCurrDataCounter
 .text.DMA_GetFlagStatus
                0x00000000000008bc       0x32 ./Peripheral/src/ch32v30x_dma.o
                0x00000000000008bc                DMA_GetFlagStatus
 .text.DMA_ClearFlag
                0x00000000000008ee       0x2c ./Peripheral/src/ch32v30x_dma.o
                0x00000000000008ee                DMA_ClearFlag
 .text.DMA_GetITStatus
                0x000000000000091a        0x8 ./Peripheral/src/ch32v30x_dma.o
                0x000000000000091a                DMA_GetITStatus
 .text.DMA_ClearITPendingBit
                0x0000000000000922        0x8 ./Peripheral/src/ch32v30x_dma.o
                0x0000000000000922                DMA_ClearITPendingBit
 .text.GPIO_Init
                0x000000000000092a       0xc0 ./Peripheral/src/ch32v30x_gpio.o
                0x000000000000092a                GPIO_Init
 .text.GPIO_SetBits
                0x00000000000009ea        0x4 ./Peripheral/src/ch32v30x_gpio.o
                0x00000000000009ea                GPIO_SetBits
 .text.GPIO_ResetBits
                0x00000000000009ee        0x4 ./Peripheral/src/ch32v30x_gpio.o
                0x00000000000009ee                GPIO_ResetBits
 .text.NVIC_PriorityGroupConfig
                0x00000000000009f2        0x6 ./Peripheral/src/ch32v30x_misc.o
                0x00000000000009f2                NVIC_PriorityGroupConfig
 .text.NVIC_Init
                0x00000000000009f8       0x5c ./Peripheral/src/ch32v30x_misc.o
                0x00000000000009f8                NVIC_Init
 .text.PWR_BackupAccessCmd
                0x0000000000000a54       0x16 ./Peripheral/src/ch32v30x_pwr.o
                0x0000000000000a54                PWR_BackupAccessCmd
 .text.RCC_LSICmd
                0x0000000000000a6a       0x14 ./Peripheral/src/ch32v30x_rcc.o
                0x0000000000000a6a                RCC_LSICmd
 .text.RCC_RTCCLKConfig
                0x0000000000000a7e        0xc ./Peripheral/src/ch32v30x_rcc.o
                0x0000000000000a7e                RCC_RTCCLKConfig
 .text.RCC_RTCCLKCmd
                0x0000000000000a8a       0x20 ./Peripheral/src/ch32v30x_rcc.o
                0x0000000000000a8a                RCC_RTCCLKCmd
 .text.RCC_GetClocksFreq
                0x0000000000000aaa      0x17a ./Peripheral/src/ch32v30x_rcc.o
                0x0000000000000aaa                RCC_GetClocksFreq
 .text.RCC_AHBPeriphClockCmd
                0x0000000000000c24       0x1e ./Peripheral/src/ch32v30x_rcc.o
                0x0000000000000c24                RCC_AHBPeriphClockCmd
 .text.RCC_APB2PeriphClockCmd
                0x0000000000000c42       0x1e ./Peripheral/src/ch32v30x_rcc.o
                0x0000000000000c42                RCC_APB2PeriphClockCmd
 .text.RCC_APB1PeriphClockCmd
                0x0000000000000c60       0x1e ./Peripheral/src/ch32v30x_rcc.o
                0x0000000000000c60                RCC_APB1PeriphClockCmd
 .text.RCC_GetFlagStatus
                0x0000000000000c7e       0x2e ./Peripheral/src/ch32v30x_rcc.o
                0x0000000000000c7e                RCC_GetFlagStatus
 .text.RTC_EnterConfigMode
                0x0000000000000cac       0x12 ./Peripheral/src/ch32v30x_rtc.o
                0x0000000000000cac                RTC_EnterConfigMode
 .text.RTC_ExitConfigMode
                0x0000000000000cbe       0x18 ./Peripheral/src/ch32v30x_rtc.o
                0x0000000000000cbe                RTC_ExitConfigMode
 .text.RTC_GetCounter
                0x0000000000000cd6       0x5a ./Peripheral/src/ch32v30x_rtc.o
                0x0000000000000cd6                RTC_GetCounter
 .text.RTC_SetCounter
                0x0000000000000d30       0x28 ./Peripheral/src/ch32v30x_rtc.o
                0x0000000000000d30                RTC_SetCounter
 .text.RTC_SetPrescaler
                0x0000000000000d58       0x2a ./Peripheral/src/ch32v30x_rtc.o
                0x0000000000000d58                RTC_SetPrescaler
 .text.RTC_WaitForLastTask
                0x0000000000000d82       0x10 ./Peripheral/src/ch32v30x_rtc.o
                0x0000000000000d82                RTC_WaitForLastTask
 .text.RTC_WaitForSynchro
                0x0000000000000d92       0x24 ./Peripheral/src/ch32v30x_rtc.o
                0x0000000000000d92                RTC_WaitForSynchro
 .text.SPI_Init
                0x0000000000000db6       0x3e ./Peripheral/src/ch32v30x_spi.o
                0x0000000000000db6                SPI_Init
 .text.SPI_Cmd  0x0000000000000df4       0x1a ./Peripheral/src/ch32v30x_spi.o
                0x0000000000000df4                SPI_Cmd
 .text.SPI_I2S_SendData
                0x0000000000000e0e        0x4 ./Peripheral/src/ch32v30x_spi.o
                0x0000000000000e0e                SPI_I2S_SendData
 .text.SPI_I2S_ReceiveData
                0x0000000000000e12        0x4 ./Peripheral/src/ch32v30x_spi.o
                0x0000000000000e12                SPI_I2S_ReceiveData
 .text.SPI_I2S_GetFlagStatus
                0x0000000000000e16        0xa ./Peripheral/src/ch32v30x_spi.o
                0x0000000000000e16                SPI_I2S_GetFlagStatus
 .text.TIM_TimeBaseInit
                0x0000000000000e20       0xaa ./Peripheral/src/ch32v30x_tim.o
                0x0000000000000e20                TIM_TimeBaseInit
 .text.TIM_Cmd  0x0000000000000eca       0x18 ./Peripheral/src/ch32v30x_tim.o
                0x0000000000000eca                TIM_Cmd
 .text.TIM_ITConfig
                0x0000000000000ee2       0x12 ./Peripheral/src/ch32v30x_tim.o
                0x0000000000000ee2                TIM_ITConfig
 .text.TIM_InternalClockConfig
                0x0000000000000ef4       0x10 ./Peripheral/src/ch32v30x_tim.o
                0x0000000000000ef4                TIM_InternalClockConfig
 .text.TIM_GetFlagStatus
                0x0000000000000f04        0xa ./Peripheral/src/ch32v30x_tim.o
                0x0000000000000f04                TIM_GetFlagStatus
 .text.TIM_ClearFlag
                0x0000000000000f0e        0xc ./Peripheral/src/ch32v30x_tim.o
                0x0000000000000f0e                TIM_ClearFlag
 .text.TIM_ClearITPendingBit
                0x0000000000000f1a        0xc ./Peripheral/src/ch32v30x_tim.o
                0x0000000000000f1a                TIM_ClearITPendingBit
 .text.USART_Init
                0x0000000000000f26       0x8e ./Peripheral/src/ch32v30x_usart.o
                0x0000000000000f26                USART_Init
 .text.USART_Cmd
                0x0000000000000fb4       0x16 ./Peripheral/src/ch32v30x_usart.o
                0x0000000000000fb4                USART_Cmd
 .text.USART_ITConfig
                0x0000000000000fca       0x36 ./Peripheral/src/ch32v30x_usart.o
                0x0000000000000fca                USART_ITConfig
 .text.USART_DMACmd
                0x0000000000001000       0x12 ./Peripheral/src/ch32v30x_usart.o
                0x0000000000001000                USART_DMACmd
 .text.USART_SendData
                0x0000000000001012        0x8 ./Peripheral/src/ch32v30x_usart.o
                0x0000000000001012                USART_SendData
 .text.USART_GetFlagStatus
                0x000000000000101a        0xa ./Peripheral/src/ch32v30x_usart.o
                0x000000000000101a                USART_GetFlagStatus
 .text.USART_GetITStatus
                0x0000000000001024       0x3c ./Peripheral/src/ch32v30x_usart.o
                0x0000000000001024                USART_GetITStatus
 .text.USART_ClearITPendingBit
                0x0000000000001060       0x14 ./Peripheral/src/ch32v30x_usart.o
                0x0000000000001060                USART_ClearITPendingBit
 .text.Delay_Init
                0x0000000000001074       0x2a ./Debug/debug.o
                0x0000000000001074                Delay_Init
 .text.Delay_Us
                0x000000000000109e       0x36 ./Debug/debug.o
                0x000000000000109e                Delay_Us
 .text.USART_Printf_Init
                0x00000000000010d4       0x54 ./Debug/debug.o
                0x00000000000010d4                USART_Printf_Init
 .text._write   0x0000000000001128       0x3a ./Debug/debug.o
                0x0000000000001128                _write
 .text._sbrk    0x0000000000001162       0x2a ./Debug/debug.o
                0x0000000000001162                _sbrk
 .text.MFRC522_Init
                0x000000000000118c       0x94 ./BSP/MFRC522.o
                0x000000000000118c                MFRC522_Init
 .text.Read_MFRC522
                0x0000000000001220       0xc6 ./BSP/MFRC522.o
                0x0000000000001220                Read_MFRC522
 .text.Write_MFRC522
                0x00000000000012e6       0xbe ./BSP/MFRC522.o
                0x00000000000012e6                Write_MFRC522
 .text.MFRC522_Reset
                0x00000000000013a4       0x96 ./BSP/MFRC522.o
                0x00000000000013a4                MFRC522_Reset
 .text.SetBitMask
                0x000000000000143a       0x1e ./BSP/MFRC522.o
                0x000000000000143a                SetBitMask
 .text.ClearBitMask
                0x0000000000001458       0x22 ./BSP/MFRC522.o
                0x0000000000001458                ClearBitMask
 .text.MFRC522_ToCard
                0x000000000000147a      0x116 ./BSP/MFRC522.o
                0x000000000000147a                MFRC522_ToCard
 .text.MFRC522_AntennaOn
                0x0000000000001590       0x16 ./BSP/MFRC522.o
                0x0000000000001590                MFRC522_AntennaOn
 .text.MFRC522_AntennaOff
                0x00000000000015a6        0xe ./BSP/MFRC522.o
                0x00000000000015a6                MFRC522_AntennaOff
 .text.CalulateCRC
                0x00000000000015b4       0x60 ./BSP/MFRC522.o
                0x00000000000015b4                CalulateCRC
 .text.MFRC522_Halt
                0x0000000000001614       0x2c ./BSP/MFRC522.o
                0x0000000000001614                MFRC522_Halt
 .text.MFRC522_Request
                0x0000000000001640       0x4e ./BSP/MFRC522.o
                0x0000000000001640                MFRC522_Request
 .text.MFRC522_Anticoll
                0x000000000000168e       0x70 ./BSP/MFRC522.o
                0x000000000000168e                MFRC522_Anticoll
 .text.MFRC522_find_card
                0x00000000000016fe       0x40 ./BSP/MFRC522.o
                0x00000000000016fe                MFRC522_find_card
 .text.MFRC522_add_card
                0x000000000000173e       0x66 ./BSP/MFRC522.o
                0x000000000000173e                MFRC522_add_card
 .text.MFRC522_Proc
                0x00000000000017a4       0x58 ./BSP/MFRC522.o
                0x00000000000017a4                MFRC522_Proc
 .text.RTC_Init
                0x00000000000017fc       0x6c ./BSP/RTC.o
                0x00000000000017fc                RTC_Init
 .text.RTC_SetTime
                0x0000000000001868       0x86 ./BSP/RTC.o
                0x0000000000001868                RTC_SetTime
 .text.RTC_GetTime
                0x00000000000018ee       0x34 ./BSP/RTC.o
                0x00000000000018ee                RTC_GetTime
 .text.RTC_proc
                0x0000000000001922       0x1e ./BSP/RTC.o
                0x0000000000001922                RTC_proc
 .text.DMA1_Channel2_IRQHandler
                0x0000000000001940       0x3c ./BSP/SD.o
                0x0000000000001940                DMA1_Channel2_IRQHandler
 .text.DMA1_Channel1_IRQHandler
                0x000000000000197c       0x2a ./BSP/SD.o
                0x000000000000197c                DMA1_Channel1_IRQHandler
 .text.as608_proc
                0x00000000000019a6       0xaa ./BSP/as608.o
                0x00000000000019a6                as608_proc
 .text.set_password3
                0x0000000000001a50       0x26 ./BSP/parse.o
                0x0000000000001a50                set_password3
 .text.set_password4
                0x0000000000001a76       0x26 ./BSP/parse.o
                0x0000000000001a76                set_password4
 .text.Parser_Process
                0x0000000000001a9c       0x90 ./BSP/parse.o
                0x0000000000001a9c                Parser_Process
 .text.ringbuffer_init
                0x0000000000001b2c       0x2e ./BSP/ringbuffer.o
                0x0000000000001b2c                ringbuffer_init
 .text.ringbuffer_write
                0x0000000000001b5a       0x3e ./BSP/ringbuffer.o
                0x0000000000001b5a                ringbuffer_write
 .text.ringbuffer_read
                0x0000000000001b98       0x3e ./BSP/ringbuffer.o
                0x0000000000001b98                ringbuffer_read
 .text.schedule_init
                0x0000000000001bd6        0x8 ./BSP/schedule.o
                0x0000000000001bd6                schedule_init
 .text.schedule_proc
                0x0000000000001bde       0x48 ./BSP/schedule.o
                0x0000000000001bde                schedule_proc
 .text.TIM2_GetTick
                0x0000000000001c26        0x6 ./BSP/tim.o
                0x0000000000001c26                TIM2_GetTick
 .text.TIM2_init
                0x0000000000001c2c       0x6a ./BSP/tim.o
                0x0000000000001c2c                TIM2_init
 .text.TIM2_IRQHandler
                0x0000000000001c96       0x32 ./BSP/tim.o
                0x0000000000001c96                TIM2_IRQHandler
 .text.USART2_DMAConfig
                0x0000000000001cc8      0x176 ./BSP/usart.o
                0x0000000000001cc8                USART2_DMAConfig
 .text.USART2_Init
                0x0000000000001e3e       0x16 ./BSP/usart.o
                0x0000000000001e3e                USART2_Init
 .text.USART2_DMA_SendBuff
                0x0000000000001e54       0x52 ./BSP/usart.o
                0x0000000000001e54                USART2_DMA_SendBuff
 .text.uart2_printf
                0x0000000000001ea6       0x54 ./BSP/usart.o
                0x0000000000001ea6                uart2_printf
 .text.USART2_IRQHandler
                0x0000000000001efa       0x8a ./BSP/usart.o
                0x0000000000001efa                USART2_IRQHandler
 .text.USART3_DMAConfig
                0x0000000000001f84      0x17e ./BSP/usart.o
                0x0000000000001f84                USART3_DMAConfig
 .text.USART3_Init
                0x0000000000002102       0x16 ./BSP/usart.o
                0x0000000000002102                USART3_Init
 .text.USART3_DMA_SendBuff
                0x0000000000002118       0x52 ./BSP/usart.o
                0x0000000000002118                USART3_DMA_SendBuff
 .text.uart3_printf
                0x000000000000216a       0x54 ./BSP/usart.o
                0x000000000000216a                uart3_printf
 .text.USART3_IRQHandler
                0x00000000000021be       0x82 ./BSP/usart.o
                0x00000000000021be                USART3_IRQHandler
 .text.USART4_DMAConfig
                0x0000000000002240      0x17a ./BSP/usart.o
                0x0000000000002240                USART4_DMAConfig
 .text.USART4_DMA_SendBuff
                0x00000000000023ba       0x48 ./BSP/usart.o
                0x00000000000023ba                USART4_DMA_SendBuff
 .text.UART4_IRQHandler
                0x0000000000002402       0x84 ./BSP/usart.o
                0x0000000000002402                UART4_IRQHandler
 .text.USART4_Init
                0x0000000000002486       0x18 ./BSP/usart.o
                0x0000000000002486                USART4_Init
 .text.uart4_printf
                0x000000000000249e       0x74 ./BSP/usart.o
                0x000000000000249e                uart4_printf
 .text.UART6_DMAConfig
                0x0000000000002512      0x17c ./BSP/usart.o
                0x0000000000002512                UART6_DMAConfig
 .text.UART6_IRQHandler
                0x000000000000268e       0x8c ./BSP/usart.o
                0x000000000000268e                UART6_IRQHandler
 .text.UART6_Init
                0x000000000000271a       0x1c ./BSP/usart.o
                0x000000000000271a                UART6_Init
 .text.uart_proc
                0x0000000000002736       0xfa ./BSP/usart.o
                0x0000000000002736                uart_proc
 .text.gmtime   0x0000000000002830       0x2a a:/mounriver_studio/toolchain/risc-v embedded gcc/bin/../lib/gcc/riscv-none-embed/8.2.0/../../../../riscv-none-embed/lib/rv32imacxw/ilp32\libg_nano.a(lib_a-gmtime.o)
                0x0000000000002830                gmtime
 .text.gmtime_r
                0x000000000000285a      0x19c a:/mounriver_studio/toolchain/risc-v embedded gcc/bin/../lib/gcc/riscv-none-embed/8.2.0/../../../../riscv-none-embed/lib/rv32imacxw/ilp32\libg_nano.a(lib_a-gmtime_r.o)
                0x000000000000285a                gmtime_r
 .text.malloc   0x00000000000029f6        0xa a:/mounriver_studio/toolchain/risc-v embedded gcc/bin/../lib/gcc/riscv-none-embed/8.2.0/../../../../riscv-none-embed/lib/rv32imacxw/ilp32\libg_nano.a(lib_a-malloc.o)
                0x00000000000029f6                malloc
 .text.free     0x0000000000002a00        0xa a:/mounriver_studio/toolchain/risc-v embedded gcc/bin/../lib/gcc/riscv-none-embed/8.2.0/../../../../riscv-none-embed/lib/rv32imacxw/ilp32\libg_nano.a(lib_a-malloc.o)
                0x0000000000002a00                free
 .text.memcpy   0x0000000000002a0a       0xb2 a:/mounriver_studio/toolchain/risc-v embedded gcc/bin/../lib/gcc/riscv-none-embed/8.2.0/../../../../riscv-none-embed/lib/rv32imacxw/ilp32\libg_nano.a(lib_a-memcpy.o)
                0x0000000000002a0a                memcpy
 .text.validate_structure
                0x0000000000002abc      0x1c6 a:/mounriver_studio/toolchain/risc-v embedded gcc/bin/../lib/gcc/riscv-none-embed/8.2.0/../../../../riscv-none-embed/lib/rv32imacxw/ilp32\libg_nano.a(lib_a-mktime.o)
 .text.mktime   0x0000000000002c82      0x35a a:/mounriver_studio/toolchain/risc-v embedded gcc/bin/../lib/gcc/riscv-none-embed/8.2.0/../../../../riscv-none-embed/lib/rv32imacxw/ilp32\libg_nano.a(lib_a-mktime.o)
                0x0000000000002c82                mktime
 .text._free_r  0x0000000000002fdc       0xa8 a:/mounriver_studio/toolchain/risc-v embedded gcc/bin/../lib/gcc/riscv-none-embed/8.2.0/../../../../riscv-none-embed/lib/rv32imacxw/ilp32\libg_nano.a(lib_a-nano-freer.o)
                0x0000000000002fdc                _free_r
 .text._malloc_r
                0x0000000000003084       0xd4 a:/mounriver_studio/toolchain/risc-v embedded gcc/bin/../lib/gcc/riscv-none-embed/8.2.0/../../../../riscv-none-embed/lib/rv32imacxw/ilp32\libg_nano.a(lib_a-nano-mallocr.o)
                0x0000000000003084                _malloc_r
 .text.printf   0x0000000000003158       0x42 a:/mounriver_studio/toolchain/risc-v embedded gcc/bin/../lib/gcc/riscv-none-embed/8.2.0/../../../../riscv-none-embed/lib/rv32imacxw/ilp32\libg_nano.a(lib_a-printf.o)
                0x0000000000003158                iprintf
                0x0000000000003158                printf
 .text._puts_r  0x000000000000319a       0xd8 a:/mounriver_studio/toolchain/risc-v embedded gcc/bin/../lib/gcc/riscv-none-embed/8.2.0/../../../../riscv-none-embed/lib/rv32imacxw/ilp32\libg_nano.a(lib_a-puts.o)
                0x000000000000319a                _puts_r
 .text.puts     0x0000000000003272        0xc a:/mounriver_studio/toolchain/risc-v embedded gcc/bin/../lib/gcc/riscv-none-embed/8.2.0/../../../../riscv-none-embed/lib/rv32imacxw/ilp32\libg_nano.a(lib_a-puts.o)
                0x0000000000003272                puts
 .text._sbrk_r  0x000000000000327e       0x32 a:/mounriver_studio/toolchain/risc-v embedded gcc/bin/../lib/gcc/riscv-none-embed/8.2.0/../../../../riscv-none-embed/lib/rv32imacxw/ilp32\libg_nano.a(lib_a-sbrkr.o)
                0x000000000000327e                _sbrk_r
 .text.strlen   0x00000000000032b0       0x12 a:/mounriver_studio/toolchain/risc-v embedded gcc/bin/../lib/gcc/riscv-none-embed/8.2.0/../../../../riscv-none-embed/lib/rv32imacxw/ilp32\libg_nano.a(lib_a-strlen.o)
                0x00000000000032b0                strlen
 .text.__tzcalc_limits
                0x00000000000032c2      0x15c a:/mounriver_studio/toolchain/risc-v embedded gcc/bin/../lib/gcc/riscv-none-embed/8.2.0/../../../../riscv-none-embed/lib/rv32imacxw/ilp32\libg_nano.a(lib_a-tzcalc_limits.o)
                0x00000000000032c2                __tzcalc_limits
 .text.__tz_lock
                0x000000000000341e        0x2 a:/mounriver_studio/toolchain/risc-v embedded gcc/bin/../lib/gcc/riscv-none-embed/8.2.0/../../../../riscv-none-embed/lib/rv32imacxw/ilp32\libg_nano.a(lib_a-tzlock.o)
                0x000000000000341e                __tz_lock
 .text.__tz_unlock
                0x0000000000003420        0x2 a:/mounriver_studio/toolchain/risc-v embedded gcc/bin/../lib/gcc/riscv-none-embed/8.2.0/../../../../riscv-none-embed/lib/rv32imacxw/ilp32\libg_nano.a(lib_a-tzlock.o)
                0x0000000000003420                __tz_unlock
 .text._tzset_unlocked
                0x0000000000003422        0x8 a:/mounriver_studio/toolchain/risc-v embedded gcc/bin/../lib/gcc/riscv-none-embed/8.2.0/../../../../riscv-none-embed/lib/rv32imacxw/ilp32\libg_nano.a(lib_a-tzset.o)
                0x0000000000003422                _tzset_unlocked
 .text._tzset_unlocked_r
                0x000000000000342a      0x36a a:/mounriver_studio/toolchain/risc-v embedded gcc/bin/../lib/gcc/riscv-none-embed/8.2.0/../../../../riscv-none-embed/lib/rv32imacxw/ilp32\libg_nano.a(lib_a-tzset_r.o)
                0x000000000000342a                _tzset_unlocked_r
 .text._vsnprintf_r
                0x0000000000003794       0x5c a:/mounriver_studio/toolchain/risc-v embedded gcc/bin/../lib/gcc/riscv-none-embed/8.2.0/../../../../riscv-none-embed/lib/rv32imacxw/ilp32\libg_nano.a(lib_a-vsnprintf.o)
                0x0000000000003794                _vsniprintf_r
                0x0000000000003794                _vsnprintf_r
 .text.vsnprintf
                0x00000000000037f0       0x12 a:/mounriver_studio/toolchain/risc-v embedded gcc/bin/../lib/gcc/riscv-none-embed/8.2.0/../../../../riscv-none-embed/lib/rv32imacxw/ilp32\libg_nano.a(lib_a-vsnprintf.o)
                0x00000000000037f0                vsniprintf
                0x00000000000037f0                vsnprintf
 .text.__swbuf_r
                0x0000000000003802       0xbc a:/mounriver_studio/toolchain/risc-v embedded gcc/bin/../lib/gcc/riscv-none-embed/8.2.0/../../../../riscv-none-embed/lib/rv32imacxw/ilp32\libg_nano.a(lib_a-wbuf.o)
                0x0000000000003802                __swbuf_r
 .text.__swsetup_r
                0x00000000000038be       0xfe a:/mounriver_studio/toolchain/risc-v embedded gcc/bin/../lib/gcc/riscv-none-embed/8.2.0/../../../../riscv-none-embed/lib/rv32imacxw/ilp32\libg_nano.a(lib_a-wsetup.o)
                0x00000000000038be                __swsetup_r
 .text.div      0x00000000000039bc       0x28 a:/mounriver_studio/toolchain/risc-v embedded gcc/bin/../lib/gcc/riscv-none-embed/8.2.0/../../../../riscv-none-embed/lib/rv32imacxw/ilp32\libg_nano.a(lib_a-div.o)
                0x00000000000039bc                div
 .text.__sflush_r
                0x00000000000039e4      0x132 a:/mounriver_studio/toolchain/risc-v embedded gcc/bin/../lib/gcc/riscv-none-embed/8.2.0/../../../../riscv-none-embed/lib/rv32imacxw/ilp32\libg_nano.a(lib_a-fflush.o)
                0x00000000000039e4                __sflush_r
 .text._fflush_r
                0x0000000000003b16       0x66 a:/mounriver_studio/toolchain/risc-v embedded gcc/bin/../lib/gcc/riscv-none-embed/8.2.0/../../../../riscv-none-embed/lib/rv32imacxw/ilp32\libg_nano.a(lib_a-fflush.o)
                0x0000000000003b16                _fflush_r
 .text.std      0x0000000000003b7c       0x66 a:/mounriver_studio/toolchain/risc-v embedded gcc/bin/../lib/gcc/riscv-none-embed/8.2.0/../../../../riscv-none-embed/lib/rv32imacxw/ilp32\libg_nano.a(lib_a-findfp.o)
 .text._cleanup_r
                0x0000000000003be2        0xa a:/mounriver_studio/toolchain/risc-v embedded gcc/bin/../lib/gcc/riscv-none-embed/8.2.0/../../../../riscv-none-embed/lib/rv32imacxw/ilp32\libg_nano.a(lib_a-findfp.o)
                0x0000000000003be2                _cleanup_r
 .text.__sfmoreglue
                0x0000000000003bec       0x48 a:/mounriver_studio/toolchain/risc-v embedded gcc/bin/../lib/gcc/riscv-none-embed/8.2.0/../../../../riscv-none-embed/lib/rv32imacxw/ilp32\libg_nano.a(lib_a-findfp.o)
                0x0000000000003bec                __sfmoreglue
 .text.__sinit  0x0000000000003c34       0x6c a:/mounriver_studio/toolchain/risc-v embedded gcc/bin/../lib/gcc/riscv-none-embed/8.2.0/../../../../riscv-none-embed/lib/rv32imacxw/ilp32\libg_nano.a(lib_a-findfp.o)
                0x0000000000003c34                __sinit
 .text.__sfp    0x0000000000003ca0       0xa0 a:/mounriver_studio/toolchain/risc-v embedded gcc/bin/../lib/gcc/riscv-none-embed/8.2.0/../../../../riscv-none-embed/lib/rv32imacxw/ilp32\libg_nano.a(lib_a-findfp.o)
                0x0000000000003ca0                __sfp
 .text._fwalk_reent
                0x0000000000003d40       0x6a a:/mounriver_studio/toolchain/risc-v embedded gcc/bin/../lib/gcc/riscv-none-embed/8.2.0/../../../../riscv-none-embed/lib/rv32imacxw/ilp32\libg_nano.a(lib_a-fwalk.o)
                0x0000000000003d40                _fwalk_reent
 .text._findenv_r
                0x0000000000003daa       0x96 a:/mounriver_studio/toolchain/risc-v embedded gcc/bin/../lib/gcc/riscv-none-embed/8.2.0/../../../../riscv-none-embed/lib/rv32imacxw/ilp32\libg_nano.a(lib_a-getenv_r.o)
                0x0000000000003daa                _findenv_r
 .text._getenv_r
                0x0000000000003e40       0x10 a:/mounriver_studio/toolchain/risc-v embedded gcc/bin/../lib/gcc/riscv-none-embed/8.2.0/../../../../riscv-none-embed/lib/rv32imacxw/ilp32\libg_nano.a(lib_a-getenv_r.o)
                0x0000000000003e40                _getenv_r
 .text.__gettzinfo
                0x0000000000003e50        0xa a:/mounriver_studio/toolchain/risc-v embedded gcc/bin/../lib/gcc/riscv-none-embed/8.2.0/../../../../riscv-none-embed/lib/rv32imacxw/ilp32\libg_nano.a(lib_a-gettzinfo.o)
                0x0000000000003e50                __gettzinfo
 .text.__swhatbuf_r
                0x0000000000003e5a       0x58 a:/mounriver_studio/toolchain/risc-v embedded gcc/bin/../lib/gcc/riscv-none-embed/8.2.0/../../../../riscv-none-embed/lib/rv32imacxw/ilp32\libg_nano.a(lib_a-makebuf.o)
                0x0000000000003e5a                __swhatbuf_r
 .text.__smakebuf_r
                0x0000000000003eb2       0x94 a:/mounriver_studio/toolchain/risc-v embedded gcc/bin/../lib/gcc/riscv-none-embed/8.2.0/../../../../riscv-none-embed/lib/rv32imacxw/ilp32\libg_nano.a(lib_a-makebuf.o)
                0x0000000000003eb2                __smakebuf_r
 .text.__malloc_lock
                0x0000000000003f46        0x2 a:/mounriver_studio/toolchain/risc-v embedded gcc/bin/../lib/gcc/riscv-none-embed/8.2.0/../../../../riscv-none-embed/lib/rv32imacxw/ilp32\libg_nano.a(lib_a-mlock.o)
                0x0000000000003f46                __malloc_lock
 .text.__malloc_unlock
                0x0000000000003f48        0x2 a:/mounriver_studio/toolchain/risc-v embedded gcc/bin/../lib/gcc/riscv-none-embed/8.2.0/../../../../riscv-none-embed/lib/rv32imacxw/ilp32\libg_nano.a(lib_a-mlock.o)
                0x0000000000003f48                __malloc_unlock
 .text.__ssputs_r
                0x0000000000003f4a       0xe4 a:/mounriver_studio/toolchain/risc-v embedded gcc/bin/../lib/gcc/riscv-none-embed/8.2.0/../../../../riscv-none-embed/lib/rv32imacxw/ilp32\libg_nano.a(lib_a-nano-svfprintf.o)
                0x0000000000003f4a                __ssputs_r
 .text._svfprintf_r
                0x000000000000402e      0x26a a:/mounriver_studio/toolchain/risc-v embedded gcc/bin/../lib/gcc/riscv-none-embed/8.2.0/../../../../riscv-none-embed/lib/rv32imacxw/ilp32\libg_nano.a(lib_a-nano-svfprintf.o)
                0x000000000000402e                _svfiprintf_r
                0x000000000000402e                _svfprintf_r
 .text.__sfputc_r
                0x0000000000004298       0x28 a:/mounriver_studio/toolchain/risc-v embedded gcc/bin/../lib/gcc/riscv-none-embed/8.2.0/../../../../riscv-none-embed/lib/rv32imacxw/ilp32\libg_nano.a(lib_a-nano-vfprintf.o)
 .text.__sfputs_r
                0x00000000000042c0       0x42 a:/mounriver_studio/toolchain/risc-v embedded gcc/bin/../lib/gcc/riscv-none-embed/8.2.0/../../../../riscv-none-embed/lib/rv32imacxw/ilp32\libg_nano.a(lib_a-nano-vfprintf.o)
                0x00000000000042c0                __sfputs_r
 .text._vfprintf_r
                0x0000000000004302      0x28e a:/mounriver_studio/toolchain/risc-v embedded gcc/bin/../lib/gcc/riscv-none-embed/8.2.0/../../../../riscv-none-embed/lib/rv32imacxw/ilp32\libg_nano.a(lib_a-nano-vfprintf.o)
                0x0000000000004302                _vfprintf_r
                0x0000000000004302                _vfiprintf_r
 .text._printf_common
                0x0000000000004590      0x10c a:/mounriver_studio/toolchain/risc-v embedded gcc/bin/../lib/gcc/riscv-none-embed/8.2.0/../../../../riscv-none-embed/lib/rv32imacxw/ilp32\libg_nano.a(lib_a-nano-vfprintf_i.o)
                0x0000000000004590                _printf_common
 .text._printf_i
                0x000000000000469c      0x2a2 a:/mounriver_studio/toolchain/risc-v embedded gcc/bin/../lib/gcc/riscv-none-embed/8.2.0/../../../../riscv-none-embed/lib/rv32imacxw/ilp32\libg_nano.a(lib_a-nano-vfprintf_i.o)
                0x000000000000469c                _printf_i
 .text.sscanf   0x000000000000493e       0x52 a:/mounriver_studio/toolchain/risc-v embedded gcc/bin/../lib/gcc/riscv-none-embed/8.2.0/../../../../riscv-none-embed/lib/rv32imacxw/ilp32\libg_nano.a(lib_a-sscanf.o)
                0x000000000000493e                siscanf
                0x000000000000493e                sscanf
 .text.__sread  0x0000000000004990       0x2e a:/mounriver_studio/toolchain/risc-v embedded gcc/bin/../lib/gcc/riscv-none-embed/8.2.0/../../../../riscv-none-embed/lib/rv32imacxw/ilp32\libg_nano.a(lib_a-stdio.o)
                0x0000000000004990                __sread
 .text.__seofread
                0x00000000000049be        0x4 a:/mounriver_studio/toolchain/risc-v embedded gcc/bin/../lib/gcc/riscv-none-embed/8.2.0/../../../../riscv-none-embed/lib/rv32imacxw/ilp32\libg_nano.a(lib_a-stdio.o)
                0x00000000000049be                __seofread
 .text.__swrite
                0x00000000000049c2       0x48 a:/mounriver_studio/toolchain/risc-v embedded gcc/bin/../lib/gcc/riscv-none-embed/8.2.0/../../../../riscv-none-embed/lib/rv32imacxw/ilp32\libg_nano.a(lib_a-stdio.o)
                0x00000000000049c2                __swrite
 .text.__sseek  0x0000000000004a0a       0x30 a:/mounriver_studio/toolchain/risc-v embedded gcc/bin/../lib/gcc/riscv-none-embed/8.2.0/../../../../riscv-none-embed/lib/rv32imacxw/ilp32\libg_nano.a(lib_a-stdio.o)
                0x0000000000004a0a                __sseek
 .text.__sclose
                0x0000000000004a3a        0x6 a:/mounriver_studio/toolchain/risc-v embedded gcc/bin/../lib/gcc/riscv-none-embed/8.2.0/../../../../riscv-none-embed/lib/rv32imacxw/ilp32\libg_nano.a(lib_a-stdio.o)
                0x0000000000004a3a                __sclose
 .text.strcpy   0x0000000000004a40       0x10 a:/mounriver_studio/toolchain/risc-v embedded gcc/bin/../lib/gcc/riscv-none-embed/8.2.0/../../../../riscv-none-embed/lib/rv32imacxw/ilp32\libg_nano.a(lib_a-strcpy.o)
                0x0000000000004a40                strcpy
 .text.strncmp  0x0000000000004a50       0x28 a:/mounriver_studio/toolchain/risc-v embedded gcc/bin/../lib/gcc/riscv-none-embed/8.2.0/../../../../riscv-none-embed/lib/rv32imacxw/ilp32\libg_nano.a(lib_a-strncmp.o)
                0x0000000000004a50                strncmp
 .text._strtoul_l.isra.0
                0x0000000000004a78      0x12e a:/mounriver_studio/toolchain/risc-v embedded gcc/bin/../lib/gcc/riscv-none-embed/8.2.0/../../../../riscv-none-embed/lib/rv32imacxw/ilp32\libg_nano.a(lib_a-strtoul.o)
 .text._strtoul_r
                0x0000000000004ba6       0x16 a:/mounriver_studio/toolchain/risc-v embedded gcc/bin/../lib/gcc/riscv-none-embed/8.2.0/../../../../riscv-none-embed/lib/rv32imacxw/ilp32\libg_nano.a(lib_a-strtoul.o)
                0x0000000000004ba6                _strtoul_r
 .text.strtoul  0x0000000000004bbc       0x1e a:/mounriver_studio/toolchain/risc-v embedded gcc/bin/../lib/gcc/riscv-none-embed/8.2.0/../../../../riscv-none-embed/lib/rv32imacxw/ilp32\libg_nano.a(lib_a-strtoul.o)
                0x0000000000004bbc                strtoul
 .text._write_r
                0x0000000000004bda       0x36 a:/mounriver_studio/toolchain/risc-v embedded gcc/bin/../lib/gcc/riscv-none-embed/8.2.0/../../../../riscv-none-embed/lib/rv32imacxw/ilp32\libg_nano.a(lib_a-writer.o)
                0x0000000000004bda                _write_r
 .text._close_r
                0x0000000000004c10       0x32 a:/mounriver_studio/toolchain/risc-v embedded gcc/bin/../lib/gcc/riscv-none-embed/8.2.0/../../../../riscv-none-embed/lib/rv32imacxw/ilp32\libg_nano.a(lib_a-closer.o)
                0x0000000000004c10                _close_r
 .text.__env_lock
                0x0000000000004c42        0x2 a:/mounriver_studio/toolchain/risc-v embedded gcc/bin/../lib/gcc/riscv-none-embed/8.2.0/../../../../riscv-none-embed/lib/rv32imacxw/ilp32\libg_nano.a(lib_a-envlock.o)
                0x0000000000004c42                __env_lock
 .text.__env_unlock
                0x0000000000004c44        0x2 a:/mounriver_studio/toolchain/risc-v embedded gcc/bin/../lib/gcc/riscv-none-embed/8.2.0/../../../../riscv-none-embed/lib/rv32imacxw/ilp32\libg_nano.a(lib_a-envlock.o)
                0x0000000000004c44                __env_unlock
 .text._fstat_r
                0x0000000000004c46       0x34 a:/mounriver_studio/toolchain/risc-v embedded gcc/bin/../lib/gcc/riscv-none-embed/8.2.0/../../../../riscv-none-embed/lib/rv32imacxw/ilp32\libg_nano.a(lib_a-fstatr.o)
                0x0000000000004c46                _fstat_r
 .text._isatty_r
                0x0000000000004c7a       0x32 a:/mounriver_studio/toolchain/risc-v embedded gcc/bin/../lib/gcc/riscv-none-embed/8.2.0/../../../../riscv-none-embed/lib/rv32imacxw/ilp32\libg_nano.a(lib_a-isattyr.o)
                0x0000000000004c7a                _isatty_r
 .text.__locale_ctype_ptr_l
                0x0000000000004cac        0x6 a:/mounriver_studio/toolchain/risc-v embedded gcc/bin/../lib/gcc/riscv-none-embed/8.2.0/../../../../riscv-none-embed/lib/rv32imacxw/ilp32\libg_nano.a(lib_a-locale.o)
                0x0000000000004cac                __locale_ctype_ptr_l
 .text.__locale_ctype_ptr
                0x0000000000004cb2       0x18 a:/mounriver_studio/toolchain/risc-v embedded gcc/bin/../lib/gcc/riscv-none-embed/8.2.0/../../../../riscv-none-embed/lib/rv32imacxw/ilp32\libg_nano.a(lib_a-locale.o)
                0x0000000000004cb2                __locale_ctype_ptr
 .text._lseek_r
                0x0000000000004cca       0x36 a:/mounriver_studio/toolchain/risc-v embedded gcc/bin/../lib/gcc/riscv-none-embed/8.2.0/../../../../riscv-none-embed/lib/rv32imacxw/ilp32\libg_nano.a(lib_a-lseekr.o)
                0x0000000000004cca                _lseek_r
 .text.__ascii_mbtowc
                0x0000000000004d00       0x32 a:/mounriver_studio/toolchain/risc-v embedded gcc/bin/../lib/gcc/riscv-none-embed/8.2.0/../../../../riscv-none-embed/lib/rv32imacxw/ilp32\libg_nano.a(lib_a-mbtowc_r.o)
                0x0000000000004d00                __ascii_mbtowc
 .text.memchr   0x0000000000004d32       0x18 a:/mounriver_studio/toolchain/risc-v embedded gcc/bin/../lib/gcc/riscv-none-embed/8.2.0/../../../../riscv-none-embed/lib/rv32imacxw/ilp32\libg_nano.a(lib_a-memchr.o)
                0x0000000000004d32                memchr
 .text.memmove  0x0000000000004d4a       0x46 a:/mounriver_studio/toolchain/risc-v embedded gcc/bin/../lib/gcc/riscv-none-embed/8.2.0/../../../../riscv-none-embed/lib/rv32imacxw/ilp32\libg_nano.a(lib_a-memmove.o)
                0x0000000000004d4a                memmove
 .text._realloc_r
                0x0000000000004d90       0x5a a:/mounriver_studio/toolchain/risc-v embedded gcc/bin/../lib/gcc/riscv-none-embed/8.2.0/../../../../riscv-none-embed/lib/rv32imacxw/ilp32\libg_nano.a(lib_a-nano-reallocr.o)
                0x0000000000004d90                _realloc_r
 .text._sungetc_r
                0x0000000000004dea       0x96 a:/mounriver_studio/toolchain/risc-v embedded gcc/bin/../lib/gcc/riscv-none-embed/8.2.0/../../../../riscv-none-embed/lib/rv32imacxw/ilp32\libg_nano.a(lib_a-nano-svfscanf.o)
                0x0000000000004dea                _sungetc_r
 .text.__ssrefill_r
                0x0000000000004e80       0x44 a:/mounriver_studio/toolchain/risc-v embedded gcc/bin/../lib/gcc/riscv-none-embed/8.2.0/../../../../riscv-none-embed/lib/rv32imacxw/ilp32\libg_nano.a(lib_a-nano-svfscanf.o)
                0x0000000000004e80                __ssrefill_r
 .text.__ssvfscanf_r
                0x0000000000004ec4      0x3a2 a:/mounriver_studio/toolchain/risc-v embedded gcc/bin/../lib/gcc/riscv-none-embed/8.2.0/../../../../riscv-none-embed/lib/rv32imacxw/ilp32\libg_nano.a(lib_a-nano-svfscanf.o)
                0x0000000000004ec4                __ssvfiscanf_r
                0x0000000000004ec4                __ssvfscanf_r
 .text._scanf_chars
                0x0000000000005266       0xe2 a:/mounriver_studio/toolchain/risc-v embedded gcc/bin/../lib/gcc/riscv-none-embed/8.2.0/../../../../riscv-none-embed/lib/rv32imacxw/ilp32\libg_nano.a(lib_a-nano-vfscanf_i.o)
                0x0000000000005266                _scanf_chars
 .text._scanf_i
                0x0000000000005348      0x258 a:/mounriver_studio/toolchain/risc-v embedded gcc/bin/../lib/gcc/riscv-none-embed/8.2.0/../../../../riscv-none-embed/lib/rv32imacxw/ilp32\libg_nano.a(lib_a-nano-vfscanf_i.o)
                0x0000000000005348                _scanf_i
 .text._read_r  0x00000000000055a0       0x36 a:/mounriver_studio/toolchain/risc-v embedded gcc/bin/../lib/gcc/riscv-none-embed/8.2.0/../../../../riscv-none-embed/lib/rv32imacxw/ilp32\libg_nano.a(lib_a-readr.o)
                0x00000000000055a0                _read_r
 .text.__sccl   0x00000000000055d6       0x82 a:/mounriver_studio/toolchain/risc-v embedded gcc/bin/../lib/gcc/riscv-none-embed/8.2.0/../../../../riscv-none-embed/lib/rv32imacxw/ilp32\libg_nano.a(lib_a-sccl.o)
                0x00000000000055d6                __sccl
 .text._strtol_l.isra.0
                0x0000000000005658      0x13a a:/mounriver_studio/toolchain/risc-v embedded gcc/bin/../lib/gcc/riscv-none-embed/8.2.0/../../../../riscv-none-embed/lib/rv32imacxw/ilp32\libg_nano.a(lib_a-strtol.o)
 .text._strtol_r
                0x0000000000005792       0x16 a:/mounriver_studio/toolchain/risc-v embedded gcc/bin/../lib/gcc/riscv-none-embed/8.2.0/../../../../riscv-none-embed/lib/rv32imacxw/ilp32\libg_nano.a(lib_a-strtol.o)
                0x0000000000005792                _strtol_r
 .text.__submore
                0x00000000000057a8       0x86 a:/mounriver_studio/toolchain/risc-v embedded gcc/bin/../lib/gcc/riscv-none-embed/8.2.0/../../../../riscv-none-embed/lib/rv32imacxw/ilp32\libg_nano.a(lib_a-ungetc.o)
                0x00000000000057a8                __submore
 .text.__ascii_wctomb
                0x000000000000582e       0x1e a:/mounriver_studio/toolchain/risc-v embedded gcc/bin/../lib/gcc/riscv-none-embed/8.2.0/../../../../riscv-none-embed/lib/rv32imacxw/ilp32\libg_nano.a(lib_a-wctomb_r.o)
                0x000000000000582e                __ascii_wctomb
 .text._malloc_usable_size_r
                0x000000000000584c       0x14 a:/mounriver_studio/toolchain/risc-v embedded gcc/bin/../lib/gcc/riscv-none-embed/8.2.0/../../../../riscv-none-embed/lib/rv32imacxw/ilp32\libg_nano.a(lib_a-nano-msizer.o)
                0x000000000000584c                _malloc_usable_size_r
 .text.__divdi3
                0x0000000000005860      0x3d4 a:/mounriver_studio/toolchain/risc-v embedded gcc/bin/../lib/gcc/riscv-none-embed/8.2.0/rv32imacxw/ilp32\libgcc.a(_divdi3.o)
                0x0000000000005860                __divdi3
 .text.__moddi3
                0x0000000000005c34      0x3c0 a:/mounriver_studio/toolchain/risc-v embedded gcc/bin/../lib/gcc/riscv-none-embed/8.2.0/rv32imacxw/ilp32\libgcc.a(_moddi3.o)
                0x0000000000005c34                __moddi3
 .text._close   0x0000000000005ff4       0x10 a:/mounriver_studio/toolchain/risc-v embedded gcc/bin/../lib/gcc/riscv-none-embed/8.2.0/../../../../riscv-none-embed/lib/rv32imacxw/ilp32\libnosys.a(close.o)
                0x0000000000005ff4                _close
 .text._fstat   0x0000000000006004       0x10 a:/mounriver_studio/toolchain/risc-v embedded gcc/bin/../lib/gcc/riscv-none-embed/8.2.0/../../../../riscv-none-embed/lib/rv32imacxw/ilp32\libnosys.a(fstat.o)
                0x0000000000006004                _fstat
 .text._isatty  0x0000000000006014       0x10 a:/mounriver_studio/toolchain/risc-v embedded gcc/bin/../lib/gcc/riscv-none-embed/8.2.0/../../../../riscv-none-embed/lib/rv32imacxw/ilp32\libnosys.a(isatty.o)
                0x0000000000006014                _isatty
 .text._lseek   0x0000000000006024       0x10 a:/mounriver_studio/toolchain/risc-v embedded gcc/bin/../lib/gcc/riscv-none-embed/8.2.0/../../../../riscv-none-embed/lib/rv32imacxw/ilp32\libnosys.a(lseek.o)
                0x0000000000006024                _lseek
 .text._read    0x0000000000006034       0x10 a:/mounriver_studio/toolchain/risc-v embedded gcc/bin/../lib/gcc/riscv-none-embed/8.2.0/../../../../riscv-none-embed/lib/rv32imacxw/ilp32\libnosys.a(read.o)
                0x0000000000006034                _read
 *(.rodata)
 *(.rodata*)
 *fill*         0x0000000000006044        0x0 
 .rodata.main.str1.4
                0x0000000000006044       0x38 ./User/main.o
 .rodata.Parser_Process.str1.4
                0x000000000000607c        0x8 ./BSP/parse.o
 .rodata.set_password.str1.4
                0x0000000000006084        0x3 ./BSP/parse.o
 *fill*         0x0000000000006087        0x1 
 .rodata.DAYS_IN_MONTH
                0x0000000000006088       0x30 a:/mounriver_studio/toolchain/risc-v embedded gcc/bin/../lib/gcc/riscv-none-embed/8.2.0/../../../../riscv-none-embed/lib/rv32imacxw/ilp32\libg_nano.a(lib_a-mktime.o)
 .rodata._DAYS_BEFORE_MONTH
                0x00000000000060b8       0x30 a:/mounriver_studio/toolchain/risc-v embedded gcc/bin/../lib/gcc/riscv-none-embed/8.2.0/../../../../riscv-none-embed/lib/rv32imacxw/ilp32\libg_nano.a(lib_a-mktime.o)
 .rodata._tzset_unlocked_r.str1.4
                0x00000000000060e8       0x53 a:/mounriver_studio/toolchain/risc-v embedded gcc/bin/../lib/gcc/riscv-none-embed/8.2.0/../../../../riscv-none-embed/lib/rv32imacxw/ilp32\libg_nano.a(lib_a-tzset_r.o)
 .rodata.str1.4
                0x000000000000613b        0x4 a:/mounriver_studio/toolchain/risc-v embedded gcc/bin/../lib/gcc/riscv-none-embed/8.2.0/../../../../riscv-none-embed/lib/rv32imacxw/ilp32\libg_nano.a(lib_a-tzvars.o)
 *fill*         0x000000000000613b        0x1 
 .rodata.__sf_fake_stderr
                0x000000000000613c       0x20 a:/mounriver_studio/toolchain/risc-v embedded gcc/bin/../lib/gcc/riscv-none-embed/8.2.0/../../../../riscv-none-embed/lib/rv32imacxw/ilp32\libg_nano.a(lib_a-findfp.o)
                0x000000000000613c                __sf_fake_stderr
 .rodata.__sf_fake_stdin
                0x000000000000615c       0x20 a:/mounriver_studio/toolchain/risc-v embedded gcc/bin/../lib/gcc/riscv-none-embed/8.2.0/../../../../riscv-none-embed/lib/rv32imacxw/ilp32\libg_nano.a(lib_a-findfp.o)
                0x000000000000615c                __sf_fake_stdin
 .rodata.__sf_fake_stdout
                0x000000000000617c       0x20 a:/mounriver_studio/toolchain/risc-v embedded gcc/bin/../lib/gcc/riscv-none-embed/8.2.0/../../../../riscv-none-embed/lib/rv32imacxw/ilp32\libg_nano.a(lib_a-findfp.o)
                0x000000000000617c                __sf_fake_stdout
 .rodata.__month_lengths
                0x000000000000619c       0x60 a:/mounriver_studio/toolchain/risc-v embedded gcc/bin/../lib/gcc/riscv-none-embed/8.2.0/../../../../riscv-none-embed/lib/rv32imacxw/ilp32\libg_nano.a(lib_a-month_lengths.o)
                0x000000000000619c                __month_lengths
 .rodata._svfprintf_r.str1.4
                0x00000000000061fc       0x13 a:/mounriver_studio/toolchain/risc-v embedded gcc/bin/../lib/gcc/riscv-none-embed/8.2.0/../../../../riscv-none-embed/lib/rv32imacxw/ilp32\libg_nano.a(lib_a-nano-svfprintf.o)
 .rodata._vfprintf_r.str1.4
                0x000000000000620f       0x13 a:/mounriver_studio/toolchain/risc-v embedded gcc/bin/../lib/gcc/riscv-none-embed/8.2.0/../../../../riscv-none-embed/lib/rv32imacxw/ilp32\libg_nano.a(lib_a-nano-vfprintf.o)
 *fill*         0x000000000000620f        0x1 
 .rodata._printf_i.str1.4
                0x0000000000006210       0x25 a:/mounriver_studio/toolchain/risc-v embedded gcc/bin/../lib/gcc/riscv-none-embed/8.2.0/../../../../riscv-none-embed/lib/rv32imacxw/ilp32\libg_nano.a(lib_a-nano-vfprintf_i.o)
 *fill*         0x0000000000006235        0x3 
 .rodata._setlocale_r.str1.4
                0x0000000000006238        0xa a:/mounriver_studio/toolchain/risc-v embedded gcc/bin/../lib/gcc/riscv-none-embed/8.2.0/../../../../riscv-none-embed/lib/rv32imacxw/ilp32\libg_nano.a(lib_a-locale.o)
                                          0xd (size before relaxing)
 *fill*         0x0000000000006242        0x2 
 .rodata.str1.4
                0x0000000000006244        0x2 a:/mounriver_studio/toolchain/risc-v embedded gcc/bin/../lib/gcc/riscv-none-embed/8.2.0/../../../../riscv-none-embed/lib/rv32imacxw/ilp32\libg_nano.a(lib_a-locale.o)
 .rodata.__ssvfscanf_r.str1.4
                0x0000000000006246        0x4 a:/mounriver_studio/toolchain/risc-v embedded gcc/bin/../lib/gcc/riscv-none-embed/8.2.0/../../../../riscv-none-embed/lib/rv32imacxw/ilp32\libg_nano.a(lib_a-nano-svfscanf.o)
 *fill*         0x0000000000006246        0x2 
 .rodata._scanf_i.str1.4
                0x0000000000006248       0x12 a:/mounriver_studio/toolchain/risc-v embedded gcc/bin/../lib/gcc/riscv-none-embed/8.2.0/../../../../riscv-none-embed/lib/rv32imacxw/ilp32\libg_nano.a(lib_a-nano-vfscanf_i.o)
 *fill*         0x000000000000625a        0x2 
 .rodata.str1.4
                0x000000000000625c        0xc a:/mounriver_studio/toolchain/risc-v embedded gcc/bin/../lib/gcc/riscv-none-embed/8.2.0/../../../../riscv-none-embed/lib/rv32imacxw/ilp32\libg_nano.a(lib_a-nano-vfscanf_i.o)
                                          0xb (size before relaxing)
 .rodata._ctype_
                0x0000000000006268      0x101 a:/mounriver_studio/toolchain/risc-v embedded gcc/bin/../lib/gcc/riscv-none-embed/8.2.0/../../../../riscv-none-embed/lib/rv32imacxw/ilp32\libg_nano.a(lib_a-ctype_.o)
                0x0000000000006268                _ctype_
 *fill*         0x0000000000006369        0x3 
 .rodata.__clz_tab
                0x000000000000636c      0x100 a:/mounriver_studio/toolchain/risc-v embedded gcc/bin/../lib/gcc/riscv-none-embed/8.2.0/rv32imacxw/ilp32\libgcc.a(_clz.o)
                0x000000000000636c                __clz_tab
 *(.gnu.linkonce.t.*)
                0x000000000000646c                . = ALIGN (0x4)

.rela.dyn       0x000000000000646c        0x0
 .rela.init     0x000000000000646c        0x0 ./User/ch32v30x_it.o
 .rela.vector   0x000000000000646c        0x0 ./User/ch32v30x_it.o
 .rela.text.handle_reset
                0x000000000000646c        0x0 ./User/ch32v30x_it.o
 .rela.text._sbrk
                0x000000000000646c        0x0 ./User/ch32v30x_it.o
 .rela.sdata.curbrk.5273
                0x000000000000646c        0x0 ./User/ch32v30x_it.o
 .rela.text._sbrk_r
                0x000000000000646c        0x0 ./User/ch32v30x_it.o
 .rela.text._svfprintf_r
                0x000000000000646c        0x0 ./User/ch32v30x_it.o
 .rela.text._vfprintf_r
                0x000000000000646c        0x0 ./User/ch32v30x_it.o
 .rela.text._write_r
                0x000000000000646c        0x0 ./User/ch32v30x_it.o
 .rela.text._close_r
                0x000000000000646c        0x0 ./User/ch32v30x_it.o
 .rela.text._fstat_r
                0x000000000000646c        0x0 ./User/ch32v30x_it.o
 .rela.text._isatty_r
                0x000000000000646c        0x0 ./User/ch32v30x_it.o
 .rela.text._lseek_r
                0x000000000000646c        0x0 ./User/ch32v30x_it.o
 .rela.text.__ssvfscanf_r
                0x000000000000646c        0x0 ./User/ch32v30x_it.o
 .rela.text._read_r
                0x000000000000646c        0x0 ./User/ch32v30x_it.o
 .rela.text._close
                0x000000000000646c        0x0 ./User/ch32v30x_it.o
 .rela.text._fstat
                0x000000000000646c        0x0 ./User/ch32v30x_it.o
 .rela.text._isatty
                0x000000000000646c        0x0 ./User/ch32v30x_it.o
 .rela.text._lseek
                0x000000000000646c        0x0 ./User/ch32v30x_it.o
 .rela.text._read
                0x000000000000646c        0x0 ./User/ch32v30x_it.o

.fini           0x000000000000646c        0x0
 *(SORT_NONE(.fini))
                0x000000000000646c                . = ALIGN (0x4)
                [!provide]                        PROVIDE (_etext = .)
                [!provide]                        PROVIDE (_eitcm = .)

.preinit_array  0x000000000000646c        0x0
                [!provide]                        PROVIDE (__preinit_array_start = .)
 *(.preinit_array)
                [!provide]                        PROVIDE (__preinit_array_end = .)

.init_array     0x000000000000646c        0x0
                [!provide]                        PROVIDE (__init_array_start = .)
 *(SORT_BY_INIT_PRIORITY(.init_array.*) SORT_BY_INIT_PRIORITY(.ctors.*))
 *(.init_array EXCLUDE_FILE(*crtend?.o *crtend.o *crtbegin?.o *crtbegin.o) .ctors)
                [!provide]                        PROVIDE (__init_array_end = .)

.fini_array     0x000000000000646c        0x0
                [!provide]                        PROVIDE (__fini_array_start = .)
 *(SORT_BY_INIT_PRIORITY(.fini_array.*) SORT_BY_INIT_PRIORITY(.dtors.*))
 *(.fini_array EXCLUDE_FILE(*crtend?.o *crtend.o *crtbegin?.o *crtbegin.o) .dtors)
                [!provide]                        PROVIDE (__fini_array_end = .)

.ctors
 *crtbegin.o(.ctors)
 *crtbegin?.o(.ctors)
 *(EXCLUDE_FILE(*crtend?.o *crtend.o) .ctors)
 *(SORT_BY_NAME(.ctors.*))
 *(.ctors)

.dtors
 *crtbegin.o(.dtors)
 *crtbegin?.o(.dtors)
 *(EXCLUDE_FILE(*crtend?.o *crtend.o) .dtors)
 *(SORT_BY_NAME(.dtors.*))
 *(.dtors)

.dalign         0x0000000020000000        0x0 load address 0x000000000000646c
                0x0000000020000000                . = ALIGN (0x4)
                0x0000000020000000                PROVIDE (_data_vma = .)

.dlalign        0x000000000000646c        0x0
                0x000000000000646c                . = ALIGN (0x4)
                0x000000000000646c                PROVIDE (_data_lma = .)

.data           0x0000000020000000      0x2d8 load address 0x000000000000646c
 *(.gnu.linkonce.r.*)
 *(.data .data.*)
 .data.AHBPrescTable
                0x0000000020000000       0x10 ./User/system_ch32v30x.o
                0x0000000020000000                AHBPrescTable
 .data.APBAHBPrescTable
                0x0000000020000010       0x10 ./Peripheral/src/ch32v30x_rcc.o
 .data.spi3_dma
                0x0000000020000020       0x14 ./BSP/SD.o
                0x0000000020000020                spi3_dma
 .data.uart3_parser
                0x0000000020000034        0xc ./BSP/parse.o
                0x0000000020000034                uart3_parser
 .data.uart4_parser
                0x0000000020000040        0xc ./BSP/parse.o
                0x0000000020000040                uart4_parser
 .data.system_array
                0x000000002000004c       0x30 ./BSP/schedule.o
                0x000000002000004c                system_array
 .data.impure_data
                0x000000002000007c       0x60 a:/mounriver_studio/toolchain/risc-v embedded gcc/bin/../lib/gcc/riscv-none-embed/8.2.0/../../../../riscv-none-embed/lib/rv32imacxw/ilp32\libg_nano.a(lib_a-impure.o)
 *fill*         0x00000000200000dc        0x4 
 .data.tzinfo   0x00000000200000e0       0x58 a:/mounriver_studio/toolchain/risc-v embedded gcc/bin/../lib/gcc/riscv-none-embed/8.2.0/../../../../riscv-none-embed/lib/rv32imacxw/ilp32\libg_nano.a(lib_a-gettzinfo.o)
 .data.__global_locale
                0x0000000020000138      0x16c a:/mounriver_studio/toolchain/risc-v embedded gcc/bin/../lib/gcc/riscv-none-embed/8.2.0/../../../../riscv-none-embed/lib/rv32imacxw/ilp32\libg_nano.a(lib_a-locale.o)
                0x0000000020000138                __global_locale
 *(.gnu.linkonce.d.*)
                0x00000000200002a8                . = ALIGN (0x8)
 *fill*         0x00000000200002a4        0x4 
                0x0000000020000aa8                PROVIDE (__global_pointer$ = (. + 0x800))
 *(.sdata .sdata.*)
 .sdata.SystemCoreClock
                0x00000000200002a8        0x4 ./User/system_ch32v30x.o
                0x00000000200002a8                SystemCoreClock
 .sdata.ADCPrescTable
                0x00000000200002ac        0x4 ./Peripheral/src/ch32v30x_rcc.o
 .sdata.curbrk.5273
                0x00000000200002b0        0x4 ./Debug/debug.o
 .sdata._impure_ptr
                0x00000000200002b4        0x4 a:/mounriver_studio/toolchain/risc-v embedded gcc/bin/../lib/gcc/riscv-none-embed/8.2.0/../../../../riscv-none-embed/lib/rv32imacxw/ilp32\libg_nano.a(lib_a-impure.o)
                0x00000000200002b4                _impure_ptr
 .sdata._tzname
                0x00000000200002b8        0x8 a:/mounriver_studio/toolchain/risc-v embedded gcc/bin/../lib/gcc/riscv-none-embed/8.2.0/../../../../riscv-none-embed/lib/rv32imacxw/ilp32\libg_nano.a(lib_a-tzvars.o)
                0x00000000200002b8                _tzname
 .sdata.environ
                0x00000000200002c0        0x4 a:/mounriver_studio/toolchain/risc-v embedded gcc/bin/../lib/gcc/riscv-none-embed/8.2.0/../../../../riscv-none-embed/lib/rv32imacxw/ilp32\libg_nano.a(lib_a-environ.o)
                0x00000000200002c0                environ
 *(.sdata2.*)
 .sdata2.uart3_cmd
                0x00000000200002c4        0x8 ./BSP/parse.o
                0x00000000200002c4                uart3_cmd
 .sdata2.uart4_cmd
                0x00000000200002cc        0x8 ./BSP/parse.o
                0x00000000200002cc                uart4_cmd
 .sdata2._global_impure_ptr
                0x00000000200002d4        0x4 a:/mounriver_studio/toolchain/risc-v embedded gcc/bin/../lib/gcc/riscv-none-embed/8.2.0/../../../../riscv-none-embed/lib/rv32imacxw/ilp32\libg_nano.a(lib_a-impure.o)
                0x00000000200002d4                _global_impure_ptr
 *(.gnu.linkonce.s.*)
                0x00000000200002d8                . = ALIGN (0x8)
 *(.srodata.cst16)
 *(.srodata.cst8)
 *(.srodata.cst4)
 *(.srodata.cst2)
 *(.srodata .srodata.*)
                0x00000000200002d8                . = ALIGN (0x4)
                0x00000000200002d8                PROVIDE (_edata = .)

.bss            0x00000000200002d8     0x18b4 load address 0x0000000000006744
                0x00000000200002d8                . = ALIGN (0x4)
                0x00000000200002d8                PROVIDE (_sbss = .)
 *(.sbss*)
 .sbss.NVIC_Priority_Group
                0x00000000200002d8        0x4 ./Peripheral/src/ch32v30x_misc.o
                0x00000000200002d8                NVIC_Priority_Group
 .sbss.p_ms     0x00000000200002dc        0x2 ./Debug/debug.o
 .sbss.p_us     0x00000000200002de        0x1 ./Debug/debug.o
 .sbss.MFRC522_flag
                0x00000000200002df        0x1 ./BSP/MFRC522.o
                0x00000000200002df                MFRC522_flag
 .sbss.time_count
                0x00000000200002e0        0x8 ./BSP/RTC.o
                0x00000000200002e0                time_count
 .sbss.as608_flag
                0x00000000200002e8        0x2 ./BSP/as608.o
                0x00000000200002e8                as608_flag
 *fill*         0x00000000200002ea        0x2 
 .sbss.Task_num
                0x00000000200002ec        0x4 ./BSP/schedule.o
                0x00000000200002ec                Task_num
 .sbss.system_time
                0x00000000200002f0        0x8 ./BSP/schedule.o
                0x00000000200002f0                system_time
 .sbss.TIM2_Tick
                0x00000000200002f8        0x4 ./BSP/tim.o
                0x00000000200002f8                TIM2_Tick
 .sbss.UART6_Revnum
                0x00000000200002fc        0x1 ./BSP/usart.o
                0x00000000200002fc                UART6_Revnum
 .sbss.USART2_Revnum
                0x00000000200002fd        0x1 ./BSP/usart.o
                0x00000000200002fd                USART2_Revnum
 .sbss.USART3_Revnum
                0x00000000200002fe        0x1 ./BSP/usart.o
                0x00000000200002fe                USART3_Revnum
 .sbss.USART4_Revnum
                0x00000000200002ff        0x1 ./BSP/usart.o
                0x00000000200002ff                USART4_Revnum
 .sbss.uart2_flag
                0x0000000020000300        0x1 ./BSP/usart.o
                0x0000000020000300                uart2_flag
 .sbss.uart3_flag
                0x0000000020000301        0x1 ./BSP/usart.o
                0x0000000020000301                uart3_flag
 .sbss.uart4_flag
                0x0000000020000302        0x1 ./BSP/usart.o
                0x0000000020000302                uart4_flag
 .sbss.uart6_flag
                0x0000000020000303        0x1 ./BSP/usart.o
                0x0000000020000303                uart6_flag
 .sbss.__malloc_free_list
                0x0000000020000304        0x4 a:/mounriver_studio/toolchain/risc-v embedded gcc/bin/../lib/gcc/riscv-none-embed/8.2.0/../../../../riscv-none-embed/lib/rv32imacxw/ilp32\libg_nano.a(lib_a-nano-mallocr.o)
                0x0000000020000304                __malloc_free_list
 .sbss.__malloc_sbrk_start
                0x0000000020000308        0x4 a:/mounriver_studio/toolchain/risc-v embedded gcc/bin/../lib/gcc/riscv-none-embed/8.2.0/../../../../riscv-none-embed/lib/rv32imacxw/ilp32\libg_nano.a(lib_a-nano-mallocr.o)
                0x0000000020000308                __malloc_sbrk_start
 .sbss.prev_tzenv
                0x000000002000030c        0x4 a:/mounriver_studio/toolchain/risc-v embedded gcc/bin/../lib/gcc/riscv-none-embed/8.2.0/../../../../riscv-none-embed/lib/rv32imacxw/ilp32\libg_nano.a(lib_a-tzset_r.o)
 .sbss._daylight
                0x0000000020000310        0x4 a:/mounriver_studio/toolchain/risc-v embedded gcc/bin/../lib/gcc/riscv-none-embed/8.2.0/../../../../riscv-none-embed/lib/rv32imacxw/ilp32\libg_nano.a(lib_a-tzvars.o)
                0x0000000020000310                _daylight
 .sbss._timezone
                0x0000000020000314        0x4 a:/mounriver_studio/toolchain/risc-v embedded gcc/bin/../lib/gcc/riscv-none-embed/8.2.0/../../../../riscv-none-embed/lib/rv32imacxw/ilp32\libg_nano.a(lib_a-tzvars.o)
                0x0000000020000314                _timezone
 .sbss.initial_env
                0x0000000020000318        0x4 a:/mounriver_studio/toolchain/risc-v embedded gcc/bin/../lib/gcc/riscv-none-embed/8.2.0/../../../../riscv-none-embed/lib/rv32imacxw/ilp32\libg_nano.a(lib_a-environ.o)
 *(.gnu.linkonce.sb.*)
 *(.bss*)
 .bss.card_arr  0x000000002000031c      0x5c0 ./BSP/MFRC522.o
                0x000000002000031c                card_arr
 .bss.rtc_time  0x00000000200008dc       0x24 ./BSP/RTC.o
                0x00000000200008dc                rtc_time
 .bss.DMA_InitStructure_UART6_RX
                0x0000000020000900       0x2c ./BSP/usart.o
                0x0000000020000900                DMA_InitStructure_UART6_RX
 .bss.DMA_InitStructure_UART6_TX
                0x000000002000092c       0x2c ./BSP/usart.o
                0x000000002000092c                DMA_InitStructure_UART6_TX
 .bss.DMA_InitStructure_USART2_RX
                0x0000000020000958       0x2c ./BSP/usart.o
                0x0000000020000958                DMA_InitStructure_USART2_RX
 .bss.DMA_InitStructure_USART2_TX
                0x0000000020000984       0x2c ./BSP/usart.o
                0x0000000020000984                DMA_InitStructure_USART2_TX
 .bss.DMA_InitStructure_USART3_RX
                0x00000000200009b0       0x2c ./BSP/usart.o
                0x00000000200009b0                DMA_InitStructure_USART3_RX
 .bss.DMA_InitStructure_USART3_TX
                0x00000000200009dc       0x2c ./BSP/usart.o
                0x00000000200009dc                DMA_InitStructure_USART3_TX
 .bss.DMA_InitStructure_USART4_RX
                0x0000000020000a08       0x2c ./BSP/usart.o
                0x0000000020000a08                DMA_InitStructure_USART4_RX
 .bss.DMA_InitStructure_USART4_TX
                0x0000000020000a34       0x2c ./BSP/usart.o
                0x0000000020000a34                DMA_InitStructure_USART4_TX
 .bss.uart2_ringbuffer
                0x0000000020000a60       0x14 ./BSP/usart.o
                0x0000000020000a60                uart2_ringbuffer
 .bss.uart2_rx_buffer
                0x0000000020000a74      0x200 ./BSP/usart.o
                0x0000000020000a74                uart2_rx_buffer
 .bss.uart2_tx_buffer
                0x0000000020000c74       0x80 ./BSP/usart.o
                0x0000000020000c74                uart2_tx_buffer
 .bss.uart3_ringbuffer
                0x0000000020000cf4       0x14 ./BSP/usart.o
                0x0000000020000cf4                uart3_ringbuffer
 .bss.uart3_rx_buffer
                0x0000000020000d08      0x100 ./BSP/usart.o
                0x0000000020000d08                uart3_rx_buffer
 .bss.uart3_tx_buffer
                0x0000000020000e08      0x100 ./BSP/usart.o
                0x0000000020000e08                uart3_tx_buffer
 .bss.uart4_ringbuffer
                0x0000000020000f08       0x14 ./BSP/usart.o
                0x0000000020000f08                uart4_ringbuffer
 .bss.uart4_rx_buffer
                0x0000000020000f1c      0x200 ./BSP/usart.o
                0x0000000020000f1c                uart4_rx_buffer
 .bss.uart4_tx_buffer
                0x000000002000111c      0x200 ./BSP/usart.o
                0x000000002000111c                uart4_tx_buffer
 .bss.uart6_rb  0x000000002000131c      0x400 ./BSP/usart.o
                0x000000002000131c                uart6_rb
 .bss.uart6_ringbuffer
                0x000000002000171c       0x14 ./BSP/usart.o
                0x000000002000171c                uart6_ringbuffer
 .bss.uart6_rx_buffer
                0x0000000020001730      0x400 ./BSP/usart.o
                0x0000000020001730                uart6_rx_buffer
 .bss.uart6_tx_buffer
                0x0000000020001b30       0x40 ./BSP/usart.o
                0x0000000020001b30                uart6_tx_buffer
 .bss.__tzname_dst
                0x0000000020001b70        0xb a:/mounriver_studio/toolchain/risc-v embedded gcc/bin/../lib/gcc/riscv-none-embed/8.2.0/../../../../riscv-none-embed/lib/rv32imacxw/ilp32\libg_nano.a(lib_a-tzset_r.o)
 *fill*         0x0000000020001b7b        0x1 
 .bss.__tzname_std
                0x0000000020001b7c        0xb a:/mounriver_studio/toolchain/risc-v embedded gcc/bin/../lib/gcc/riscv-none-embed/8.2.0/../../../../riscv-none-embed/lib/rv32imacxw/ilp32\libg_nano.a(lib_a-tzset_r.o)
 *(.gnu.linkonce.b.*)
 *(COMMON*)
 *fill*         0x0000000020001b87        0x1 
 COMMON         0x0000000020001b88        0x4 a:/mounriver_studio/toolchain/risc-v embedded gcc/bin/../lib/gcc/riscv-none-embed/8.2.0/../../../../riscv-none-embed/lib/rv32imacxw/ilp32\libg_nano.a(lib_a-reent.o)
                0x0000000020001b88                errno
                0x0000000020001b8c                . = ALIGN (0x4)
                0x0000000020001b8c                PROVIDE (_ebss = .)
                0x0000000020001b8c                PROVIDE (_end = _ebss)
                [!provide]                        PROVIDE (end = .)

.stack          0x0000000020007800      0x800
                0x0000000020007800                PROVIDE (_heap_end = .)
                0x0000000020007800                . = ALIGN (0x4)
                [!provide]                        PROVIDE (_susrstack = .)
                0x0000000020008000                . = (. + __stack_size)
 *fill*         0x0000000020007800      0x800 
                0x0000000020008000                PROVIDE (_eusrstack = .)
OUTPUT(test1.elf elf32-littleriscv)

.debug_info     0x0000000000000000    0x1b32a
 .debug_info    0x0000000000000000      0xbc0 ./User/ch32v30x_it.o
 .debug_info    0x0000000000000bc0      0xccd ./User/main.o
 .debug_info    0x000000000000188d      0xb4d ./User/system_ch32v30x.o
 .debug_info    0x00000000000023da       0x22 ./Startup/startup_ch32v30x_D8C.o
 .debug_info    0x00000000000023fc      0xa94 ./Peripheral/src/ch32v30x_dbgmcu.o
 .debug_info    0x0000000000002e90      0xd16 ./Peripheral/src/ch32v30x_dma.o
 .debug_info    0x0000000000003ba6     0x12aa ./Peripheral/src/ch32v30x_gpio.o
 .debug_info    0x0000000000004e50      0xf5b ./Peripheral/src/ch32v30x_misc.o
 .debug_info    0x0000000000005dab     0x101d ./Peripheral/src/ch32v30x_pwr.o
 .debug_info    0x0000000000006dc8     0x158a ./Peripheral/src/ch32v30x_rcc.o
 .debug_info    0x0000000000008352      0xdd4 ./Peripheral/src/ch32v30x_rtc.o
 .debug_info    0x0000000000009126     0x12cd ./Peripheral/src/ch32v30x_spi.o
 .debug_info    0x000000000000a3f3     0x2a3c ./Peripheral/src/ch32v30x_tim.o
 .debug_info    0x000000000000ce2f     0x13cd ./Peripheral/src/ch32v30x_usart.o
 .debug_info    0x000000000000e1fc      0xf4a ./Debug/debug.o
 .debug_info    0x000000000000f146     0x2240 ./BSP/MFRC522.o
 .debug_info    0x0000000000011386      0xec1 ./BSP/RTC.o
 .debug_info    0x0000000000012247     0x19b2 ./BSP/SD.o
 .debug_info    0x0000000000013bf9     0x1378 ./BSP/as608.o
 .debug_info    0x0000000000014f71      0xe52 ./BSP/parse.o
 .debug_info    0x0000000000015dc3      0xca3 ./BSP/ringbuffer.o
 .debug_info    0x0000000000016a66      0xbd4 ./BSP/schedule.o
 .debug_info    0x000000000001763a     0x1251 ./BSP/tim.o
 .debug_info    0x000000000001888b     0x2a9f ./BSP/usart.o

.debug_abbrev   0x0000000000000000     0x46c7
 .debug_abbrev  0x0000000000000000      0x22c ./User/ch32v30x_it.o
 .debug_abbrev  0x000000000000022c      0x22c ./User/main.o
 .debug_abbrev  0x0000000000000458      0x28b ./User/system_ch32v30x.o
 .debug_abbrev  0x00000000000006e3       0x12 ./Startup/startup_ch32v30x_D8C.o
 .debug_abbrev  0x00000000000006f5      0x2f7 ./Peripheral/src/ch32v30x_dbgmcu.o
 .debug_abbrev  0x00000000000009ec      0x2fd ./Peripheral/src/ch32v30x_dma.o
 .debug_abbrev  0x0000000000000ce9      0x31a ./Peripheral/src/ch32v30x_gpio.o
 .debug_abbrev  0x0000000000001003      0x2da ./Peripheral/src/ch32v30x_misc.o
 .debug_abbrev  0x00000000000012dd      0x3aa ./Peripheral/src/ch32v30x_pwr.o
 .debug_abbrev  0x0000000000001687      0x351 ./Peripheral/src/ch32v30x_rcc.o
 .debug_abbrev  0x00000000000019d8      0x30b ./Peripheral/src/ch32v30x_rtc.o
 .debug_abbrev  0x0000000000001ce3      0x312 ./Peripheral/src/ch32v30x_spi.o
 .debug_abbrev  0x0000000000001ff5      0x3ee ./Peripheral/src/ch32v30x_tim.o
 .debug_abbrev  0x00000000000023e3      0x312 ./Peripheral/src/ch32v30x_usart.o
 .debug_abbrev  0x00000000000026f5      0x2f5 ./Debug/debug.o
 .debug_abbrev  0x00000000000029ea      0x414 ./BSP/MFRC522.o
 .debug_abbrev  0x0000000000002dfe      0x359 ./BSP/RTC.o
 .debug_abbrev  0x0000000000003157      0x336 ./BSP/SD.o
 .debug_abbrev  0x000000000000348d      0x3d6 ./BSP/as608.o
 .debug_abbrev  0x0000000000003863      0x2ba ./BSP/parse.o
 .debug_abbrev  0x0000000000003b1d      0x2d4 ./BSP/ringbuffer.o
 .debug_abbrev  0x0000000000003df1      0x263 ./BSP/schedule.o
 .debug_abbrev  0x0000000000004054      0x2be ./BSP/tim.o
 .debug_abbrev  0x0000000000004312      0x3b5 ./BSP/usart.o

.debug_aranges  0x0000000000000000      0xd28
 .debug_aranges
                0x0000000000000000       0x28 ./User/ch32v30x_it.o
 .debug_aranges
                0x0000000000000028       0x20 ./User/main.o
 .debug_aranges
                0x0000000000000048       0x28 ./User/system_ch32v30x.o
 .debug_aranges
                0x0000000000000070       0x30 ./Startup/startup_ch32v30x_D8C.o
 .debug_aranges
                0x00000000000000a0       0x48 ./Peripheral/src/ch32v30x_dbgmcu.o
 .debug_aranges
                0x00000000000000e8       0x60 ./Peripheral/src/ch32v30x_dma.o
 .debug_aranges
                0x0000000000000148       0xb0 ./Peripheral/src/ch32v30x_gpio.o
 .debug_aranges
                0x00000000000001f8       0x28 ./Peripheral/src/ch32v30x_misc.o
 .debug_aranges
                0x0000000000000220       0x88 ./Peripheral/src/ch32v30x_pwr.o
 .debug_aranges
                0x00000000000002a8      0x1a8 ./Peripheral/src/ch32v30x_rcc.o
 .debug_aranges
                0x0000000000000450       0x80 ./Peripheral/src/ch32v30x_rtc.o
 .debug_aranges
                0x00000000000004d0       0xd0 ./Peripheral/src/ch32v30x_spi.o
 .debug_aranges
                0x00000000000005a0      0x2d0 ./Peripheral/src/ch32v30x_tim.o
 .debug_aranges
                0x0000000000000870       0xf0 ./Peripheral/src/ch32v30x_usart.o
 .debug_aranges
                0x0000000000000960       0x50 ./Debug/debug.o
 .debug_aranges
                0x00000000000009b0       0xc0 ./BSP/MFRC522.o
 .debug_aranges
                0x0000000000000a70       0x38 ./BSP/RTC.o
 .debug_aranges
                0x0000000000000aa8       0x58 ./BSP/SD.o
 .debug_aranges
                0x0000000000000b00       0x88 ./BSP/as608.o
 .debug_aranges
                0x0000000000000b88       0x40 ./BSP/parse.o
 .debug_aranges
                0x0000000000000bc8       0x40 ./BSP/ringbuffer.o
 .debug_aranges
                0x0000000000000c08       0x30 ./BSP/schedule.o
 .debug_aranges
                0x0000000000000c38       0x30 ./BSP/tim.o
 .debug_aranges
                0x0000000000000c68       0xc0 ./BSP/usart.o

.debug_ranges   0x0000000000000000      0xe88
 .debug_ranges  0x0000000000000000       0x18 ./User/ch32v30x_it.o
 .debug_ranges  0x0000000000000018       0x10 ./User/main.o
 .debug_ranges  0x0000000000000028       0x18 ./User/system_ch32v30x.o
 .debug_ranges  0x0000000000000040       0x28 ./Startup/startup_ch32v30x_D8C.o
 .debug_ranges  0x0000000000000068       0x50 ./Peripheral/src/ch32v30x_dbgmcu.o
 .debug_ranges  0x00000000000000b8       0x50 ./Peripheral/src/ch32v30x_dma.o
 .debug_ranges  0x0000000000000108       0xa0 ./Peripheral/src/ch32v30x_gpio.o
 .debug_ranges  0x00000000000001a8       0x30 ./Peripheral/src/ch32v30x_misc.o
 .debug_ranges  0x00000000000001d8       0xf8 ./Peripheral/src/ch32v30x_pwr.o
 .debug_ranges  0x00000000000002d0      0x198 ./Peripheral/src/ch32v30x_rcc.o
 .debug_ranges  0x0000000000000468       0x70 ./Peripheral/src/ch32v30x_rtc.o
 .debug_ranges  0x00000000000004d8       0xc0 ./Peripheral/src/ch32v30x_spi.o
 .debug_ranges  0x0000000000000598      0x2c0 ./Peripheral/src/ch32v30x_tim.o
 .debug_ranges  0x0000000000000858       0xe0 ./Peripheral/src/ch32v30x_usart.o
 .debug_ranges  0x0000000000000938       0x40 ./Debug/debug.o
 .debug_ranges  0x0000000000000978       0xd0 ./BSP/MFRC522.o
 .debug_ranges  0x0000000000000a48       0x28 ./BSP/RTC.o
 .debug_ranges  0x0000000000000a70       0x60 ./BSP/SD.o
 .debug_ranges  0x0000000000000ad0      0x1f8 ./BSP/as608.o
 .debug_ranges  0x0000000000000cc8       0x88 ./BSP/parse.o
 .debug_ranges  0x0000000000000d50       0x30 ./BSP/ringbuffer.o
 .debug_ranges  0x0000000000000d80       0x38 ./BSP/schedule.o
 .debug_ranges  0x0000000000000db8       0x20 ./BSP/tim.o
 .debug_ranges  0x0000000000000dd8       0xb0 ./BSP/usart.o

.debug_line     0x0000000000000000    0x11ab7
 .debug_line    0x0000000000000000      0x25c ./User/ch32v30x_it.o
 .debug_line    0x000000000000025c      0x3d3 ./User/main.o
 .debug_line    0x000000000000062f      0x772 ./User/system_ch32v30x.o
 .debug_line    0x0000000000000da1      0x122 ./Startup/startup_ch32v30x_D8C.o
 .debug_line    0x0000000000000ec3      0x337 ./Peripheral/src/ch32v30x_dbgmcu.o
 .debug_line    0x00000000000011fa      0x975 ./Peripheral/src/ch32v30x_dma.o
 .debug_line    0x0000000000001b6f     0x11fb ./Peripheral/src/ch32v30x_gpio.o
 .debug_line    0x0000000000002d6a      0x379 ./Peripheral/src/ch32v30x_misc.o
 .debug_line    0x00000000000030e3      0xa65 ./Peripheral/src/ch32v30x_pwr.o
 .debug_line    0x0000000000003b48     0x192d ./Peripheral/src/ch32v30x_rcc.o
 .debug_line    0x0000000000005475      0x949 ./Peripheral/src/ch32v30x_rtc.o
 .debug_line    0x0000000000005dbe      0xcd4 ./Peripheral/src/ch32v30x_spi.o
 .debug_line    0x0000000000006a92     0x307d ./Peripheral/src/ch32v30x_tim.o
 .debug_line    0x0000000000009b0f      0xe9a ./Peripheral/src/ch32v30x_usart.o
 .debug_line    0x000000000000a9a9      0x6e3 ./Debug/debug.o
 .debug_line    0x000000000000b08c     0x19b4 ./BSP/MFRC522.o
 .debug_line    0x000000000000ca40      0x60b ./BSP/RTC.o
 .debug_line    0x000000000000d04b      0xa9d ./BSP/SD.o
 .debug_line    0x000000000000dae8     0x109e ./BSP/as608.o
 .debug_line    0x000000000000eb86      0x51f ./BSP/parse.o
 .debug_line    0x000000000000f0a5      0x4ca ./BSP/ringbuffer.o
 .debug_line    0x000000000000f56f      0x349 ./BSP/schedule.o
 .debug_line    0x000000000000f8b8      0x448 ./BSP/tim.o
 .debug_line    0x000000000000fd00     0x1db7 ./BSP/usart.o

.debug_str      0x0000000000000000     0x3d82
 .debug_str     0x0000000000000000      0x5ec ./User/ch32v30x_it.o
                                        0x66d (size before relaxing)
 .debug_str     0x00000000000005ec      0x174 ./User/main.o
                                        0x752 (size before relaxing)
 .debug_str     0x0000000000000760       0xf1 ./User/system_ch32v30x.o
                                        0x6a0 (size before relaxing)
 .debug_str     0x0000000000000851       0x2e ./Startup/startup_ch32v30x_D8C.o
                                         0x52 (size before relaxing)
 .debug_str     0x000000000000087f       0xa6 ./Peripheral/src/ch32v30x_dbgmcu.o
                                        0x62e (size before relaxing)
 .debug_str     0x0000000000000925      0x209 ./Peripheral/src/ch32v30x_dma.o
                                        0x7db (size before relaxing)
 .debug_str     0x0000000000000b2e      0x3c5 ./Peripheral/src/ch32v30x_gpio.o
                                        0x998 (size before relaxing)
 .debug_str     0x0000000000000ef3      0x63c ./Peripheral/src/ch32v30x_misc.o
                                        0xca1 (size before relaxing)
 .debug_str     0x000000000000152f      0x1af ./Peripheral/src/ch32v30x_pwr.o
                                        0x83f (size before relaxing)
 .debug_str     0x00000000000016de      0x5c4 ./Peripheral/src/ch32v30x_rcc.o
                                        0xcc7 (size before relaxing)
 .debug_str     0x0000000000001ca2      0x1c2 ./Peripheral/src/ch32v30x_rtc.o
                                        0x7ee (size before relaxing)
 .debug_str     0x0000000000001e64      0x366 ./Peripheral/src/ch32v30x_spi.o
                                        0xa77 (size before relaxing)
 .debug_str     0x00000000000021ca      0xb96 ./Peripheral/src/ch32v30x_tim.o
                                       0x126e (size before relaxing)
 .debug_str     0x0000000000002d60      0x3e2 ./Peripheral/src/ch32v30x_usart.o
                                        0xae2 (size before relaxing)
 .debug_str     0x0000000000003142       0x9a ./Debug/debug.o
                                        0x909 (size before relaxing)
 .debug_str     0x00000000000031dc      0x273 ./BSP/MFRC522.o
                                        0xc43 (size before relaxing)
 .debug_str     0x000000000000344f       0x77 ./BSP/RTC.o
                                        0x7f1 (size before relaxing)
 .debug_str     0x00000000000034c6      0x12c ./BSP/SD.o
                                       0x1229 (size before relaxing)
 .debug_str     0x00000000000035f2      0x194 ./BSP/as608.o
                                        0x85d (size before relaxing)
 .debug_str     0x0000000000003786      0x149 ./BSP/parse.o
                                        0x7b3 (size before relaxing)
 .debug_str     0x00000000000038cf       0x6c ./BSP/ringbuffer.o
                                        0x6f4 (size before relaxing)
 .debug_str     0x000000000000393b       0x61 ./BSP/schedule.o
                                        0x6f2 (size before relaxing)
 .debug_str     0x000000000000399c       0x4f ./BSP/tim.o
                                        0xeeb (size before relaxing)
 .debug_str     0x00000000000039eb      0x397 ./BSP/usart.o
                                       0x1583 (size before relaxing)

.comment        0x0000000000000000       0x33
 .comment       0x0000000000000000       0x33 ./User/ch32v30x_it.o
                                         0x34 (size before relaxing)
 .comment       0x0000000000000033       0x34 ./User/main.o
 .comment       0x0000000000000033       0x34 ./User/system_ch32v30x.o
 .comment       0x0000000000000033       0x34 ./Peripheral/src/ch32v30x_dbgmcu.o
 .comment       0x0000000000000033       0x34 ./Peripheral/src/ch32v30x_dma.o
 .comment       0x0000000000000033       0x34 ./Peripheral/src/ch32v30x_gpio.o
 .comment       0x0000000000000033       0x34 ./Peripheral/src/ch32v30x_misc.o
 .comment       0x0000000000000033       0x34 ./Peripheral/src/ch32v30x_pwr.o
 .comment       0x0000000000000033       0x34 ./Peripheral/src/ch32v30x_rcc.o
 .comment       0x0000000000000033       0x34 ./Peripheral/src/ch32v30x_rtc.o
 .comment       0x0000000000000033       0x34 ./Peripheral/src/ch32v30x_spi.o
 .comment       0x0000000000000033       0x34 ./Peripheral/src/ch32v30x_tim.o
 .comment       0x0000000000000033       0x34 ./Peripheral/src/ch32v30x_usart.o
 .comment       0x0000000000000033       0x34 ./Debug/debug.o
 .comment       0x0000000000000033       0x34 ./BSP/MFRC522.o
 .comment       0x0000000000000033       0x34 ./BSP/RTC.o
 .comment       0x0000000000000033       0x34 ./BSP/SD.o
 .comment       0x0000000000000033       0x34 ./BSP/as608.o
 .comment       0x0000000000000033       0x34 ./BSP/parse.o
 .comment       0x0000000000000033       0x34 ./BSP/ringbuffer.o
 .comment       0x0000000000000033       0x34 ./BSP/schedule.o
 .comment       0x0000000000000033       0x34 ./BSP/tim.o
 .comment       0x0000000000000033       0x34 ./BSP/usart.o

.debug_frame    0x0000000000000000     0x3120
 .debug_frame   0x0000000000000000       0x30 ./User/ch32v30x_it.o
 .debug_frame   0x0000000000000030       0x28 ./User/main.o
 .debug_frame   0x0000000000000058       0x30 ./User/system_ch32v30x.o
 .debug_frame   0x0000000000000088       0x70 ./Peripheral/src/ch32v30x_dbgmcu.o
 .debug_frame   0x00000000000000f8       0xd8 ./Peripheral/src/ch32v30x_dma.o
 .debug_frame   0x00000000000001d0      0x174 ./Peripheral/src/ch32v30x_gpio.o
 .debug_frame   0x0000000000000344       0x30 ./Peripheral/src/ch32v30x_misc.o
 .debug_frame   0x0000000000000374       0xfc ./Peripheral/src/ch32v30x_pwr.o
 .debug_frame   0x0000000000000470      0x344 ./Peripheral/src/ch32v30x_rcc.o
 .debug_frame   0x00000000000007b4      0x12c ./Peripheral/src/ch32v30x_rtc.o
 .debug_frame   0x00000000000008e0      0x1a8 ./Peripheral/src/ch32v30x_spi.o
 .debug_frame   0x0000000000000a88      0x614 ./Peripheral/src/ch32v30x_tim.o
 .debug_frame   0x000000000000109c      0x1e4 ./Peripheral/src/ch32v30x_usart.o
 .debug_frame   0x0000000000001280       0xb8 ./Debug/debug.o
 .debug_frame   0x0000000000001338      0x30c ./BSP/MFRC522.o
 .debug_frame   0x0000000000001644       0x9c ./BSP/RTC.o
 .debug_frame   0x00000000000016e0      0x118 ./BSP/SD.o
 .debug_frame   0x00000000000017f8      0x1b8 ./BSP/as608.o
 .debug_frame   0x00000000000019b0       0xb8 ./BSP/parse.o
 .debug_frame   0x0000000000001a68       0x74 ./BSP/ringbuffer.o
 .debug_frame   0x0000000000001adc       0x58 ./BSP/schedule.o
 .debug_frame   0x0000000000001b34       0x50 ./BSP/tim.o
 .debug_frame   0x0000000000001b84      0x320 ./BSP/usart.o
 .debug_frame   0x0000000000001ea4       0x34 a:/mounriver_studio/toolchain/risc-v embedded gcc/bin/../lib/gcc/riscv-none-embed/8.2.0/../../../../riscv-none-embed/lib/rv32imacxw/ilp32\libg_nano.a(lib_a-gmtime.o)
 .debug_frame   0x0000000000001ed8       0x44 a:/mounriver_studio/toolchain/risc-v embedded gcc/bin/../lib/gcc/riscv-none-embed/8.2.0/../../../../riscv-none-embed/lib/rv32imacxw/ilp32\libg_nano.a(lib_a-gmtime_r.o)